stm32l4xx_hal.c:225:13:HAL_MspInit	0	static
stm32l4xx_hal.c:236:13:HAL_MspDeInit	0	static
stm32l4xx_hal.c:196:19:HAL_DeInit	8	static
stm32l4xx_hal.c:259:26:HAL_InitTick	8	static
stm32l4xx_hal.c:159:19:HAL_Init	8	static
stm32l4xx_hal.c:304:13:HAL_IncTick	0	static
stm32l4xx_hal.c:315:17:HAL_GetTick	0	static
stm32l4xx_hal.c:331:13:HAL_Delay	16	static
stm32l4xx_hal.c:357:13:HAL_SuspendTick	0	static
stm32l4xx_hal.c:373:13:HAL_ResumeTick	0	static
stm32l4xx_hal.c:383:10:HAL_GetHalVersion	0	static
stm32l4xx_hal.c:392:10:HAL_GetREVID	0	static
stm32l4xx_hal.c:401:10:HAL_GetDEVID	0	static
stm32l4xx_hal.c:410:10:HAL_GetUIDw0	0	static
stm32l4xx_hal.c:419:10:HAL_GetUIDw1	0	static
stm32l4xx_hal.c:428:10:HAL_GetUIDw2	0	static
stm32l4xx_hal.c:457:6:HAL_DBGMCU_EnableDBGSleepMode	0	static
stm32l4xx_hal.c:466:6:HAL_DBGMCU_DisableDBGSleepMode	0	static
stm32l4xx_hal.c:475:6:HAL_DBGMCU_EnableDBGStopMode	0	static
stm32l4xx_hal.c:484:6:HAL_DBGMCU_DisableDBGStopMode	0	static
stm32l4xx_hal.c:493:6:HAL_DBGMCU_EnableDBGStandbyMode	0	static
stm32l4xx_hal.c:502:6:HAL_DBGMCU_DisableDBGStandbyMode	0	static
stm32l4xx_hal.c:535:6:HAL_SYSCFG_SRAM2Erase	0	static
stm32l4xx_hal.c:554:6:HAL_SYSCFG_EnableMemorySwappingBank	0	static
stm32l4xx_hal.c:569:6:HAL_SYSCFG_DisableMemorySwappingBank	0	static
stm32l4xx_hal.c:663:6:HAL_SYSCFG_EnableIOAnalogSwitchBooster	0	static
stm32l4xx_hal.c:673:6:HAL_SYSCFG_DisableIOAnalogSwitchBooster	0	static
