stm32l4xx_hal_rcc_ex.c:2511:26:RCCEx_PLLSAI1_Config	24	static
stm32l4xx_hal_rcc_ex.c:188:19:HAL_RCCEx_PeriphCLKConfig	40	static
stm32l4xx_hal_rcc_ex.c:685:6:HAL_RCCEx_GetPeriphCLKConfig	8	static
stm32l4xx_hal_rcc_ex.c:922:10:HAL_RCCEx_GetPeriphCLKFreq	12	static
stm32l4xx_hal_rcc_ex.c:1710:19:HAL_RCCEx_EnablePLLSAI1	24	static
stm32l4xx_hal_rcc_ex.c:1772:19:HAL_RCCEx_DisablePLLSAI1	16	static
stm32l4xx_hal_rcc_ex.c:1927:6:HAL_RCCEx_WakeUpStopCLKConfig	0	static
stm32l4xx_hal_rcc_ex.c:1945:6:HAL_RCCEx_StandbyMSIRangeConfig	0	static
stm32l4xx_hal_rcc_ex.c:1959:6:HAL_RCCEx_EnableLSECSS	0	static
stm32l4xx_hal_rcc_ex.c:1969:6:HAL_RCCEx_DisableLSECSS	0	static
stm32l4xx_hal_rcc_ex.c:1982:6:HAL_RCCEx_EnableLSECSS_IT	0	static
stm32l4xx_hal_rcc_ex.c:2016:13:HAL_RCCEx_LSECSS_Callback	0	static
stm32l4xx_hal_rcc_ex.c:1999:6:HAL_RCCEx_LSECSS_IRQHandler	8	static
stm32l4xx_hal_rcc_ex.c:2031:6:HAL_RCCEx_EnableLSCO	48	static
stm32l4xx_hal_rcc_ex.c:2078:6:HAL_RCCEx_DisableLSCO	24	static
stm32l4xx_hal_rcc_ex.c:2116:6:HAL_RCCEx_EnableMSIPLLMode	0	static
stm32l4xx_hal_rcc_ex.c:2126:6:HAL_RCCEx_DisableMSIPLLMode	0	static
stm32l4xx_hal_rcc_ex.c:2206:6:HAL_RCCEx_CRSConfig	0	static
stm32l4xx_hal_rcc_ex.c:2248:6:HAL_RCCEx_CRSSoftwareSynchronizationGenerate	0	static
stm32l4xx_hal_rcc_ex.c:2258:6:HAL_RCCEx_CRSGetSynchronizationInfo	8	static
stm32l4xx_hal_rcc_ex.c:2291:10:HAL_RCCEx_CRSWaitSynchronization	24	static
stm32l4xx_hal_rcc_ex.c:2439:13:HAL_RCCEx_CRS_SyncOkCallback	0	static
stm32l4xx_hal_rcc_ex.c:2450:13:HAL_RCCEx_CRS_SyncWarnCallback	0	static
stm32l4xx_hal_rcc_ex.c:2461:13:HAL_RCCEx_CRS_ExpectedSyncCallback	0	static
stm32l4xx_hal_rcc_ex.c:2477:13:HAL_RCCEx_CRS_ErrorCallback	0	static
stm32l4xx_hal_rcc_ex.c:2374:6:HAL_RCCEx_CRS_IRQHandler	8	static
