stm32l4xx_hal_spi.c:3488:26:SPI_WaitFifoStateUntilTimeout.part.1	0	static
stm32l4xx_hal_spi.c:3436:26:SPI_WaitFlagStateUntilTimeout.constprop	16	static
stm32l4xx_hal_spi.c:3488:26:SPI_WaitFifoStateUntilTimeout.constprop	32	static
stm32l4xx_hal_spi.c:3751:13:SPI_AbortRx_ISR	16	static
stm32l4xx_hal_spi.c:3583:26:SPI_EndRxTxTransaction	16	static
stm32l4xx_hal_spi.c:3795:13:SPI_AbortTx_ISR	16	static
stm32l4xx_hal_spi.c:3547:26:SPI_EndRxTransaction	24	static
stm32l4xx_hal_spi.c:433:13:HAL_SPI_MspInit	0	static
stm32l4xx_hal_spi.c:274:19:HAL_SPI_Init	16	static
stm32l4xx_hal_spi.c:449:13:HAL_SPI_MspDeInit	0	static
stm32l4xx_hal_spi.c:399:19:HAL_SPI_DeInit	8	static
stm32l4xx_hal_spi.c:505:19:HAL_SPI_Transmit	32	static
stm32l4xx_hal_spi.c:917:19:HAL_SPI_TransmitReceive	32	static
stm32l4xx_hal_spi.c:685:19:HAL_SPI_Receive	32	static
stm32l4xx_hal_spi.c:1208:19:HAL_SPI_Transmit_IT	0	static
stm32l4xx_hal_spi.c:1398:19:HAL_SPI_TransmitReceive_IT	12	static
stm32l4xx_hal_spi.c:1292:19:HAL_SPI_Receive_IT	12	static
stm32l4xx_hal_spi.c:1506:19:HAL_SPI_Transmit_DMA	8	static
stm32l4xx_hal_spi.c:1754:19:HAL_SPI_TransmitReceive_DMA	16	static
stm32l4xx_hal_spi.c:1620:19:HAL_SPI_Receive_DMA	16	static
stm32l4xx_hal_spi.c:1927:19:HAL_SPI_Abort	24	static
stm32l4xx_hal_spi.c:2271:19:HAL_SPI_DMAPause	0	static
stm32l4xx_hal_spi.c:2291:19:HAL_SPI_DMAResume	0	static
stm32l4xx_hal_spi.c:2311:19:HAL_SPI_DMAStop	8	static
stm32l4xx_hal_spi.c:2438:13:HAL_SPI_TxCpltCallback	0	static
stm32l4xx_hal_spi.c:2454:13:HAL_SPI_RxCpltCallback	0	static
stm32l4xx_hal_spi.c:2470:13:HAL_SPI_TxRxCpltCallback	0	static
stm32l4xx_hal_spi.c:2486:13:HAL_SPI_TxHalfCpltCallback	0	static
stm32l4xx_hal_spi.c:2847:13:SPI_DMAHalfTransmitCplt	8	static
stm32l4xx_hal_spi.c:2502:13:HAL_SPI_RxHalfCpltCallback	0	static
stm32l4xx_hal_spi.c:2860:13:SPI_DMAHalfReceiveCplt	8	static
stm32l4xx_hal_spi.c:2518:13:HAL_SPI_TxRxHalfCpltCallback	0	static
stm32l4xx_hal_spi.c:2873:13:SPI_DMAHalfTransmitReceiveCplt	8	static
stm32l4xx_hal_spi.c:2534:13:HAL_SPI_ErrorCallback	0	static
stm32l4xx_hal_spi.c:3712:13:SPI_CloseTx_ISR	16	static
stm32l4xx_hal_spi.c:3382:13:SPI_TxISR_8BIT	4	static
stm32l4xx_hal_spi.c:3406:13:SPI_TxISR_16BIT	4	static
stm32l4xx_hal_spi.c:3670:13:SPI_CloseRx_ISR	8	static
stm32l4xx_hal_spi.c:3293:13:SPI_RxISR_8BIT	0	static
stm32l4xx_hal_spi.c:3349:13:SPI_RxISR_16BIT	0	static
stm32l4xx_hal_spi.c:3613:13:SPI_CloseRxTx_ISR	8	static
stm32l4xx_hal_spi.c:3126:13:SPI_2linesTxISR_8BIT	0	static
stm32l4xx_hal_spi.c:3044:13:SPI_2linesRxISR_8BIT	0	static
stm32l4xx_hal_spi.c:3230:13:SPI_2linesTxISR_16BIT	4	static
stm32l4xx_hal_spi.c:3172:13:SPI_2linesRxISR_16BIT	4	static
stm32l4xx_hal_spi.c:2886:13:SPI_DMAError	8	static
stm32l4xx_hal_spi.c:2624:13:SPI_DMATransmitCplt	24	static
stm32l4xx_hal_spi.c:2671:13:SPI_DMAReceiveCplt	16	static
stm32l4xx_hal_spi.c:2762:13:SPI_DMATransmitReceiveCplt	16	static
stm32l4xx_hal_spi.c:2342:6:HAL_SPI_IRQHandler	32	static
stm32l4xx_hal_spi.c:2904:13:SPI_DMAAbortOnError	8	static
stm32l4xx_hal_spi.c:2552:13:HAL_SPI_AbortCpltCallback	0	static
stm32l4xx_hal_spi.c:2081:19:HAL_SPI_Abort_IT	32	static
stm32l4xx_hal_spi.c:2983:13:SPI_DMARxAbortCallback	16	static
stm32l4xx_hal_spi.c:2921:13:SPI_DMATxAbortCallback	16	static
stm32l4xx_hal_spi.c:2587:22:HAL_SPI_GetState	0	static
stm32l4xx_hal_spi.c:2599:10:HAL_SPI_GetError	0	static
