Archive member included to satisfy reference by file (symbol)

c:/program files/atollic/truestudio for arm 7.1.2/armtools/bin/../lib/gcc/arm-atollic-eabi/5.3.1/../../../../arm-atollic-eabi/lib/armv7e-m/fpu\libc_nano.a(lib_a-init.o)
                              startup\startup_stm32l432xx.o (__libc_init_array)
c:/program files/atollic/truestudio for arm 7.1.2/armtools/bin/../lib/gcc/arm-atollic-eabi/5.3.1/../../../../arm-atollic-eabi/lib/armv7e-m/fpu\libc_nano.a(lib_a-malloc.o)
                              Src\ST7735.o (malloc)
c:/program files/atollic/truestudio for arm 7.1.2/armtools/bin/../lib/gcc/arm-atollic-eabi/5.3.1/../../../../arm-atollic-eabi/lib/armv7e-m/fpu\libc_nano.a(lib_a-memset.o)
                              Src\ST7735.o (memset)
c:/program files/atollic/truestudio for arm 7.1.2/armtools/bin/../lib/gcc/arm-atollic-eabi/5.3.1/../../../../arm-atollic-eabi/lib/armv7e-m/fpu\libc_nano.a(lib_a-nano-freer.o)
                              c:/program files/atollic/truestudio for arm 7.1.2/armtools/bin/../lib/gcc/arm-atollic-eabi/5.3.1/../../../../arm-atollic-eabi/lib/armv7e-m/fpu\libc_nano.a(lib_a-malloc.o) (_free_r)
c:/program files/atollic/truestudio for arm 7.1.2/armtools/bin/../lib/gcc/arm-atollic-eabi/5.3.1/../../../../arm-atollic-eabi/lib/armv7e-m/fpu\libc_nano.a(lib_a-nano-mallocr.o)
                              c:/program files/atollic/truestudio for arm 7.1.2/armtools/bin/../lib/gcc/arm-atollic-eabi/5.3.1/../../../../arm-atollic-eabi/lib/armv7e-m/fpu\libc_nano.a(lib_a-malloc.o) (_malloc_r)
c:/program files/atollic/truestudio for arm 7.1.2/armtools/bin/../lib/gcc/arm-atollic-eabi/5.3.1/../../../../arm-atollic-eabi/lib/armv7e-m/fpu\libc_nano.a(lib_a-puts.o)
                              Src\main.o (puts)
c:/program files/atollic/truestudio for arm 7.1.2/armtools/bin/../lib/gcc/arm-atollic-eabi/5.3.1/../../../../arm-atollic-eabi/lib/armv7e-m/fpu\libc_nano.a(lib_a-reent.o)
                              Src\syscalls.o (errno)
c:/program files/atollic/truestudio for arm 7.1.2/armtools/bin/../lib/gcc/arm-atollic-eabi/5.3.1/../../../../arm-atollic-eabi/lib/armv7e-m/fpu\libc_nano.a(lib_a-sbrkr.o)
                              c:/program files/atollic/truestudio for arm 7.1.2/armtools/bin/../lib/gcc/arm-atollic-eabi/5.3.1/../../../../arm-atollic-eabi/lib/armv7e-m/fpu\libc_nano.a(lib_a-nano-mallocr.o) (_sbrk_r)
c:/program files/atollic/truestudio for arm 7.1.2/armtools/bin/../lib/gcc/arm-atollic-eabi/5.3.1/../../../../arm-atollic-eabi/lib/armv7e-m/fpu\libc_nano.a(lib_a-scanf.o)
                              Src\main.o (scanf)
c:/program files/atollic/truestudio for arm 7.1.2/armtools/bin/../lib/gcc/arm-atollic-eabi/5.3.1/../../../../arm-atollic-eabi/lib/armv7e-m/fpu\libc_nano.a(lib_a-strlen.o)
                              Src\ST7735.o (strlen)
c:/program files/atollic/truestudio for arm 7.1.2/armtools/bin/../lib/gcc/arm-atollic-eabi/5.3.1/../../../../arm-atollic-eabi/lib/armv7e-m/fpu\libc_nano.a(lib_a-wbuf.o)
                              c:/program files/atollic/truestudio for arm 7.1.2/armtools/bin/../lib/gcc/arm-atollic-eabi/5.3.1/../../../../arm-atollic-eabi/lib/armv7e-m/fpu\libc_nano.a(lib_a-puts.o) (__swbuf_r)
c:/program files/atollic/truestudio for arm 7.1.2/armtools/bin/../lib/gcc/arm-atollic-eabi/5.3.1/../../../../arm-atollic-eabi/lib/armv7e-m/fpu\libc_nano.a(lib_a-wsetup.o)
                              c:/program files/atollic/truestudio for arm 7.1.2/armtools/bin/../lib/gcc/arm-atollic-eabi/5.3.1/../../../../arm-atollic-eabi/lib/armv7e-m/fpu\libc_nano.a(lib_a-puts.o) (__swsetup_r)
c:/program files/atollic/truestudio for arm 7.1.2/armtools/bin/../lib/gcc/arm-atollic-eabi/5.3.1/../../../../arm-atollic-eabi/lib/armv7e-m/fpu\libc_nano.a(lib_a-fflush.o)
                              c:/program files/atollic/truestudio for arm 7.1.2/armtools/bin/../lib/gcc/arm-atollic-eabi/5.3.1/../../../../arm-atollic-eabi/lib/armv7e-m/fpu\libc_nano.a(lib_a-wbuf.o) (_fflush_r)
c:/program files/atollic/truestudio for arm 7.1.2/armtools/bin/../lib/gcc/arm-atollic-eabi/5.3.1/../../../../arm-atollic-eabi/lib/armv7e-m/fpu\libc_nano.a(lib_a-findfp.o)
                              c:/program files/atollic/truestudio for arm 7.1.2/armtools/bin/../lib/gcc/arm-atollic-eabi/5.3.1/../../../../arm-atollic-eabi/lib/armv7e-m/fpu\libc_nano.a(lib_a-puts.o) (__sinit)
c:/program files/atollic/truestudio for arm 7.1.2/armtools/bin/../lib/gcc/arm-atollic-eabi/5.3.1/../../../../arm-atollic-eabi/lib/armv7e-m/fpu\libc_nano.a(lib_a-fwalk.o)
                              c:/program files/atollic/truestudio for arm 7.1.2/armtools/bin/../lib/gcc/arm-atollic-eabi/5.3.1/../../../../arm-atollic-eabi/lib/armv7e-m/fpu\libc_nano.a(lib_a-findfp.o) (_fwalk)
c:/program files/atollic/truestudio for arm 7.1.2/armtools/bin/../lib/gcc/arm-atollic-eabi/5.3.1/../../../../arm-atollic-eabi/lib/armv7e-m/fpu\libc_nano.a(lib_a-impure.o)
[...]
Memory Configuration

Name             Origin             Length             Attributes
RAM              0x20000000         0x00010000         xrw
FLASH            0x08000000         0x00040000         xr
*default*        0x00000000         0xffffffff

Linker script and memory map

LOAD c:/program files/atollic/truestudio for arm 7.1.2/armtools/bin/../lib/gcc/arm-atollic-eabi/5.3.1/armv7e-m/fpu/crti.o
LOAD c:/program files/atollic/truestudio for arm 7.1.2/armtools/bin/../lib/gcc/arm-atollic-eabi/5.3.1/armv7e-m/fpu/crtbegin.o
LOAD Drivers\STM32L4xx_HAL_Driver\Src\stm32l4xx_hal.o
LOAD Drivers\STM32L4xx_HAL_Driver\Src\stm32l4xx_hal_cortex.o
LOAD Drivers\STM32L4xx_HAL_Driver\Src\stm32l4xx_hal_dma.o
LOAD Drivers\STM32L4xx_HAL_Driver\Src\stm32l4xx_hal_flash.o
LOAD Drivers\STM32L4xx_HAL_Driver\Src\stm32l4xx_hal_flash_ex.o
LOAD Drivers\STM32L4xx_HAL_Driver\Src\stm32l4xx_hal_flash_ramfunc.o
LOAD Drivers\STM32L4xx_HAL_Driver\Src\stm32l4xx_hal_gpio.o
LOAD Drivers\STM32L4xx_HAL_Driver\Src\stm32l4xx_hal_i2c.o
LOAD Drivers\STM32L4xx_HAL_Driver\Src\stm32l4xx_hal_i2c_ex.o
LOAD Drivers\STM32L4xx_HAL_Driver\Src\stm32l4xx_hal_pwr.o
LOAD Drivers\STM32L4xx_HAL_Driver\Src\stm32l4xx_hal_pwr_ex.o
LOAD Drivers\STM32L4xx_HAL_Driver\Src\stm32l4xx_hal_rcc.o
LOAD Drivers\STM32L4xx_HAL_Driver\Src\stm32l4xx_hal_rcc_ex.o
LOAD Drivers\STM32L4xx_HAL_Driver\Src\stm32l4xx_hal_spi.o
LOAD Drivers\STM32L4xx_HAL_Driver\Src\stm32l4xx_hal_spi_ex.o
LOAD Drivers\STM32L4xx_HAL_Driver\Src\stm32l4xx_hal_tim.o
LOAD Drivers\STM32L4xx_HAL_Driver\Src\stm32l4xx_hal_tim_ex.o
LOAD Drivers\STM32L4xx_HAL_Driver\Src\stm32l4xx_hal_uart.o
LOAD Drivers\STM32L4xx_HAL_Driver\Src\stm32l4xx_hal_uart_ex.o
LOAD Src\DefaultFonts.o
LOAD Src\ST7735.o
LOAD Src\hw_config.o
LOAD Src\main.o
LOAD Src\rtttl.o
LOAD Src\stm32l4xx_hal_msp.o
LOAD Src\stm32l4xx_it.o
LOAD Src\syscalls.o
LOAD Src\system_stm32l4xx.o
LOAD startup\startup_stm32l432xx.o
START GROUP
LOAD c:/program files/atollic/truestudio for arm 7.1.2/armtools/bin/../lib/gcc/arm-atollic-eabi/5.3.1/../../../../arm-atollic-eabi/lib/armv7e-m/fpu\libc_nano.a
LOAD c:/program files/atollic/truestudio for arm 7.1.2/armtools/bin/../lib/gcc/arm-atollic-eabi/5.3.1/../../../../arm-atollic-eabi/lib/armv7e-m/fpu\libm.a
END GROUP
                0x00000080                malloc_getpagesize_P = 0x80
START GROUP
LOAD c:/program files/atollic/truestudio for arm 7.1.2/armtools/bin/../lib/gcc/arm-atollic-eabi/5.3.1/armv7e-m/fpu\libgcc.a
LOAD c:/program files/atollic/truestudio for arm 7.1.2/armtools/bin/../lib/gcc/arm-atollic-eabi/5.3.1/../../../../arm-atollic-eabi/lib/armv7e-m/fpu\libc_nano.a
END GROUP
START GROUP
LOAD c:/program files/atollic/truestudio for arm 7.1.2/armtools/bin/../lib/gcc/arm-atollic-eabi/5.3.1/armv7e-m/fpu\libgcc.a
LOAD c:/program files/atollic/truestudio for arm 7.1.2/armtools/bin/../lib/gcc/arm-atollic-eabi/5.3.1/../../../../arm-atollic-eabi/lib/armv7e-m/fpu\libc_nano.a
LOAD c:/program files/atollic/truestudio for arm 7.1.2/armtools/bin/../lib/gcc/arm-atollic-eabi/5.3.1/../../../../arm-atollic-eabi/lib/armv7e-m/fpu\libnosys.a
END GROUP
START GROUP
LOAD c:/program files/atollic/truestudio for arm 7.1.2/armtools/bin/../lib/gcc/arm-atollic-eabi/5.3.1/armv7e-m/fpu\libgcc.a
LOAD c:/program files/atollic/truestudio for arm 7.1.2/armtools/bin/../lib/gcc/arm-atollic-eabi/5.3.1/../../../../arm-atollic-eabi/lib/armv7e-m/fpu\libc_nano.a
LOAD c:/program files/atollic/truestudio for arm 7.1.2/armtools/bin/../lib/gcc/arm-atollic-eabi/5.3.1/../../../../arm-atollic-eabi/lib/armv7e-m/fpu\libnosys.a
END GROUP
LOAD c:/program files/atollic/truestudio for arm 7.1.2/armtools/bin/../lib/gcc/arm-atollic-eabi/5.3.1/armv7e-m/fpu/crtend.o
LOAD c:/program files/atollic/truestudio for arm 7.1.2/armtools/bin/../lib/gcc/arm-atollic-eabi/5.3.1/armv7e-m/fpu/crtn.o
                0x20010000                _estack = 0x20010000
                0x00000200                _Min_Heap_Size = 0x200
                0x00000400                _Min_Stack_Size = 0x400

.isr_vector     0x08000000      0x18c
                0x08000000                . = ALIGN (0x4)
 *(.isr_vector)
 .isr_vector    0x08000000      0x18c startup\startup_stm32l432xx.o
                0x08000000                g_pfnVectors
                0x0800018c                . = ALIGN (0x4)

.text           0x08000190     0x6180
                0x08000190                . = ALIGN (0x4)
 *(.text)
 .text          0x08000190       0x40 c:/program files/atollic/truestudio for arm 7.1.2/armtools/bin/../lib/gcc/arm-atollic-eabi/5.3.1/armv7e-m/fpu/crtbegin.o
 .text          0x080001d0       0x10 c:/program files/atollic/truestudio for arm 7.1.2/armtools/bin/../lib/gcc/arm-atollic-eabi/5.3.1/../../../../arm-atollic-eabi/lib/armv7e-m/fpu\libc_nano.a(lib_a-strlen.o)
                0x080001d0                strlen
 .text          0x080001e0       0xa0 c:/program files/atollic/truestudio for arm 7.1.2/armtools/bin/../lib/gcc/arm-atollic-eabi/5.3.1/../../../../arm-atollic-eabi/lib/armv7e-m/fpu\libc_nano.a(lib_a-memchr.o)
                0x080001e0                memchr
 .text          0x08000280      0x370 c:/program files/atollic/truestudio for arm 7.1.2/armtools/bin/../lib/gcc/arm-atollic-eabi/5.3.1/armv7e-m/fpu\libgcc.a(_arm_addsubdf3.o)
                0x08000280                __aeabi_drsub
                0x08000288                __aeabi_dsub
                0x08000288                __subdf3
                0x0800028c                __aeabi_dadd
                0x0800028c                __adddf3
                0x08000504                __floatunsidf
                0x08000504                __aeabi_ui2d
                0x08000524                __floatsidf
                0x08000524                __aeabi_i2d
                0x08000548                __aeabi_f2d
                0x08000548                __extendsfdf2
                0x08000584                __floatundidf
                0x08000584                __aeabi_ul2d
                0x08000594                __floatdidf
                0x08000594                __aeabi_l2d
 .text          0x080005f0      0x424 c:/program files/atollic/truestudio for arm 7.1.2/armtools/bin/../lib/gcc/arm-atollic-eabi/5.3.1/armv7e-m/fpu\libgcc.a(_arm_muldivdf3.o)
                0x080005f0                __aeabi_dmul
                0x080005f0                __muldf3
                0x08000844                __divdf3
                0x08000844                __aeabi_ddiv
 .text          0x08000a14      0x110 c:/program files/atollic/truestudio for arm 7.1.2/armtools/bin/../lib/gcc/arm-atollic-eabi/5.3.1/armv7e-m/fpu\libgcc.a(_arm_cmpdf2.o)
                0x08000a14                __gtdf2
                0x08000a14                __gedf2
                0x08000a1c                __ltdf2
                0x08000a1c                __ledf2
                0x08000a24                __nedf2
                0x08000a24                __eqdf2
                0x08000a24                __cmpdf2
                0x08000aa0                __aeabi_cdrcmple
                0x08000ab0                __aeabi_cdcmpeq
                0x08000ab0                __aeabi_cdcmple
                0x08000ac0                __aeabi_dcmpeq
                0x08000ad4                __aeabi_dcmplt
                0x08000ae8                __aeabi_dcmple
                0x08000afc                __aeabi_dcmpge
                0x08000b10                __aeabi_dcmpgt
 .text          0x08000b24       0x50 c:/program files/atollic/truestudio for arm 7.1.2/armtools/bin/../lib/gcc/arm-atollic-eabi/5.3.1/armv7e-m/fpu\libgcc.a(_arm_fixdfsi.o)
                0x08000b24                __aeabi_d2iz
                0x08000b24                __fixdfsi
 .text          0x08000b74       0x30 c:/program files/atollic/truestudio for arm 7.1.2/armtools/bin/../lib/gcc/arm-atollic-eabi/5.3.1/armv7e-m/fpu\libgcc.a(_aeabi_uldivmod.o)
                0x08000b74                __aeabi_uldivmod
 .text          0x08000ba4      0x2e4 c:/program files/atollic/truestudio for arm 7.1.2/armtools/bin/../lib/gcc/arm-atollic-eabi/5.3.1/armv7e-m/fpu\libgcc.a(_udivmoddi4.o)
                0x08000ba4                __udivmoddi4
 .text          0x08000e88        0x4 c:/program files/atollic/truestudio for arm 7.1.2/armtools/bin/../lib/gcc/arm-atollic-eabi/5.3.1/armv7e-m/fpu\libgcc.a(_dvmd_tls.o)
                0x08000e88                __aeabi_idiv0
                0x08000e88                __aeabi_ldiv0
 *(.text*)
 .text.HAL_InitTick
                0x08000e8c       0x28 Drivers\STM32L4xx_HAL_Driver\Src\stm32l4xx_hal.o
                0x08000e8c                HAL_InitTick
 .text.HAL_Init
                0x08000eb4       0x16 Drivers\STM32L4xx_HAL_Driver\Src\stm32l4xx_hal.o
                0x08000eb4                HAL_Init
 *fill*         0x08000eca        0x2 
 .text.HAL_IncTick
                0x08000ecc       0x10 Drivers\STM32L4xx_HAL_Driver\Src\stm32l4xx_hal.o
                0x08000ecc                HAL_IncTick
 .text.HAL_GetTick
                0x08000edc        0xc Drivers\STM32L4xx_HAL_Driver\Src\stm32l4xx_hal.o
                0x08000edc                HAL_GetTick
 .text.HAL_Delay
                0x08000ee8       0x1c Drivers\STM32L4xx_HAL_Driver\Src\stm32l4xx_hal.o
                0x08000ee8                HAL_Delay
 .text.HAL_NVIC_SetPriorityGrouping
                0x08000f04       0x24 Drivers\STM32L4xx_HAL_Driver\Src\stm32l4xx_hal_cortex.o
                0x08000f04                HAL_NVIC_SetPriorityGrouping
 .text.HAL_NVIC_SetPriority
                0x08000f28       0x68 Drivers\STM32L4xx_HAL_Driver\Src\stm32l4xx_hal_cortex.o
                0x08000f28                HAL_NVIC_SetPriority
 .text.HAL_SYSTICK_Config
                0x08000f90       0x2c Drivers\STM32L4xx_HAL_Driver\Src\stm32l4xx_hal_cortex.o
                0x08000f90                HAL_SYSTICK_Config
 .text.HAL_SYSTICK_CLKSourceConfig
                0x08000fbc       0x18 Drivers\STM32L4xx_HAL_Driver\Src\stm32l4xx_hal_cortex.o
                0x08000fbc                HAL_SYSTICK_CLKSourceConfig
 .text.HAL_SYSTICK_Callback
                0x08000fd4        0x2 Drivers\STM32L4xx_HAL_Driver\Src\stm32l4xx_hal_cortex.o
                0x08000fd4                HAL_SYSTICK_Callback
 .text.HAL_SYSTICK_IRQHandler
                0x08000fd6        0x8 Drivers\STM32L4xx_HAL_Driver\Src\stm32l4xx_hal_cortex.o
                0x08000fd6                HAL_SYSTICK_IRQHandler
 *fill*         0x08000fde        0x2 
 .text.HAL_GPIO_Init
                0x08000fe0      0x178 Drivers\STM32L4xx_HAL_Driver\Src\stm32l4xx_hal_gpio.o
                0x08000fe0                HAL_GPIO_Init
 .text.HAL_GPIO_WritePin
                0x08001158        0xa Drivers\STM32L4xx_HAL_Driver\Src\stm32l4xx_hal_gpio.o
                0x08001158                HAL_GPIO_WritePin
 *fill*         0x08001162        0x2 
 .text.HAL_PWREx_GetVoltageRange
                0x08001164       0x10 Drivers\STM32L4xx_HAL_Driver\Src\stm32l4xx_hal_pwr_ex.o
                0x08001164                HAL_PWREx_GetVoltageRange
 .text.HAL_PWREx_ControlVoltageScaling
                0x08001174       0x6c Drivers\STM32L4xx_HAL_Driver\Src\stm32l4xx_hal_pwr_ex.o
                0x08001174                HAL_PWREx_ControlVoltageScaling
 .text.RCC_SetFlashLatencyFromMSIRange
                0x080011e0       0x84 Drivers\STM32L4xx_HAL_Driver\Src\stm32l4xx_hal_rcc.o
 .text.HAL_RCC_GetSysClockFreq
                0x08001264      0x13c Drivers\STM32L4xx_HAL_Driver\Src\stm32l4xx_hal_rcc.o
                0x08001264                HAL_RCC_GetSysClockFreq
 .text.HAL_RCC_OscConfig
                0x080013a0      0x4e4 Drivers\STM32L4xx_HAL_Driver\Src\stm32l4xx_hal_rcc.o
                0x080013a0                HAL_RCC_OscConfig
 .text.HAL_RCC_ClockConfig
                0x08001884      0x170 Drivers\STM32L4xx_HAL_Driver\Src\stm32l4xx_hal_rcc.o
                0x08001884                HAL_RCC_ClockConfig
 .text.HAL_RCC_GetHCLKFreq
                0x080019f4        0xc Drivers\STM32L4xx_HAL_Driver\Src\stm32l4xx_hal_rcc.o
                0x080019f4                HAL_RCC_GetHCLKFreq
 .text.HAL_RCC_GetPCLK1Freq
                0x08001a00       0x30 Drivers\STM32L4xx_HAL_Driver\Src\stm32l4xx_hal_rcc.o
                0x08001a00                HAL_RCC_GetPCLK1Freq
 .text.HAL_RCC_GetPCLK2Freq
                0x08001a30       0x30 Drivers\STM32L4xx_HAL_Driver\Src\stm32l4xx_hal_rcc.o
                0x08001a30                HAL_RCC_GetPCLK2Freq
 .text.RCCEx_PLLSAI1_Config
                0x08001a60      0x170 Drivers\STM32L4xx_HAL_Driver\Src\stm32l4xx_hal_rcc_ex.o
 .text.HAL_RCCEx_PeriphCLKConfig
                0x08001bd0      0x284 Drivers\STM32L4xx_HAL_Driver\Src\stm32l4xx_hal_rcc_ex.o
                0x08001bd0                HAL_RCCEx_PeriphCLKConfig
 .text.SPI_WaitFifoStateUntilTimeout.part.1
                0x08001e54       0x50 Drivers\STM32L4xx_HAL_Driver\Src\stm32l4xx_hal_spi.o
 .text.SPI_WaitFlagStateUntilTimeout.constprop.10
                0x08001ea4       0x32 Drivers\STM32L4xx_HAL_Driver\Src\stm32l4xx_hal_spi.o
 .text.SPI_WaitFifoStateUntilTimeout.constprop.11
                0x08001ed6       0x42 Drivers\STM32L4xx_HAL_Driver\Src\stm32l4xx_hal_spi.o
 .text.SPI_EndRxTxTransaction
                0x08001f18       0x3e Drivers\STM32L4xx_HAL_Driver\Src\stm32l4xx_hal_spi.o
 .text.HAL_SPI_Init
                0x08001f56       0xa4 Drivers\STM32L4xx_HAL_Driver\Src\stm32l4xx_hal_spi.o
                0x08001f56                HAL_SPI_Init
 .text.HAL_SPI_Transmit
                0x08001ffa      0x180 Drivers\STM32L4xx_HAL_Driver\Src\stm32l4xx_hal_spi.o
                0x08001ffa                HAL_SPI_Transmit
 *fill*         0x0800217a        0x2 
 .text.TIM_OC1_SetConfig
                0x0800217c       0x78 Drivers\STM32L4xx_HAL_Driver\Src\stm32l4xx_hal_tim.o
 .text.TIM_OC3_SetConfig
                0x080021f4       0x70 Drivers\STM32L4xx_HAL_Driver\Src\stm32l4xx_hal_tim.o
 .text.TIM_OC4_SetConfig
                0x08002264       0x58 Drivers\STM32L4xx_HAL_Driver\Src\stm32l4xx_hal_tim.o
 .text.TIM_OC5_SetConfig
                0x080022bc       0x58 Drivers\STM32L4xx_HAL_Driver\Src\stm32l4xx_hal_tim.o
 .text.TIM_OC6_SetConfig
                0x08002314       0x58 Drivers\STM32L4xx_HAL_Driver\Src\stm32l4xx_hal_tim.o
 .text.TIM_Base_SetConfig
                0x0800236c       0x6c Drivers\STM32L4xx_HAL_Driver\Src\stm32l4xx_hal_tim.o
                0x0800236c                TIM_Base_SetConfig
 .text.HAL_TIM_PWM_Init
                0x080023d8       0x34 Drivers\STM32L4xx_HAL_Driver\Src\stm32l4xx_hal_tim.o
                0x080023d8                HAL_TIM_PWM_Init
 .text.TIM_OC2_SetConfig
                0x0800240c       0x74 Drivers\STM32L4xx_HAL_Driver\Src\stm32l4xx_hal_tim.o
                0x0800240c                TIM_OC2_SetConfig
 .text.HAL_TIM_PWM_ConfigChannel
                0x08002480      0x10c Drivers\STM32L4xx_HAL_Driver\Src\stm32l4xx_hal_tim.o
                0x08002480                HAL_TIM_PWM_ConfigChannel
 .text.TIM_CCxChannelCmd
                0x0800258c       0x1a Drivers\STM32L4xx_HAL_Driver\Src\stm32l4xx_hal_tim.o
                0x0800258c                TIM_CCxChannelCmd
 *fill*         0x080025a6        0x2 
 .text.HAL_TIM_PWM_Start
                0x080025a8       0x3c Drivers\STM32L4xx_HAL_Driver\Src\stm32l4xx_hal_tim.o
                0x080025a8                HAL_TIM_PWM_Start
 .text.TIM_CCxNChannelCmd
                0x080025e4       0x1a Drivers\STM32L4xx_HAL_Driver\Src\stm32l4xx_hal_tim_ex.o
 .text.HAL_TIMEx_PWMN_Start
                0x080025fe       0x22 Drivers\STM32L4xx_HAL_Driver\Src\stm32l4xx_hal_tim_ex.o
                0x080025fe                HAL_TIMEx_PWMN_Start
 .text.HAL_TIMEx_OnePulseN_Stop
                0x08002620       0x4a Drivers\STM32L4xx_HAL_Driver\Src\stm32l4xx_hal_tim_ex.o
                0x08002620                HAL_TIMEx_OnePulseN_Stop
 .text.HAL_TIMEx_PWMN_Stop
                0x0800266a        0x4 Drivers\STM32L4xx_HAL_Driver\Src\stm32l4xx_hal_tim_ex.o
                0x0800266a                HAL_TIMEx_PWMN_Stop
 *fill*         0x0800266e        0x2 
 .text.HAL_TIMEx_MasterConfigSynchronization
                0x08002670       0x44 Drivers\STM32L4xx_HAL_Driver\Src\stm32l4xx_hal_tim_ex.o
                0x08002670                HAL_TIMEx_MasterConfigSynchronization
 .text.HAL_TIMEx_ConfigBreakDeadTime
                0x080026b4       0x7c Drivers\STM32L4xx_HAL_Driver\Src\stm32l4xx_hal_tim_ex.o
                0x080026b4                HAL_TIMEx_ConfigBreakDeadTime
 .text.UART_SetConfig
                0x08002730      0x234 Drivers\STM32L4xx_HAL_Driver\Src\stm32l4xx_hal_uart.o
                0x08002730                UART_SetConfig
 .text.UART_AdvFeatureConfig
                0x08002964       0xa8 Drivers\STM32L4xx_HAL_Driver\Src\stm32l4xx_hal_uart.o
                0x08002964                UART_AdvFeatureConfig
 .text.UART_WaitOnFlagUntilTimeout
                0x08002a0c       0x62 Drivers\STM32L4xx_HAL_Driver\Src\stm32l4xx_hal_uart.o
                0x08002a0c                UART_WaitOnFlagUntilTimeout
 .text.HAL_UART_Transmit
                0x08002a6e       0xb4 Drivers\STM32L4xx_HAL_Driver\Src\stm32l4xx_hal_uart.o
                0x08002a6e                HAL_UART_Transmit
 .text.HAL_UART_Receive
                0x08002b22       0xdc Drivers\STM32L4xx_HAL_Driver\Src\stm32l4xx_hal_uart.o
                0x08002b22                HAL_UART_Receive
 .text.UART_CheckIdleState
                0x08002bfe       0x68 Drivers\STM32L4xx_HAL_Driver\Src\stm32l4xx_hal_uart.o
                0x08002bfe                UART_CheckIdleState
 .text.HAL_UART_Init
                0x08002c66       0x64 Drivers\STM32L4xx_HAL_Driver\Src\stm32l4xx_hal_uart.o
                0x08002c66                HAL_UART_Init
 .text.commandList
                0x08002cca       0x5a Src\ST7735.o
 .text.commonInit
                0x08002d24       0x38 Src\ST7735.o
 .text.lcd7735_initR
                0x08002d5c       0x60 Src\ST7735.o
                0x08002d5c                lcd7735_initR
 .text.lcd7735_setAddrWindow
                0x08002dbc       0x70 Src\ST7735.o
                0x08002dbc                lcd7735_setAddrWindow
 .text.lcd7735_pushColor
                0x08002e2c       0x20 Src\ST7735.o
                0x08002e2c                lcd7735_pushColor
 .text.lcd7735_fillRect
                0x08002e4c       0x88 Src\ST7735.o
                0x08002e4c                lcd7735_fillRect
 .text.lcd7735_setFont
                0x08002ed4       0x1c Src\ST7735.o
                0x08002ed4                lcd7735_setFont
 .text.printChar
                0x08002ef0      0x154 Src\ST7735.o
                0x08002ef0                printChar
 *fill*         0x08003044        0x4 
 .text.rotateChar
                0x08003048      0x1a0 Src\ST7735.o
                0x08003048                rotateChar
 .text.lcd7735_print
                0x080031e8       0x8c Src\ST7735.o
                0x080031e8                lcd7735_print
 .text.lcd7735_fillScreen
                0x08003274       0x28 Src\ST7735.o
                0x08003274                lcd7735_fillScreen
 .text.lcd7735_setForeground
                0x0800329c        0xc Src\ST7735.o
                0x0800329c                lcd7735_setForeground
 .text.lcd7735_setTransparent
                0x080032a8        0xc Src\ST7735.o
                0x080032a8                lcd7735_setTransparent
 .text.lcd7735_senddata
                0x080032b4       0x1c Src\hw_config.o
                0x080032b4                lcd7735_senddata
 .text.lcd7735_sendCmd
                0x080032d0       0x10 Src\hw_config.o
                0x080032d0                lcd7735_sendCmd
 .text.lcd7735_sendData
                0x080032e0       0x10 Src\hw_config.o
                0x080032e0                lcd7735_sendData
 .text.setSoundFrequency
                0x080032f0       0x34 Src\main.o
                0x080032f0                setSoundFrequency
 .text.startLEDPWMs
                0x08003324       0x24 Src\main.o
                0x08003324                startLEDPWMs
 .text.isPasswordOk
                0x08003348       0x34 Src\main.o
                0x08003348                isPasswordOk
 .text.SystemClock_Config
                0x0800337c       0x8c Src\main.o
                0x0800337c                SystemClock_Config
 .text.startup.main
                0x08003408      0x390 Src\main.o
                0x08003408                main
 .text.playSound
                0x08003798       0x1a Src\rtttl.o
                0x08003798                playSound
 *fill*         0x080037b2        0x2 
 .text.playRTTTLSong
                0x080037b4      0x264 Src\rtttl.o
                0x080037b4                playRTTTLSong
 .text.HAL_MspInit
                0x08003a18       0x8c Src\stm32l4xx_hal_msp.o
                0x08003a18                HAL_MspInit
 .text.HAL_SPI_MspInit
                0x08003aa4       0x4c Src\stm32l4xx_hal_msp.o
                0x08003aa4                HAL_SPI_MspInit
 .text.HAL_TIM_PWM_MspInit
                0x08003af0       0x48 Src\stm32l4xx_hal_msp.o
                0x08003af0                HAL_TIM_PWM_MspInit
 .text.HAL_TIM_MspPostInit
                0x08003b38       0x3c Src\stm32l4xx_hal_msp.o
                0x08003b38                HAL_TIM_MspPostInit
 .text.HAL_UART_MspInit
                0x08003b74       0x60 Src\stm32l4xx_hal_msp.o
                0x08003b74                HAL_UART_MspInit
 .text.SysTick_Handler
                0x08003bd4        0xe Src\stm32l4xx_it.o
                0x08003bd4                SysTick_Handler
 *fill*         0x08003be2        0x2 
 .text._write   0x08003be4       0x18 Src\syscalls.o
                0x08003be4                _write
 .text._sbrk    0x08003bfc       0x1c Src\syscalls.o
                0x08003bfc                _sbrk
 .text._close   0x08003c18       0x10 Src\syscalls.o
                0x08003c18                _close
 .text._fstat   0x08003c28       0x10 Src\syscalls.o
                0x08003c28                _fstat
 .text._isatty  0x08003c38       0x10 Src\syscalls.o
                0x08003c38                _isatty
 .text._lseek   0x08003c48       0x10 Src\syscalls.o
                0x08003c48                _lseek
 .text._read    0x08003c58       0x18 Src\syscalls.o
                0x08003c58                _read
 .text.SystemInit
                0x08003c70       0x48 Src\system_stm32l4xx.o
                0x08003c70                SystemInit
 .text.Reset_Handler
                0x08003cb8       0x50 startup\startup_stm32l432xx.o
                0x08003cb8                Reset_Handler
 .text.Default_Handler
                0x08003d08        0x2 startup\startup_stm32l432xx.o
                0x08003d08                RTC_Alarm_IRQHandler
                0x08003d08                EXTI2_IRQHandler
                0x08003d08                DebugMon_Handler
                0x08003d08                TIM1_CC_IRQHandler
                0x08003d08                TSC_IRQHandler
                0x08003d08                HardFault_Handler
                0x08003d08                TAMP_STAMP_IRQHandler
                0x08003d08                PendSV_Handler
                0x08003d08                NMI_Handler
                0x08003d08                EXTI3_IRQHandler
                0x08003d08                LPTIM2_IRQHandler
                0x08003d08                I2C3_ER_IRQHandler
                0x08003d08                EXTI0_IRQHandler
                0x08003d08                CAN1_RX0_IRQHandler
                0x08003d08                FPU_IRQHandler
                0x08003d08                TIM1_UP_TIM16_IRQHandler
                0x08003d08                UsageFault_Handler
                0x08003d08                SPI1_IRQHandler
                0x08003d08                TIM6_DAC_IRQHandler
                0x08003d08                DMA2_Channel2_IRQHandler
                0x08003d08                DMA1_Channel4_IRQHandler
                0x08003d08                ADC1_IRQHandler
                0x08003d08                DMA1_Channel7_IRQHandler
                0x08003d08                CAN1_RX1_IRQHandler
                0x08003d08                DMA2_Channel1_IRQHandler
                0x08003d08                QUADSPI_IRQHandler
                0x08003d08                I2C1_EV_IRQHandler
                0x08003d08                DMA1_Channel6_IRQHandler
                0x08003d08                DMA2_Channel4_IRQHandler
                0x08003d08                RCC_IRQHandler
                0x08003d08                TIM1_TRG_COM_IRQHandler
                0x08003d08                DMA1_Channel1_IRQHandler
                0x08003d08                Default_Handler
                0x08003d08                DMA2_Channel7_IRQHandler
                0x08003d08                EXTI15_10_IRQHandler
                0x08003d08                TIM7_IRQHandler
                0x08003d08                I2C3_EV_IRQHandler
                0x08003d08                USB_IRQHandler
                0x08003d08                EXTI9_5_IRQHandler
                0x08003d08                RTC_WKUP_IRQHandler
                0x08003d08                PVD_PVM_IRQHandler
                0x08003d08                MemManage_Handler
                0x08003d08                CAN1_TX_IRQHandler
                0x08003d08                SVC_Handler
                0x08003d08                DMA2_Channel5_IRQHandler
                0x08003d08                CRS_IRQHandler
                0x08003d08                DMA1_Channel5_IRQHandler
                0x08003d08                EXTI4_IRQHandler
                0x08003d08                RNG_IRQHandler
                0x08003d08                DMA1_Channel3_IRQHandler
                0x08003d08                COMP_IRQHandler
                0x08003d08                WWDG_IRQHandler
                0x08003d08                LPUART1_IRQHandler
                0x08003d08                DMA2_Channel6_IRQHandler
                0x08003d08                TIM2_IRQHandler
                0x08003d08                EXTI1_IRQHandler
                0x08003d08                USART2_IRQHandler
                0x08003d08                DMA1_Channel2_IRQHandler
                0x08003d08                CAN1_SCE_IRQHandler
                0x08003d08                FLASH_IRQHandler
                0x08003d08                BusFault_Handler
                0x08003d08                USART1_IRQHandler
                0x08003d08                SPI3_IRQHandler
                0x08003d08                I2C1_ER_IRQHandler
                0x08003d08                SWPMI1_IRQHandler
                0x08003d08                LPTIM1_IRQHandler
                0x08003d08                SAI1_IRQHandler
                0x08003d08                DMA2_Channel3_IRQHandler
                0x08003d08                TIM1_BRK_TIM15_IRQHandler
 *fill*         0x08003d0a        0x2 
 .text.__libc_init_array
                0x08003d0c       0x4c c:/program files/atollic/truestudio for arm 7.1.2/armtools/bin/../lib/gcc/arm-atollic-eabi/5.3.1/../../../../arm-atollic-eabi/lib/armv7e-m/fpu\libc_nano.a(lib_a-init.o)
                0x08003d0c                __libc_init_array
 .text.memset   0x08003d58       0x10 c:/program files/atollic/truestudio for arm 7.1.2/armtools/bin/../lib/gcc/arm-atollic-eabi/5.3.1/../../../../arm-atollic-eabi/lib/armv7e-m/fpu\libc_nano.a(lib_a-memset.o)
                0x08003d58                memset
 .text._free_r  0x08003d68       0x9c c:/program files/atollic/truestudio for arm 7.1.2/armtools/bin/../lib/gcc/arm-atollic-eabi/5.3.1/../../../../arm-atollic-eabi/lib/armv7e-m/fpu\libc_nano.a(lib_a-nano-freer.o)
                0x08003d68                _free_r
 .text._malloc_r
                0x08003e04       0xbc c:/program files/atollic/truestudio for arm 7.1.2/armtools/bin/../lib/gcc/arm-atollic-eabi/5.3.1/../../../../arm-atollic-eabi/lib/armv7e-m/fpu\libc_nano.a(lib_a-nano-mallocr.o)
                0x08003e04                _malloc_r
 .text._puts_r  0x08003ec0       0xb4 c:/program files/atollic/truestudio for arm 7.1.2/armtools/bin/../lib/gcc/arm-atollic-eabi/5.3.1/../../../../arm-atollic-eabi/lib/armv7e-m/fpu\libc_nano.a(lib_a-puts.o)
                0x08003ec0                _puts_r
 .text.puts     0x08003f74       0x10 c:/program files/atollic/truestudio for arm 7.1.2/armtools/bin/../lib/gcc/arm-atollic-eabi/5.3.1/../../../../arm-atollic-eabi/lib/armv7e-m/fpu\libc_nano.a(lib_a-puts.o)
                0x08003f74                puts
 .text._sbrk_r  0x08003f84       0x20 c:/program files/atollic/truestudio for arm 7.1.2/armtools/bin/../lib/gcc/arm-atollic-eabi/5.3.1/../../../../arm-atollic-eabi/lib/armv7e-m/fpu\libc_nano.a(lib_a-sbrkr.o)
                0x08003f84                _sbrk_r
 .text.scanf    0x08003fa4       0x30 c:/program files/atollic/truestudio for arm 7.1.2/armtools/bin/../lib/gcc/arm-atollic-eabi/5.3.1/../../../../arm-atollic-eabi/lib/armv7e-m/fpu\libc_nano.a(lib_a-scanf.o)
                0x08003fa4                scanf
                0x08003fa4                iscanf
 .text.__swbuf_r
                0x08003fd4       0xa8 c:/program files/atollic/truestudio for arm 7.1.2/armtools/bin/../lib/gcc/arm-atollic-eabi/5.3.1/../../../../arm-atollic-eabi/lib/armv7e-m/fpu\libc_nano.a(lib_a-wbuf.o)
                0x08003fd4                __swbuf_r
 .text.__swsetup_r
                0x0800407c       0xdc c:/program files/atollic/truestudio for arm 7.1.2/armtools/bin/../lib/gcc/arm-atollic-eabi/5.3.1/../../../../arm-atollic-eabi/lib/armv7e-m/fpu\libc_nano.a(lib_a-wsetup.o)
                0x0800407c                __swsetup_r
 .text.__sflush_r
                0x08004158      0x110 c:/program files/atollic/truestudio for arm 7.1.2/armtools/bin/../lib/gcc/arm-atollic-eabi/5.3.1/../../../../arm-atollic-eabi/lib/armv7e-m/fpu\libc_nano.a(lib_a-fflush.o)
                0x08004158                __sflush_r
 .text._fflush_r
                0x08004268       0x54 c:/program files/atollic/truestudio for arm 7.1.2/armtools/bin/../lib/gcc/arm-atollic-eabi/5.3.1/../../../../arm-atollic-eabi/lib/armv7e-m/fpu\libc_nano.a(lib_a-fflush.o)
                0x08004268                _fflush_r
 .text.fflush   0x080042bc       0x24 c:/program files/atollic/truestudio for arm 7.1.2/armtools/bin/../lib/gcc/arm-atollic-eabi/5.3.1/../../../../arm-atollic-eabi/lib/armv7e-m/fpu\libc_nano.a(lib_a-fflush.o)
                0x080042bc                fflush
 .text._cleanup_r
                0x080042e0        0xc c:/program files/atollic/truestudio for arm 7.1.2/armtools/bin/../lib/gcc/arm-atollic-eabi/5.3.1/../../../../arm-atollic-eabi/lib/armv7e-m/fpu\libc_nano.a(lib_a-findfp.o)
                0x080042e0                _cleanup_r
 .text.std.isra.0
                0x080042ec       0x48 c:/program files/atollic/truestudio for arm 7.1.2/armtools/bin/../lib/gcc/arm-atollic-eabi/5.3.1/../../../../arm-atollic-eabi/lib/armv7e-m/fpu\libc_nano.a(lib_a-findfp.o)
 .text.__sfmoreglue
                0x08004334       0x2c c:/program files/atollic/truestudio for arm 7.1.2/armtools/bin/../lib/gcc/arm-atollic-eabi/5.3.1/../../../../arm-atollic-eabi/lib/armv7e-m/fpu\libc_nano.a(lib_a-findfp.o)
                0x08004334                __sfmoreglue
 .text.__sinit  0x08004360       0x60 c:/program files/atollic/truestudio for arm 7.1.2/armtools/bin/../lib/gcc/arm-atollic-eabi/5.3.1/../../../../arm-atollic-eabi/lib/armv7e-m/fpu\libc_nano.a(lib_a-findfp.o)
                0x08004360                __sinit
 .text.__sfp    0x080043c0       0x78 c:/program files/atollic/truestudio for arm 7.1.2/armtools/bin/../lib/gcc/arm-atollic-eabi/5.3.1/../../../../arm-atollic-eabi/lib/armv7e-m/fpu\libc_nano.a(lib_a-findfp.o)
                0x080043c0                __sfp
 .text._fwalk   0x08004438       0x38 c:/program files/atollic/truestudio for arm 7.1.2/armtools/bin/../lib/gcc/arm-atollic-eabi/5.3.1/../../../../arm-atollic-eabi/lib/armv7e-m/fpu\libc_nano.a(lib_a-fwalk.o)
                0x08004438                _fwalk
 .text._fwalk_reent
                0x08004470       0x3c c:/program files/atollic/truestudio for arm 7.1.2/armtools/bin/../lib/gcc/arm-atollic-eabi/5.3.1/../../../../arm-atollic-eabi/lib/armv7e-m/fpu\libc_nano.a(lib_a-fwalk.o)
                0x08004470                _fwalk_reent
 .text.__swhatbuf_r
                0x080044ac       0x46 c:/program files/atollic/truestudio for arm 7.1.2/armtools/bin/../lib/gcc/arm-atollic-eabi/5.3.1/../../../../arm-atollic-eabi/lib/armv7e-m/fpu\libc_nano.a(lib_a-makebuf.o)
                0x080044ac                __swhatbuf_r
 *fill*         0x080044f2        0x2 
 .text.__smakebuf_r
                0x080044f4       0x78 c:/program files/atollic/truestudio for arm 7.1.2/armtools/bin/../lib/gcc/arm-atollic-eabi/5.3.1/../../../../arm-atollic-eabi/lib/armv7e-m/fpu\libc_nano.a(lib_a-makebuf.o)
                0x080044f4                __smakebuf_r
 .text.__malloc_lock
                0x0800456c        0x2 c:/program files/atollic/truestudio for arm 7.1.2/armtools/bin/../lib/gcc/arm-atollic-eabi/5.3.1/../../../../arm-atollic-eabi/lib/armv7e-m/fpu\libc_nano.a(lib_a-mlock.o)
                0x0800456c                __malloc_lock
 .text.__malloc_unlock
                0x0800456e        0x2 c:/program files/atollic/truestudio for arm 7.1.2/armtools/bin/../lib/gcc/arm-atollic-eabi/5.3.1/../../../../arm-atollic-eabi/lib/armv7e-m/fpu\libc_nano.a(lib_a-mlock.o)
                0x0800456e                __malloc_unlock
 .text.__svfscanf_r
                0x08004570      0x2a8 c:/program files/atollic/truestudio for arm 7.1.2/armtools/bin/../lib/gcc/arm-atollic-eabi/5.3.1/../../../../arm-atollic-eabi/lib/armv7e-m/fpu\libc_nano.a(lib_a-nano-vfscanf.o)
                0x08004570                __svfscanf_r
                0x08004570                __svfiscanf_r
 .text._vfscanf_r
                0x08004818       0x50 c:/program files/atollic/truestudio for arm 7.1.2/armtools/bin/../lib/gcc/arm-atollic-eabi/5.3.1/../../../../arm-atollic-eabi/lib/armv7e-m/fpu\libc_nano.a(lib_a-nano-vfscanf.o)
                0x08004818                _vfscanf_r
                0x08004818                _vfiscanf_r
 .text._scanf_chars
                0x08004868       0xc8 c:/program files/atollic/truestudio for arm 7.1.2/armtools/bin/../lib/gcc/arm-atollic-eabi/5.3.1/../../../../arm-atollic-eabi/lib/armv7e-m/fpu\libc_nano.a(lib_a-nano-vfscanf_i.o)
                0x08004868                _scanf_chars
 .text._scanf_i
                0x08004930      0x1e4 c:/program files/atollic/truestudio for arm 7.1.2/armtools/bin/../lib/gcc/arm-atollic-eabi/5.3.1/../../../../arm-atollic-eabi/lib/armv7e-m/fpu\libc_nano.a(lib_a-nano-vfscanf_i.o)
                0x08004930                _scanf_i
 .text.lflush   0x08004b14       0x12 c:/program files/atollic/truestudio for arm 7.1.2/armtools/bin/../lib/gcc/arm-atollic-eabi/5.3.1/../../../../arm-atollic-eabi/lib/armv7e-m/fpu\libc_nano.a(lib_a-refill.o)
 *fill*         0x08004b26        0x2 
 .text.__srefill_r
                0x08004b28      0x110 c:/program files/atollic/truestudio for arm 7.1.2/armtools/bin/../lib/gcc/arm-atollic-eabi/5.3.1/../../../../arm-atollic-eabi/lib/armv7e-m/fpu\libc_nano.a(lib_a-refill.o)
                0x08004b28                __srefill_r
 .text.__sccl   0x08004c38       0x62 c:/program files/atollic/truestudio for arm 7.1.2/armtools/bin/../lib/gcc/arm-atollic-eabi/5.3.1/../../../../arm-atollic-eabi/lib/armv7e-m/fpu\libc_nano.a(lib_a-sccl.o)
                0x08004c38                __sccl
 .text.__sread  0x08004c9a       0x22 c:/program files/atollic/truestudio for arm 7.1.2/armtools/bin/../lib/gcc/arm-atollic-eabi/5.3.1/../../../../arm-atollic-eabi/lib/armv7e-m/fpu\libc_nano.a(lib_a-stdio.o)
                0x08004c9a                __sread
 .text.__swrite
                0x08004cbc       0x38 c:/program files/atollic/truestudio for arm 7.1.2/armtools/bin/../lib/gcc/arm-atollic-eabi/5.3.1/../../../../arm-atollic-eabi/lib/armv7e-m/fpu\libc_nano.a(lib_a-stdio.o)
                0x08004cbc                __swrite
 .text.__sseek  0x08004cf4       0x24 c:/program files/atollic/truestudio for arm 7.1.2/armtools/bin/../lib/gcc/arm-atollic-eabi/5.3.1/../../../../arm-atollic-eabi/lib/armv7e-m/fpu\libc_nano.a(lib_a-stdio.o)
                0x08004cf4                __sseek
 .text.__sclose
                0x08004d18        0x8 c:/program files/atollic/truestudio for arm 7.1.2/armtools/bin/../lib/gcc/arm-atollic-eabi/5.3.1/../../../../arm-atollic-eabi/lib/armv7e-m/fpu\libc_nano.a(lib_a-stdio.o)
                0x08004d18                __sclose
 .text._strtol_r
                0x08004d20      0x10c c:/program files/atollic/truestudio for arm 7.1.2/armtools/bin/../lib/gcc/arm-atollic-eabi/5.3.1/../../../../arm-atollic-eabi/lib/armv7e-m/fpu\libc_nano.a(lib_a-strtol.o)
                0x08004d20                _strtol_r
 .text._strtoul_r
                0x08004e2c       0xfc c:/program files/atollic/truestudio for arm 7.1.2/armtools/bin/../lib/gcc/arm-atollic-eabi/5.3.1/../../../../arm-atollic-eabi/lib/armv7e-m/fpu\libc_nano.a(lib_a-strtoul.o)
                0x08004e2c                _strtoul_r
 .text.__submore
                0x08004f28       0x76 c:/program files/atollic/truestudio for arm 7.1.2/armtools/bin/../lib/gcc/arm-atollic-eabi/5.3.1/../../../../arm-atollic-eabi/lib/armv7e-m/fpu\libc_nano.a(lib_a-ungetc.o)
                0x08004f28                __submore
 *fill*         0x08004f9e        0x2 
 .text._ungetc_r
                0x08004fa0       0xe4 c:/program files/atollic/truestudio for arm 7.1.2/armtools/bin/../lib/gcc/arm-atollic-eabi/5.3.1/../../../../arm-atollic-eabi/lib/armv7e-m/fpu\libc_nano.a(lib_a-ungetc.o)
                0x08004fa0                _ungetc_r
 .text._write_r
                0x08005084       0x24 c:/program files/atollic/truestudio for arm 7.1.2/armtools/bin/../lib/gcc/arm-atollic-eabi/5.3.1/../../../../arm-atollic-eabi/lib/armv7e-m/fpu\libc_nano.a(lib_a-writer.o)
                0x08005084                _write_r
 .text._close_r
                0x080050a8       0x20 c:/program files/atollic/truestudio for arm 7.1.2/armtools/bin/../lib/gcc/arm-atollic-eabi/5.3.1/../../../../arm-atollic-eabi/lib/armv7e-m/fpu\libc_nano.a(lib_a-closer.o)
                0x080050a8                _close_r
 .text._fstat_r
                0x080050c8       0x24 c:/program files/atollic/truestudio for arm 7.1.2/armtools/bin/../lib/gcc/arm-atollic-eabi/5.3.1/../../../../arm-atollic-eabi/lib/armv7e-m/fpu\libc_nano.a(lib_a-fstatr.o)
                0x080050c8                _fstat_r
 .text._isatty_r
                0x080050ec       0x20 c:/program files/atollic/truestudio for arm 7.1.2/armtools/bin/../lib/gcc/arm-atollic-eabi/5.3.1/../../../../arm-atollic-eabi/lib/armv7e-m/fpu\libc_nano.a(lib_a-isattyr.o)
                0x080050ec                _isatty_r
 .text._lseek_r
                0x0800510c       0x24 c:/program files/atollic/truestudio for arm 7.1.2/armtools/bin/../lib/gcc/arm-atollic-eabi/5.3.1/../../../../arm-atollic-eabi/lib/armv7e-m/fpu\libc_nano.a(lib_a-lseekr.o)
                0x0800510c                _lseek_r
 .text.memcpy   0x08005130       0x16 c:/program files/atollic/truestudio for arm 7.1.2/armtools/bin/../lib/gcc/arm-atollic-eabi/5.3.1/../../../../arm-atollic-eabi/lib/armv7e-m/fpu\libc_nano.a(lib_a-memcpy-stub.o)
                0x08005130                memcpy
 .text._realloc_r
                0x08005146       0x4c c:/program files/atollic/truestudio for arm 7.1.2/armtools/bin/../lib/gcc/arm-atollic-eabi/5.3.1/../../../../arm-atollic-eabi/lib/armv7e-m/fpu\libc_nano.a(lib_a-nano-reallocr.o)
                0x08005146                _realloc_r
 *fill*         0x08005192        0x2 
 .text._read_r  0x08005194       0x24 c:/program files/atollic/truestudio for arm 7.1.2/armtools/bin/../lib/gcc/arm-atollic-eabi/5.3.1/../../../../arm-atollic-eabi/lib/armv7e-m/fpu\libc_nano.a(lib_a-readr.o)
                0x08005194                _read_r
 .text._malloc_usable_size_r
                0x080051b8       0x14 c:/program files/atollic/truestudio for arm 7.1.2/armtools/bin/../lib/gcc/arm-atollic-eabi/5.3.1/../../../../arm-atollic-eabi/lib/armv7e-m/fpu\libc_nano.a(lib_a-nano-msizer.o)
                0x080051b8                _malloc_usable_size_r
 *fill*         0x080051cc        0x4 
 .text.cos      0x080051d0       0x88 c:/program files/atollic/truestudio for arm 7.1.2/armtools/bin/../lib/gcc/arm-atollic-eabi/5.3.1/../../../../arm-atollic-eabi/lib/armv7e-m/fpu\libm.a(lib_a-s_cos.o)
                0x080051d0                cos
 .text.sin      0x08005258       0x90 c:/program files/atollic/truestudio for arm 7.1.2/armtools/bin/../lib/gcc/arm-atollic-eabi/5.3.1/../../../../arm-atollic-eabi/lib/armv7e-m/fpu\libm.a(lib_a-s_sin.o)
                0x08005258                sin
 .text.__ieee754_rem_pio2
                0x080052e8      0x3fc c:/program files/atollic/truestudio for arm 7.1.2/armtools/bin/../lib/gcc/arm-atollic-eabi/5.3.1/../../../../arm-atollic-eabi/lib/armv7e-m/fpu\libm.a(lib_a-e_rem_pio2.o)
                0x080052e8                __ieee754_rem_pio2
 *fill*         0x080056e4        0x4 
 .text.__kernel_cos
                0x080056e8      0x1cc c:/program files/atollic/truestudio for arm 7.1.2/armtools/bin/../lib/gcc/arm-atollic-eabi/5.3.1/../../../../arm-atollic-eabi/lib/armv7e-m/fpu\libm.a(lib_a-k_cos.o)
                0x080056e8                __kernel_cos
 *fill*         0x080058b4        0x4 
 .text.__kernel_rem_pio2
                0x080058b8      0x69c c:/program files/atollic/truestudio for arm 7.1.2/armtools/bin/../lib/gcc/arm-atollic-eabi/5.3.1/../../../../arm-atollic-eabi/lib/armv7e-m/fpu\libm.a(lib_a-k_rem_pio2.o)
                0x080058b8                __kernel_rem_pio2
 *fill*         0x08005f54        0x4 
 .text.__kernel_sin
                0x08005f58      0x174 c:/program files/atollic/truestudio for arm 7.1.2/armtools/bin/../lib/gcc/arm-atollic-eabi/5.3.1/../../../../arm-atollic-eabi/lib/armv7e-m/fpu\libm.a(lib_a-k_sin.o)
                0x08005f58                __kernel_sin
 .text.fabs     0x080060cc        0xe c:/program files/atollic/truestudio for arm 7.1.2/armtools/bin/../lib/gcc/arm-atollic-eabi/5.3.1/../../../../arm-atollic-eabi/lib/armv7e-m/fpu\libm.a(lib_a-s_fabs.o)
                0x080060cc                fabs
 *fill*         0x080060da        0x6 
 .text.floor    0x080060e0      0x108 c:/program files/atollic/truestudio for arm 7.1.2/armtools/bin/../lib/gcc/arm-atollic-eabi/5.3.1/../../../../arm-atollic-eabi/lib/armv7e-m/fpu\libm.a(lib_a-s_floor.o)
                0x080060e0                floor
 .text.scalbn   0x080061e8       0xf4 c:/program files/atollic/truestudio for arm 7.1.2/armtools/bin/../lib/gcc/arm-atollic-eabi/5.3.1/../../../../arm-atollic-eabi/lib/armv7e-m/fpu\libm.a(lib_a-s_scalbn.o)
                0x080061e8                scalbn
 .text.copysign
                0x080062dc       0x1a c:/program files/atollic/truestudio for arm 7.1.2/armtools/bin/../lib/gcc/arm-atollic-eabi/5.3.1/../../../../arm-atollic-eabi/lib/armv7e-m/fpu\libm.a(lib_a-s_copysign.o)
                0x080062dc                copysign
 *(.glue_7)
 .glue_7        0x080062f6        0x0 linker stubs
 *(.glue_7t)
 .glue_7t       0x080062f6        0x0 linker stubs
 *(.eh_frame)
 *fill*         0x080062f6        0x2 
 .eh_frame      0x080062f8        0x0 c:/program files/atollic/truestudio for arm 7.1.2/armtools/bin/../lib/gcc/arm-atollic-eabi/5.3.1/armv7e-m/fpu/crtbegin.o
 *(.init)
 .init          0x080062f8        0x4 c:/program files/atollic/truestudio for arm 7.1.2/armtools/bin/../lib/gcc/arm-atollic-eabi/5.3.1/armv7e-m/fpu/crti.o
                0x080062f8                _init
 .init          0x080062fc        0x8 c:/program files/atollic/truestudio for arm 7.1.2/armtools/bin/../lib/gcc/arm-atollic-eabi/5.3.1/armv7e-m/fpu/crtn.o
 *(.fini)
 .fini          0x08006304        0x4 c:/program files/atollic/truestudio for arm 7.1.2/armtools/bin/../lib/gcc/arm-atollic-eabi/5.3.1/armv7e-m/fpu/crti.o
                0x08006304                _fini
 .fini          0x08006308        0x8 c:/program files/atollic/truestudio for arm 7.1.2/armtools/bin/../lib/gcc/arm-atollic-eabi/5.3.1/armv7e-m/fpu/crtn.o
                0x08006310                . = ALIGN (0x4)
                0x08006310                _etext = .

.vfp11_veneer   0x08006310        0x0
 .vfp11_veneer  0x08006310        0x0 linker stubs

.v4_bx          0x08006310        0x0
 .v4_bx         0x08006310        0x0 linker stubs

.iplt           0x08006310        0x0
 .iplt          0x08006310        0x0 c:/program files/atollic/truestudio for arm 7.1.2/armtools/bin/../lib/gcc/arm-atollic-eabi/5.3.1/armv7e-m/fpu/crtbegin.o

.rodata         0x08006310     0x1ad8
                0x08006310                . = ALIGN (0x4)
 *(.rodata)
 .rodata        0x08006310        0xc c:/program files/atollic/truestudio for arm 7.1.2/armtools/bin/../lib/gcc/arm-atollic-eabi/5.3.1/../../../../arm-atollic-eabi/lib/armv7e-m/fpu\libc_nano.a(lib_a-nano-vfscanf_i.o)
 *(.rodata*)
 .rodata.CSWTCH.50
                0x0800631c        0x4 Drivers\STM32L4xx_HAL_Driver\Src\stm32l4xx_hal_uart.o
 .rodata.CSWTCH.51
                0x08006320        0xd Drivers\STM32L4xx_HAL_Driver\Src\stm32l4xx_hal_uart.o
 .rodata.SmallFont
                0x0800632d      0x478 Src\DefaultFonts.o
                0x0800632d                SmallFont
 .rodata.Rcmd1  0x080067a5       0x3c Src\ST7735.o
 .rodata.Rcmd3  0x080067e1       0x2b Src\ST7735.o
 .rodata.Rcmd2green
                0x0800680c        0xd Src\ST7735.o
 .rodata.Rcmd2red
                0x08006819        0xd Src\ST7735.o
 .rodata.str1.1
                0x08006826     0x11b1 Src\main.o
 .rodata.CSWTCH.12
                0x080079d7        0x7 Src\rtttl.o
 .rodata.note   0x080079de       0x60 Src\rtttl.o
 .rodata.AHBPrescTable
                0x08007a3e       0x10 Src\system_stm32l4xx.o
                0x08007a3e                AHBPrescTable
 .rodata.APBPrescTable
                0x08007a4e        0x8 Src\system_stm32l4xx.o
                0x08007a4e                APBPrescTable
 *fill*         0x08007a56        0x2 
 .rodata.MSIRangeTable
                0x08007a58       0x30 Src\system_stm32l4xx.o
                0x08007a58                MSIRangeTable
 .rodata.__sf_fake_stdin
                0x08007a88       0x20 c:/program files/atollic/truestudio for arm 7.1.2/armtools/bin/../lib/gcc/arm-atollic-eabi/5.3.1/../../../../arm-atollic-eabi/lib/armv7e-m/fpu\libc_nano.a(lib_a-findfp.o)
                0x08007a88                __sf_fake_stdin
 .rodata.__sf_fake_stdout
                0x08007aa8       0x20 c:/program files/atollic/truestudio for arm 7.1.2/armtools/bin/../lib/gcc/arm-atollic-eabi/5.3.1/../../../../arm-atollic-eabi/lib/armv7e-m/fpu\libc_nano.a(lib_a-findfp.o)
                0x08007aa8                __sf_fake_stdout
 .rodata.__sf_fake_stderr
                0x08007ac8       0x20 c:/program files/atollic/truestudio for arm 7.1.2/armtools/bin/../lib/gcc/arm-atollic-eabi/5.3.1/../../../../arm-atollic-eabi/lib/armv7e-m/fpu\libc_nano.a(lib_a-findfp.o)
                0x08007ac8                __sf_fake_stderr
 .rodata.str1.1
                0x08007ae8        0x2 c:/program files/atollic/truestudio for arm 7.1.2/armtools/bin/../lib/gcc/arm-atollic-eabi/5.3.1/../../../../arm-atollic-eabi/lib/armv7e-m/fpu\libc_nano.a(lib_a-impure.o)
 *fill*         0x08007aea        0x2 
 .rodata._global_impure_ptr
                0x08007aec        0x4 c:/program files/atollic/truestudio for arm 7.1.2/armtools/bin/../lib/gcc/arm-atollic-eabi/5.3.1/../../../../arm-atollic-eabi/lib/armv7e-m/fpu\libc_nano.a(lib_a-impure.o)
                0x08007aec                _global_impure_ptr
 .rodata.str1.1
                0x08007af0        0x4 c:/program files/atollic/truestudio for arm 7.1.2/armtools/bin/../lib/gcc/arm-atollic-eabi/5.3.1/../../../../arm-atollic-eabi/lib/armv7e-m/fpu\libc_nano.a(lib_a-nano-vfscanf.o)
 .rodata.str1.1
                0x08007af4       0x1b c:/program files/atollic/truestudio for arm 7.1.2/armtools/bin/../lib/gcc/arm-atollic-eabi/5.3.1/../../../../arm-atollic-eabi/lib/armv7e-m/fpu\libc_nano.a(lib_a-nano-vfscanf_i.o)
 .rodata._ctype_
                0x08007b0f      0x101 c:/program files/atollic/truestudio for arm 7.1.2/armtools/bin/../lib/gcc/arm-atollic-eabi/5.3.1/../../../../arm-atollic-eabi/lib/armv7e-m/fpu\libc_nano.a(lib_a-ctype_.o)
                0x08007b0f                _ctype_
 .rodata.npio2_hw
                0x08007c10       0x80 c:/program files/atollic/truestudio for arm 7.1.2/armtools/bin/../lib/gcc/arm-atollic-eabi/5.3.1/../../../../arm-atollic-eabi/lib/armv7e-m/fpu\libm.a(lib_a-e_rem_pio2.o)
 .rodata.two_over_pi
                0x08007c90      0x108 c:/program files/atollic/truestudio for arm 7.1.2/armtools/bin/../lib/gcc/arm-atollic-eabi/5.3.1/../../../../arm-atollic-eabi/lib/armv7e-m/fpu\libm.a(lib_a-e_rem_pio2.o)
 .rodata.init_jk
                0x08007d98       0x10 c:/program files/atollic/truestudio for arm 7.1.2/armtools/bin/../lib/gcc/arm-atollic-eabi/5.3.1/../../../../arm-atollic-eabi/lib/armv7e-m/fpu\libm.a(lib_a-k_rem_pio2.o)
 .rodata.PIo2   0x08007da8       0x40 c:/program files/atollic/truestudio for arm 7.1.2/armtools/bin/../lib/gcc/arm-atollic-eabi/5.3.1/../../../../arm-atollic-eabi/lib/armv7e-m/fpu\libm.a(lib_a-k_rem_pio2.o)
                0x08007de8                . = ALIGN (0x4)

.ARM.extab
 *(.ARM.extab* .gnu.linkonce.armextab.*)

.ARM            0x08007de8        0x8
                0x08007de8                __exidx_start = .
 *(.ARM.exidx*)
 .ARM.exidx     0x08007de8        0x8 c:/program files/atollic/truestudio for arm 7.1.2/armtools/bin/../lib/gcc/arm-atollic-eabi/5.3.1/armv7e-m/fpu\libgcc.a(_udivmoddi4.o)
                0x08007df0                __exidx_end = .

.rel.dyn        0x08007df0        0x0
 .rel.iplt      0x08007df0        0x0 c:/program files/atollic/truestudio for arm 7.1.2/armtools/bin/../lib/gcc/arm-atollic-eabi/5.3.1/armv7e-m/fpu/crtbegin.o

.preinit_array  0x08007df0        0x0
                0x08007df0                PROVIDE (__preinit_array_start, .)
 *(.preinit_array*)
                0x08007df0                PROVIDE (__preinit_array_end, .)

.init_array     0x08007df0        0x4
                0x08007df0                PROVIDE (__init_array_start, .)
 *(SORT(.init_array.*))
 *(.init_array*)
 .init_array    0x08007df0        0x4 c:/program files/atollic/truestudio for arm 7.1.2/armtools/bin/../lib/gcc/arm-atollic-eabi/5.3.1/armv7e-m/fpu/crtbegin.o
                0x08007df4                PROVIDE (__init_array_end, .)

.fini_array     0x08007df4        0x4
                [!provide]                PROVIDE (__fini_array_start, .)
 *(SORT(.fini_array.*))
 *(.fini_array*)
 .fini_array    0x08007df4        0x4 c:/program files/atollic/truestudio for arm 7.1.2/armtools/bin/../lib/gcc/arm-atollic-eabi/5.3.1/armv7e-m/fpu/crtbegin.o
                [!provide]                PROVIDE (__fini_array_end, .)
                0x08007df8                _sidata = LOADADDR (.data)

.data           0x20000000      0x114 load address 0x08007df8
                0x20000000                . = ALIGN (0x4)
                0x20000000                _sdata = .
 *(.data)
 *(.data*)
 .data._height  0x20000000        0x2 Src\ST7735.o
 .data._width   0x20000002        0x2 Src\ST7735.o
 .data._fg      0x20000004        0x2 Src\ST7735.o
 *fill*         0x20000006        0x2 
 .data.rtttlLibrary
                0x20000008       0x74 Src\main.o
                0x20000008                rtttlLibrary
 .data.passwordArray
                0x2000007c       0x2c Src\main.o
                0x2000007c                passwordArray
 .data.SystemCoreClock
                0x200000a8        0x4 Src\system_stm32l4xx.o
                0x200000a8                SystemCoreClock
 .data.impure_data
                0x200000ac       0x60 c:/program files/atollic/truestudio for arm 7.1.2/armtools/bin/../lib/gcc/arm-atollic-eabi/5.3.1/../../../../arm-atollic-eabi/lib/armv7e-m/fpu\libc_nano.a(lib_a-impure.o)
 .data._impure_ptr
                0x2000010c        0x4 c:/program files/atollic/truestudio for arm 7.1.2/armtools/bin/../lib/gcc/arm-atollic-eabi/5.3.1/../../../../arm-atollic-eabi/lib/armv7e-m/fpu\libc_nano.a(lib_a-impure.o)
                0x2000010c                _impure_ptr
 .data.__ctype_ptr__
                0x20000110        0x4 c:/program files/atollic/truestudio for arm 7.1.2/armtools/bin/../lib/gcc/arm-atollic-eabi/5.3.1/../../../../arm-atollic-eabi/lib/armv7e-m/fpu\libc_nano.a(lib_a-ctype_.o)
                0x20000110                __ctype_ptr__
                0x20000114                . = ALIGN (0x4)
                0x20000114                _edata = .

.igot.plt       0x20000114        0x0 load address 0x08007f0c
 .igot.plt      0x20000114        0x0 c:/program files/atollic/truestudio for arm 7.1.2/armtools/bin/../lib/gcc/arm-atollic-eabi/5.3.1/armv7e-m/fpu/crtbegin.o
                0x20000114                . = ALIGN (0x4)

.bss            0x20000114      0x19c load address 0x08007f0c
                0x20000114                _sbss = .
                0x20000114                __bss_start__ = _sbss
 *(.bss)
 .bss           0x20000114       0x1c c:/program files/atollic/truestudio for arm 7.1.2/armtools/bin/../lib/gcc/arm-atollic-eabi/5.3.1/armv7e-m/fpu/crtbegin.o
 *(.bss*)
 .bss.cfont     0x20000130        0xc Src\ST7735.o
 .bss._bg       0x2000013c        0x2 Src\ST7735.o
 *fill*         0x2000013e        0x2 
 .bss.rowstart  0x20000140        0x4 Src\ST7735.o
 .bss._transparent
                0x20000144        0x1 Src\ST7735.o
 *fill*         0x20000145        0x3 
 .bss.colstart  0x20000148        0x4 Src\ST7735.o
 .bss.duration  0x2000014c        0x1 Src\rtttl.o
 .bss.octave    0x2000014d        0x1 Src\rtttl.o
 .bss.tempo     0x2000014e        0x2 Src\rtttl.o
 .bss.heap_end.8917
                0x20000150        0x4 Src\syscalls.o
 .bss.__malloc_sbrk_start
                0x20000154        0x4 c:/program files/atollic/truestudio for arm 7.1.2/armtools/bin/../lib/gcc/arm-atollic-eabi/5.3.1/../../../../arm-atollic-eabi/lib/armv7e-m/fpu\libc_nano.a(lib_a-nano-mallocr.o)
                0x20000154                __malloc_sbrk_start
 .bss.__malloc_free_list
                0x20000158        0x4 c:/program files/atollic/truestudio for arm 7.1.2/armtools/bin/../lib/gcc/arm-atollic-eabi/5.3.1/../../../../arm-atollic-eabi/lib/armv7e-m/fpu\libc_nano.a(lib_a-nano-mallocr.o)
                0x20000158                __malloc_free_list
 *(COMMON)
 COMMON         0x2000015c        0x4 Drivers\STM32L4xx_HAL_Driver\Src\stm32l4xx_hal.o
                0x2000015c                uwTick
 COMMON         0x20000160      0x14c Src\main.o
                0x20000160                htim1
                0x2000019c                hspi1
                0x20000200                htim2
                0x2000023c                huart2
 COMMON         0x200002ac        0x4 c:/program files/atollic/truestudio for arm 7.1.2/armtools/bin/../lib/gcc/arm-atollic-eabi/5.3.1/../../../../arm-atollic-eabi/lib/armv7e-m/fpu\libc_nano.a(lib_a-reent.o)
                0x200002ac                errno
                0x200002b0                . = ALIGN (0x4)
                0x200002b0                _ebss = .
                0x200002b0                __bss_end__ = _ebss

._user_heap_stack
                0x200002b0      0x600 load address 0x08007f0c
                0x200002b0                . = ALIGN (0x4)
                0x200002b0                PROVIDE (end, .)
                [!provide]                PROVIDE (_end, .)
                0x200004b0                . = (. + _Min_Heap_Size)
 *fill*         0x200002b0      0x200 
                0x200008b0                . = (. + _Min_Stack_Size)
 *fill*         0x200004b0      0x400 
                0x200008b0                . = ALIGN (0x4)

/DISCARD/
 libc.a(*)
 libm.a(*)
 libgcc.a(*)

.ARM.attributes
                0x00000000       0x30
 *(.ARM.attributes)
 .ARM.attributes
                0x00000000       0x22 c:/program files/atollic/truestudio for arm 7.1.2/armtools/bin/../lib/gcc/arm-atollic-eabi/5.3.1/armv7e-m/fpu/crti.o
 .ARM.attributes
                0x00000022       0x34 c:/program files/atollic/truestudio for arm 7.1.2/armtools/bin/../lib/gcc/arm-atollic-eabi/5.3.1/armv7e-m/fpu/crtbegin.o
 .ARM.attributes
                0x00000056       0x39 Drivers\STM32L4xx_HAL_Driver\Src\stm32l4xx_hal.o
 .ARM.attributes
                0x0000008f       0x39 Drivers\STM32L4xx_HAL_Driver\Src\stm32l4xx_hal_cortex.o
 .ARM.attributes
                0x000000c8       0x39 Drivers\STM32L4xx_HAL_Driver\Src\stm32l4xx_hal_gpio.o
 .ARM.attributes
                0x00000101       0x39 Drivers\STM32L4xx_HAL_Driver\Src\stm32l4xx_hal_pwr_ex.o
 .ARM.attributes
                0x0000013a       0x39 Drivers\STM32L4xx_HAL_Driver\Src\stm32l4xx_hal_rcc.o
 .ARM.attributes
                0x00000173       0x39 Drivers\STM32L4xx_HAL_Driver\Src\stm32l4xx_hal_rcc_ex.o
 .ARM.attributes
                0x000001ac       0x39 Drivers\STM32L4xx_HAL_Driver\Src\stm32l4xx_hal_spi.o
 .ARM.attributes
                0x000001e5       0x39 Drivers\STM32L4xx_HAL_Driver\Src\stm32l4xx_hal_tim.o
 .ARM.attributes
                0x0000021e       0x39 Drivers\STM32L4xx_HAL_Driver\Src\stm32l4xx_hal_tim_ex.o
 .ARM.attributes
                0x00000257       0x39 Drivers\STM32L4xx_HAL_Driver\Src\stm32l4xx_hal_uart.o
 .ARM.attributes
                0x00000290       0x39 Src\DefaultFonts.o
 .ARM.attributes
                0x000002c9       0x39 Src\ST7735.o
 .ARM.attributes
                0x00000302       0x39 Src\hw_config.o
 .ARM.attributes
                0x0000033b       0x39 Src\main.o
 .ARM.attributes
                0x00000374       0x39 Src\rtttl.o
 .ARM.attributes
                0x000003ad       0x39 Src\stm32l4xx_hal_msp.o
 .ARM.attributes
                0x000003e6       0x39 Src\stm32l4xx_it.o
 .ARM.attributes
                0x0000041f       0x39 Src\syscalls.o
 .ARM.attributes
                0x00000458       0x39 Src\system_stm32l4xx.o
 .ARM.attributes
                0x00000491       0x21 startup\startup_stm32l432xx.o
 .ARM.attributes
                0x000004b2       0x34 c:/program files/atollic/truestudio for arm 7.1.2/armtools/bin/../lib/gcc/arm-atollic-eabi/5.3.1/../../../../arm-atollic-eabi/lib/armv7e-m/fpu\libc_nano.a(lib_a-init.o)
 .ARM.attributes
                0x000004e6       0x34 c:/program files/atollic/truestudio for arm 7.1.2/armtools/bin/../lib/gcc/arm-atollic-eabi/5.3.1/../../../../arm-atollic-eabi/lib/armv7e-m/fpu\libc_nano.a(lib_a-memset.o)
 .ARM.attributes
                0x0000051a       0x34 c:/program files/atollic/truestudio for arm 7.1.2/armtools/bin/../lib/gcc/arm-atollic-eabi/5.3.1/../../../../arm-atollic-eabi/lib/armv7e-m/fpu\libc_nano.a(lib_a-nano-freer.o)
 .ARM.attributes
                0x0000054e       0x34 c:/program files/atollic/truestudio for arm 7.1.2/armtools/bin/../lib/gcc/arm-atollic-eabi/5.3.1/../../../../arm-atollic-eabi/lib/armv7e-m/fpu\libc_nano.a(lib_a-nano-mallocr.o)
 .ARM.attributes
                0x00000582       0x34 c:/program files/atollic/truestudio for arm 7.1.2/armtools/bin/../lib/gcc/arm-atollic-eabi/5.3.1/../../../../arm-atollic-eabi/lib/armv7e-m/fpu\libc_nano.a(lib_a-puts.o)
 .ARM.attributes
                0x000005b6       0x34 c:/program files/atollic/truestudio for arm 7.1.2/armtools/bin/../lib/gcc/arm-atollic-eabi/5.3.1/../../../../arm-atollic-eabi/lib/armv7e-m/fpu\libc_nano.a(lib_a-reent.o)
 .ARM.attributes
                0x000005ea       0x34 c:/program files/atollic/truestudio for arm 7.1.2/armtools/bin/../lib/gcc/arm-atollic-eabi/5.3.1/../../../../arm-atollic-eabi/lib/armv7e-m/fpu\libc_nano.a(lib_a-sbrkr.o)
 .ARM.attributes
                0x0000061e       0x34 c:/program files/atollic/truestudio for arm 7.1.2/armtools/bin/../lib/gcc/arm-atollic-eabi/5.3.1/../../../../arm-atollic-eabi/lib/armv7e-m/fpu\libc_nano.a(lib_a-scanf.o)
 .ARM.attributes
                0x00000652       0x1b c:/program files/atollic/truestudio for arm 7.1.2/armtools/bin/../lib/gcc/arm-atollic-eabi/5.3.1/../../../../arm-atollic-eabi/lib/armv7e-m/fpu\libc_nano.a(lib_a-strlen.o)
 .ARM.attributes
                0x0000066d       0x34 c:/program files/atollic/truestudio for arm 7.1.2/armtools/bin/../lib/gcc/arm-atollic-eabi/5.3.1/../../../../arm-atollic-eabi/lib/armv7e-m/fpu\libc_nano.a(lib_a-wbuf.o)
 .ARM.attributes
                0x000006a1       0x34 c:/program files/atollic/truestudio for arm 7.1.2/armtools/bin/../lib/gcc/arm-atollic-eabi/5.3.1/../../../../arm-atollic-eabi/lib/armv7e-m/fpu\libc_nano.a(lib_a-wsetup.o)
 .ARM.attributes
                0x000006d5       0x34 c:/program files/atollic/truestudio for arm 7.1.2/armtools/bin/../lib/gcc/arm-atollic-eabi/5.3.1/../../../../arm-atollic-eabi/lib/armv7e-m/fpu\libc_nano.a(lib_a-fflush.o)
 .ARM.attributes
                0x00000709       0x34 c:/program files/atollic/truestudio for arm 7.1.2/armtools/bin/../lib/gcc/arm-atollic-eabi/5.3.1/../../../../arm-atollic-eabi/lib/armv7e-m/fpu\libc_nano.a(lib_a-findfp.o)
 .ARM.attributes
                0x0000073d       0x34 c:/program files/atollic/truestudio for arm 7.1.2/armtools/bin/../lib/gcc/arm-atollic-eabi/5.3.1/../../../../arm-atollic-eabi/lib/armv7e-m/fpu\libc_nano.a(lib_a-fwalk.o)
 .ARM.attributes
                0x00000771       0x34 c:/program files/atollic/truestudio for arm 7.1.2/armtools/bin/../lib/gcc/arm-atollic-eabi/5.3.1/../../../../arm-atollic-eabi/lib/armv7e-m/fpu\libc_nano.a(lib_a-impure.o)
 .ARM.attributes
                0x000007a5       0x34 c:/program files/atollic/truestudio for arm 7.1.2/armtools/bin/../lib/gcc/arm-atollic-eabi/5.3.1/../../../../arm-atollic-eabi/lib/armv7e-m/fpu\libc_nano.a(lib_a-makebuf.o)
 .ARM.attributes
                0x000007d9       0x34 c:/program files/atollic/truestudio for arm 7.1.2/armtools/bin/../lib/gcc/arm-atollic-eabi/5.3.1/../../../../arm-atollic-eabi/lib/armv7e-m/fpu\libc_nano.a(lib_a-mlock.o)
 .ARM.attributes
                0x0000080d       0x34 c:/program files/atollic/truestudio for arm 7.1.2/armtools/bin/../lib/gcc/arm-atollic-eabi/5.3.1/../../../../arm-atollic-eabi/lib/armv7e-m/fpu\libc_nano.a(lib_a-nano-vfscanf.o)
 .ARM.attributes
                0x00000841       0x34 c:/program files/atollic/truestudio for arm 7.1.2/armtools/bin/../lib/gcc/arm-atollic-eabi/5.3.1/../../../../arm-atollic-eabi/lib/armv7e-m/fpu\libc_nano.a(lib_a-nano-vfscanf_i.o)
 .ARM.attributes
                0x00000875       0x34 c:/program files/atollic/truestudio for arm 7.1.2/armtools/bin/../lib/gcc/arm-atollic-eabi/5.3.1/../../../../arm-atollic-eabi/lib/armv7e-m/fpu\libc_nano.a(lib_a-refill.o)
 .ARM.attributes
                0x000008a9       0x34 c:/program files/atollic/truestudio for arm 7.1.2/armtools/bin/../lib/gcc/arm-atollic-eabi/5.3.1/../../../../arm-atollic-eabi/lib/armv7e-m/fpu\libc_nano.a(lib_a-sccl.o)
 .ARM.attributes
                0x000008dd       0x34 c:/program files/atollic/truestudio for arm 7.1.2/armtools/bin/../lib/gcc/arm-atollic-eabi/5.3.1/../../../../arm-atollic-eabi/lib/armv7e-m/fpu\libc_nano.a(lib_a-stdio.o)
 .ARM.attributes
                0x00000911       0x34 c:/program files/atollic/truestudio for arm 7.1.2/armtools/bin/../lib/gcc/arm-atollic-eabi/5.3.1/../../../../arm-atollic-eabi/lib/armv7e-m/fpu\libc_nano.a(lib_a-strtol.o)
 .ARM.attributes
                0x00000945       0x34 c:/program files/atollic/truestudio for arm 7.1.2/armtools/bin/../lib/gcc/arm-atollic-eabi/5.3.1/../../../../arm-atollic-eabi/lib/armv7e-m/fpu\libc_nano.a(lib_a-strtoul.o)
 .ARM.attributes
                0x00000979       0x34 c:/program files/atollic/truestudio for arm 7.1.2/armtools/bin/../lib/gcc/arm-atollic-eabi/5.3.1/../../../../arm-atollic-eabi/lib/armv7e-m/fpu\libc_nano.a(lib_a-ungetc.o)
 .ARM.attributes
                0x000009ad       0x34 c:/program files/atollic/truestudio for arm 7.1.2/armtools/bin/../lib/gcc/arm-atollic-eabi/5.3.1/../../../../arm-atollic-eabi/lib/armv7e-m/fpu\libc_nano.a(lib_a-writer.o)
 .ARM.attributes
                0x000009e1       0x34 c:/program files/atollic/truestudio for arm 7.1.2/armtools/bin/../lib/gcc/arm-atollic-eabi/5.3.1/../../../../arm-atollic-eabi/lib/armv7e-m/fpu\libc_nano.a(lib_a-closer.o)
 .ARM.attributes
                0x00000a15       0x34 c:/program files/atollic/truestudio for arm 7.1.2/armtools/bin/../lib/gcc/arm-atollic-eabi/5.3.1/../../../../arm-atollic-eabi/lib/armv7e-m/fpu\libc_nano.a(lib_a-ctype_.o)
 .ARM.attributes
                0x00000a49       0x34 c:/program files/atollic/truestudio for arm 7.1.2/armtools/bin/../lib/gcc/arm-atollic-eabi/5.3.1/../../../../arm-atollic-eabi/lib/armv7e-m/fpu\libc_nano.a(lib_a-fstatr.o)
 .ARM.attributes
                0x00000a7d       0x34 c:/program files/atollic/truestudio for arm 7.1.2/armtools/bin/../lib/gcc/arm-atollic-eabi/5.3.1/../../../../arm-atollic-eabi/lib/armv7e-m/fpu\libc_nano.a(lib_a-isattyr.o)
 .ARM.attributes
                0x00000ab1       0x34 c:/program files/atollic/truestudio for arm 7.1.2/armtools/bin/../lib/gcc/arm-atollic-eabi/5.3.1/../../../../arm-atollic-eabi/lib/armv7e-m/fpu\libc_nano.a(lib_a-lseekr.o)
 .ARM.attributes
                0x00000ae5       0x20 c:/program files/atollic/truestudio for arm 7.1.2/armtools/bin/../lib/gcc/arm-atollic-eabi/5.3.1/../../../../arm-atollic-eabi/lib/armv7e-m/fpu\libc_nano.a(lib_a-memchr.o)
 .ARM.attributes
                0x00000b05       0x34 c:/program files/atollic/truestudio for arm 7.1.2/armtools/bin/../lib/gcc/arm-atollic-eabi/5.3.1/../../../../arm-atollic-eabi/lib/armv7e-m/fpu\libc_nano.a(lib_a-memcpy-stub.o)
 .ARM.attributes
                0x00000b39       0x34 c:/program files/atollic/truestudio for arm 7.1.2/armtools/bin/../lib/gcc/arm-atollic-eabi/5.3.1/../../../../arm-atollic-eabi/lib/armv7e-m/fpu\libc_nano.a(lib_a-nano-reallocr.o)
 .ARM.attributes
                0x00000b6d       0x34 c:/program files/atollic/truestudio for arm 7.1.2/armtools/bin/../lib/gcc/arm-atollic-eabi/5.3.1/../../../../arm-atollic-eabi/lib/armv7e-m/fpu\libc_nano.a(lib_a-readr.o)
 .ARM.attributes
                0x00000ba1       0x34 c:/program files/atollic/truestudio for arm 7.1.2/armtools/bin/../lib/gcc/arm-atollic-eabi/5.3.1/../../../../arm-atollic-eabi/lib/armv7e-m/fpu\libc_nano.a(lib_a-nano-msizer.o)
 .ARM.attributes
                0x00000bd5       0x34 c:/program files/atollic/truestudio for arm 7.1.2/armtools/bin/../lib/gcc/arm-atollic-eabi/5.3.1/../../../../arm-atollic-eabi/lib/armv7e-m/fpu\libm.a(lib_a-s_cos.o)
 .ARM.attributes
                0x00000c09       0x34 c:/program files/atollic/truestudio for arm 7.1.2/armtools/bin/../lib/gcc/arm-atollic-eabi/5.3.1/../../../../arm-atollic-eabi/lib/armv7e-m/fpu\libm.a(lib_a-s_sin.o)
 .ARM.attributes
                0x00000c3d       0x34 c:/program files/atollic/truestudio for arm 7.1.2/armtools/bin/../lib/gcc/arm-atollic-eabi/5.3.1/../../../../arm-atollic-eabi/lib/armv7e-m/fpu\libm.a(lib_a-e_rem_pio2.o)
 .ARM.attributes
                0x00000c71       0x34 c:/program files/atollic/truestudio for arm 7.1.2/armtools/bin/../lib/gcc/arm-atollic-eabi/5.3.1/../../../../arm-atollic-eabi/lib/armv7e-m/fpu\libm.a(lib_a-k_cos.o)
 .ARM.attributes
                0x00000ca5       0x34 c:/program files/atollic/truestudio for arm 7.1.2/armtools/bin/../lib/gcc/arm-atollic-eabi/5.3.1/../../../../arm-atollic-eabi/lib/armv7e-m/fpu\libm.a(lib_a-k_rem_pio2.o)
 .ARM.attributes
                0x00000cd9       0x34 c:/program files/atollic/truestudio for arm 7.1.2/armtools/bin/../lib/gcc/arm-atollic-eabi/5.3.1/../../../../arm-atollic-eabi/lib/armv7e-m/fpu\libm.a(lib_a-k_sin.o)
 .ARM.attributes
                0x00000d0d       0x34 c:/program files/atollic/truestudio for arm 7.1.2/armtools/bin/../lib/gcc/arm-atollic-eabi/5.3.1/../../../../arm-atollic-eabi/lib/armv7e-m/fpu\libm.a(lib_a-s_fabs.o)
 .ARM.attributes
                0x00000d41       0x34 c:/program files/atollic/truestudio for arm 7.1.2/armtools/bin/../lib/gcc/arm-atollic-eabi/5.3.1/../../../../arm-atollic-eabi/lib/armv7e-m/fpu\libm.a(lib_a-s_floor.o)
 .ARM.attributes
                0x00000d75       0x34 c:/program files/atollic/truestudio for arm 7.1.2/armtools/bin/../lib/gcc/arm-atollic-eabi/5.3.1/../../../../arm-atollic-eabi/lib/armv7e-m/fpu\libm.a(lib_a-s_scalbn.o)
 .ARM.attributes
                0x00000da9       0x34 c:/program files/atollic/truestudio for arm 7.1.2/armtools/bin/../lib/gcc/arm-atollic-eabi/5.3.1/../../../../arm-atollic-eabi/lib/armv7e-m/fpu\libm.a(lib_a-s_copysign.o)
 .ARM.attributes
                0x00000ddd       0x22 c:/program files/atollic/truestudio for arm 7.1.2/armtools/bin/../lib/gcc/arm-atollic-eabi/5.3.1/armv7e-m/fpu\libgcc.a(_arm_addsubdf3.o)
 .ARM.attributes
                0x00000dff       0x22 c:/program files/atollic/truestudio for arm 7.1.2/armtools/bin/../lib/gcc/arm-atollic-eabi/5.3.1/armv7e-m/fpu\libgcc.a(_arm_muldivdf3.o)
 .ARM.attributes
                0x00000e21       0x22 c:/program files/atollic/truestudio for arm 7.1.2/armtools/bin/../lib/gcc/arm-atollic-eabi/5.3.1/armv7e-m/fpu\libgcc.a(_arm_cmpdf2.o)
 .ARM.attributes
                0x00000e43       0x22 c:/program files/atollic/truestudio for arm 7.1.2/armtools/bin/../lib/gcc/arm-atollic-eabi/5.3.1/armv7e-m/fpu\libgcc.a(_arm_fixdfsi.o)
 .ARM.attributes
                0x00000e65       0x22 c:/program files/atollic/truestudio for arm 7.1.2/armtools/bin/../lib/gcc/arm-atollic-eabi/5.3.1/armv7e-m/fpu\libgcc.a(_aeabi_uldivmod.o)
 .ARM.attributes
                0x00000e87       0x34 c:/program files/atollic/truestudio for arm 7.1.2/armtools/bin/../lib/gcc/arm-atollic-eabi/5.3.1/armv7e-m/fpu\libgcc.a(_udivmoddi4.o)
 .ARM.attributes
                0x00000ebb       0x22 c:/program files/atollic/truestudio for arm 7.1.2/armtools/bin/../lib/gcc/arm-atollic-eabi/5.3.1/armv7e-m/fpu\libgcc.a(_dvmd_tls.o)
 .ARM.attributes
                0x00000edd       0x22 c:/program files/atollic/truestudio for arm 7.1.2/armtools/bin/../lib/gcc/arm-atollic-eabi/5.3.1/armv7e-m/fpu/crtn.o
OUTPUT(GLCD.elf elf32-littlearm)

.debug_info     0x00000000    0x13687
 .debug_info    0x00000000      0x903 Drivers\STM32L4xx_HAL_Driver\Src\stm32l4xx_hal.o
 .debug_info    0x00000903      0xe07 Drivers\STM32L4xx_HAL_Driver\Src\stm32l4xx_hal_cortex.o
 .debug_info    0x0000170a      0x7eb Drivers\STM32L4xx_HAL_Driver\Src\stm32l4xx_hal_gpio.o
 .debug_info    0x00001ef5      0x98d Drivers\STM32L4xx_HAL_Driver\Src\stm32l4xx_hal_pwr_ex.o
 .debug_info    0x00002882     0x10e5 Drivers\STM32L4xx_HAL_Driver\Src\stm32l4xx_hal_rcc.o
 .debug_info    0x00003967     0x152b Drivers\STM32L4xx_HAL_Driver\Src\stm32l4xx_hal_rcc_ex.o
 .debug_info    0x00004e92     0x1ec8 Drivers\STM32L4xx_HAL_Driver\Src\stm32l4xx_hal_spi.o
 .debug_info    0x00006d5a     0x2ef8 Drivers\STM32L4xx_HAL_Driver\Src\stm32l4xx_hal_tim.o
 .debug_info    0x00009c52     0x1141 Drivers\STM32L4xx_HAL_Driver\Src\stm32l4xx_hal_tim_ex.o
 .debug_info    0x0000ad93     0x19d8 Drivers\STM32L4xx_HAL_Driver\Src\stm32l4xx_hal_uart.o
 .debug_info    0x0000c76b       0x58 Src\DefaultFonts.o
 .debug_info    0x0000c7c3     0x1ce2 Src\ST7735.o
 .debug_info    0x0000e4a5      0x828 Src\hw_config.o
 .debug_info    0x0000eccd     0x200a Src\main.o
 .debug_info    0x00010cd7      0x2a7 Src\rtttl.o
 .debug_info    0x00010f7e     0x138b Src\stm32l4xx_hal_msp.o
 .debug_info    0x00012309       0xe8 Src\stm32l4xx_it.o
 .debug_info    0x000123f1      0xc7c Src\syscalls.o
 .debug_info    0x0001306d      0x5bb Src\system_stm32l4xx.o
 .debug_info    0x00013628       0x5f startup\startup_stm32l432xx.o

.debug_abbrev   0x00000000     0x2ba4
 .debug_abbrev  0x00000000      0x1fe Drivers\STM32L4xx_HAL_Driver\Src\stm32l4xx_hal.o
 .debug_abbrev  0x000001fe      0x313 Drivers\STM32L4xx_HAL_Driver\Src\stm32l4xx_hal_cortex.o
 .debug_abbrev  0x00000511      0x1c8 Drivers\STM32L4xx_HAL_Driver\Src\stm32l4xx_hal_gpio.o
 .debug_abbrev  0x000006d9      0x25c Drivers\STM32L4xx_HAL_Driver\Src\stm32l4xx_hal_pwr_ex.o
 .debug_abbrev  0x00000935      0x2ca Drivers\STM32L4xx_HAL_Driver\Src\stm32l4xx_hal_rcc.o
 .debug_abbrev  0x00000bff      0x30c Drivers\STM32L4xx_HAL_Driver\Src\stm32l4xx_hal_rcc_ex.o
 .debug_abbrev  0x00000f0b      0x32a Drivers\STM32L4xx_HAL_Driver\Src\stm32l4xx_hal_spi.o
 .debug_abbrev  0x00001235      0x310 Drivers\STM32L4xx_HAL_Driver\Src\stm32l4xx_hal_tim.o
 .debug_abbrev  0x00001545      0x270 Drivers\STM32L4xx_HAL_Driver\Src\stm32l4xx_hal_tim_ex.o
 .debug_abbrev  0x000017b5      0x333 Drivers\STM32L4xx_HAL_Driver\Src\stm32l4xx_hal_uart.o
 .debug_abbrev  0x00001ae8       0x45 Src\DefaultFonts.o
 .debug_abbrev  0x00001b2d      0x3b6 Src\ST7735.o
 .debug_abbrev  0x00001ee3      0x1c5 Src\hw_config.o
 .debug_abbrev  0x000020a8      0x39b Src\main.o
 .debug_abbrev  0x00002443      0x128 Src\rtttl.o
 .debug_abbrev  0x0000256b      0x1f3 Src\stm32l4xx_hal_msp.o
 .debug_abbrev  0x0000275e       0x93 Src\stm32l4xx_it.o
 .debug_abbrev  0x000027f1      0x27f Src\syscalls.o
 .debug_abbrev  0x00002a70      0x122 Src\system_stm32l4xx.o
 .debug_abbrev  0x00002b92       0x12 startup\startup_stm32l432xx.o

.debug_loc      0x00000000     0xba1a
 .debug_loc     0x00000000       0x76 Drivers\STM32L4xx_HAL_Driver\Src\stm32l4xx_hal.o
 .debug_loc     0x00000076      0x4ab Drivers\STM32L4xx_HAL_Driver\Src\stm32l4xx_hal_cortex.o
 .debug_loc     0x00000521      0x2a5 Drivers\STM32L4xx_HAL_Driver\Src\stm32l4xx_hal_gpio.o
 .debug_loc     0x000007c6      0x412 Drivers\STM32L4xx_HAL_Driver\Src\stm32l4xx_hal_pwr_ex.o
 .debug_loc     0x00000bd8      0x6d5 Drivers\STM32L4xx_HAL_Driver\Src\stm32l4xx_hal_rcc.o
 .debug_loc     0x000012ad      0xe77 Drivers\STM32L4xx_HAL_Driver\Src\stm32l4xx_hal_rcc_ex.o
 .debug_loc     0x00002124     0x1a84 Drivers\STM32L4xx_HAL_Driver\Src\stm32l4xx_hal_spi.o
 .debug_loc     0x00003ba8     0x3155 Drivers\STM32L4xx_HAL_Driver\Src\stm32l4xx_hal_tim.o
 .debug_loc     0x00006cfd      0xd52 Drivers\STM32L4xx_HAL_Driver\Src\stm32l4xx_hal_tim_ex.o
 .debug_loc     0x00007a4f     0x1675 Drivers\STM32L4xx_HAL_Driver\Src\stm32l4xx_hal_uart.o
 .debug_loc     0x000090c4     0x1bbd Src\ST7735.o
 .debug_loc     0x0000ac81       0xfe Src\hw_config.o
 .debug_loc     0x0000ad7f      0x37f Src\main.o
 .debug_loc     0x0000b0fe      0x40e Src\rtttl.o
 .debug_loc     0x0000b50c       0xbb Src\stm32l4xx_hal_msp.o
 .debug_loc     0x0000b5c7      0x2dc Src\syscalls.o
 .debug_loc     0x0000b8a3      0x177 Src\system_stm32l4xx.o

.debug_aranges  0x00000000      0xe48
 .debug_aranges
                0x00000000       0xe8 Drivers\STM32L4xx_HAL_Driver\Src\stm32l4xx_hal.o
 .debug_aranges
                0x000000e8       0x98 Drivers\STM32L4xx_HAL_Driver\Src\stm32l4xx_hal_cortex.o
 .debug_aranges
                0x00000180       0x58 Drivers\STM32L4xx_HAL_Driver\Src\stm32l4xx_hal_gpio.o
 .debug_aranges
                0x000001d8      0x100 Drivers\STM32L4xx_HAL_Driver\Src\stm32l4xx_hal_pwr_ex.o
 .debug_aranges
                0x000002d8       0x88 Drivers\STM32L4xx_HAL_Driver\Src\stm32l4xx_hal_rcc.o
 .debug_aranges
                0x00000360       0xd0 Drivers\STM32L4xx_HAL_Driver\Src\stm32l4xx_hal_rcc_ex.o
 .debug_aranges
                0x00000430      0x198 Drivers\STM32L4xx_HAL_Driver\Src\stm32l4xx_hal_spi.o
 .debug_aranges
                0x000005c8      0x268 Drivers\STM32L4xx_HAL_Driver\Src\stm32l4xx_hal_tim.o
 .debug_aranges
                0x00000830      0x100 Drivers\STM32L4xx_HAL_Driver\Src\stm32l4xx_hal_tim_ex.o
 .debug_aranges
                0x00000930      0x188 Drivers\STM32L4xx_HAL_Driver\Src\stm32l4xx_hal_uart.o
 .debug_aranges
                0x00000ab8       0x18 Src\DefaultFonts.o
 .debug_aranges
                0x00000ad0      0x150 Src\ST7735.o
 .debug_aranges
                0x00000c20       0x48 Src\hw_config.o
 .debug_aranges
                0x00000c68       0x50 Src\main.o
 .debug_aranges
                0x00000cb8       0x30 Src\rtttl.o
 .debug_aranges
                0x00000ce8       0x58 Src\stm32l4xx_hal_msp.o
 .debug_aranges
                0x00000d40       0x20 Src\stm32l4xx_it.o
 .debug_aranges
                0x00000d60       0x98 Src\syscalls.o
 .debug_aranges
                0x00000df8       0x28 Src\system_stm32l4xx.o
 .debug_aranges
                0x00000e20       0x28 startup\startup_stm32l432xx.o

.debug_ranges   0x00000000     0x11f8
 .debug_ranges  0x00000000       0xd8 Drivers\STM32L4xx_HAL_Driver\Src\stm32l4xx_hal.o
 .debug_ranges  0x000000d8      0x148 Drivers\STM32L4xx_HAL_Driver\Src\stm32l4xx_hal_cortex.o
 .debug_ranges  0x00000220       0x60 Drivers\STM32L4xx_HAL_Driver\Src\stm32l4xx_hal_gpio.o
 .debug_ranges  0x00000280       0xf0 Drivers\STM32L4xx_HAL_Driver\Src\stm32l4xx_hal_pwr_ex.o
 .debug_ranges  0x00000370       0xc0 Drivers\STM32L4xx_HAL_Driver\Src\stm32l4xx_hal_rcc.o
 .debug_ranges  0x00000430      0x1c8 Drivers\STM32L4xx_HAL_Driver\Src\stm32l4xx_hal_rcc_ex.o
 .debug_ranges  0x000005f8      0x218 Drivers\STM32L4xx_HAL_Driver\Src\stm32l4xx_hal_spi.o
 .debug_ranges  0x00000810      0x318 Drivers\STM32L4xx_HAL_Driver\Src\stm32l4xx_hal_tim.o
 .debug_ranges  0x00000b28       0xf0 Drivers\STM32L4xx_HAL_Driver\Src\stm32l4xx_hal_tim_ex.o
 .debug_ranges  0x00000c18      0x178 Drivers\STM32L4xx_HAL_Driver\Src\stm32l4xx_hal_uart.o
 .debug_ranges  0x00000d90      0x158 Src\ST7735.o
 .debug_ranges  0x00000ee8       0x38 Src\hw_config.o
 .debug_ranges  0x00000f20      0x130 Src\main.o
 .debug_ranges  0x00001050       0x20 Src\rtttl.o
 .debug_ranges  0x00001070       0xb8 Src\stm32l4xx_hal_msp.o
 .debug_ranges  0x00001128       0x10 Src\stm32l4xx_it.o
 .debug_ranges  0x00001138       0x88 Src\syscalls.o
 .debug_ranges  0x000011c0       0x18 Src\system_stm32l4xx.o
 .debug_ranges  0x000011d8       0x20 startup\startup_stm32l432xx.o

.debug_line     0x00000000     0x6c58
 .debug_line    0x00000000      0x3e7 Drivers\STM32L4xx_HAL_Driver\Src\stm32l4xx_hal.o
 .debug_line    0x000003e7      0x3e6 Drivers\STM32L4xx_HAL_Driver\Src\stm32l4xx_hal_cortex.o
 .debug_line    0x000007cd      0x383 Drivers\STM32L4xx_HAL_Driver\Src\stm32l4xx_hal_gpio.o
 .debug_line    0x00000b50      0x509 Drivers\STM32L4xx_HAL_Driver\Src\stm32l4xx_hal_pwr_ex.o
 .debug_line    0x00001059      0x661 Drivers\STM32L4xx_HAL_Driver\Src\stm32l4xx_hal_rcc.o
 .debug_line    0x000016ba      0x83c Drivers\STM32L4xx_HAL_Driver\Src\stm32l4xx_hal_rcc_ex.o
 .debug_line    0x00001ef6      0xc0b Drivers\STM32L4xx_HAL_Driver\Src\stm32l4xx_hal_spi.o
 .debug_line    0x00002b01     0x1116 Drivers\STM32L4xx_HAL_Driver\Src\stm32l4xx_hal_tim.o
 .debug_line    0x00003c17      0x6fe Drivers\STM32L4xx_HAL_Driver\Src\stm32l4xx_hal_tim_ex.o
 .debug_line    0x00004315      0xc19 Drivers\STM32L4xx_HAL_Driver\Src\stm32l4xx_hal_uart.o
 .debug_line    0x00004f2e       0x36 Src\DefaultFonts.o
 .debug_line    0x00004f64      0x86f Src\ST7735.o
 .debug_line    0x000057d3      0x258 Src\hw_config.o
 .debug_line    0x00005a2b      0x52c Src\main.o
 .debug_line    0x00005f57      0x249 Src\rtttl.o
 .debug_line    0x000061a0      0x32a Src\stm32l4xx_hal_msp.o
 .debug_line    0x000064ca      0x195 Src\stm32l4xx_it.o
 .debug_line    0x0000665f      0x3a1 Src\syscalls.o
 .debug_line    0x00006a00      0x1d9 Src\system_stm32l4xx.o
 .debug_line    0x00006bd9       0x7f startup\startup_stm32l432xx.o

.debug_str      0x00000000     0x492d
 .debug_str     0x00000000      0xa17 Drivers\STM32L4xx_HAL_Driver\Src\stm32l4xx_hal.o
                                0xa7e (size before relaxing)
 .debug_str     0x00000a17      0x38c Drivers\STM32L4xx_HAL_Driver\Src\stm32l4xx_hal_cortex.o
                                0xad7 (size before relaxing)
 .debug_str     0x00000da3      0x1d5 Drivers\STM32L4xx_HAL_Driver\Src\stm32l4xx_hal_gpio.o
                                0x56b (size before relaxing)
 .debug_str     0x00000f78      0x454 Drivers\STM32L4xx_HAL_Driver\Src\stm32l4xx_hal_pwr_ex.o
                                0x751 (size before relaxing)
 .debug_str     0x000013cc      0x3b4 Drivers\STM32L4xx_HAL_Driver\Src\stm32l4xx_hal_rcc.o
                                0x844 (size before relaxing)
 .debug_str     0x00001780      0x5b0 Drivers\STM32L4xx_HAL_Driver\Src\stm32l4xx_hal_rcc_ex.o
                                0xb06 (size before relaxing)
 .debug_str     0x00001d30      0x828 Drivers\STM32L4xx_HAL_Driver\Src\stm32l4xx_hal_spi.o
                                0xae5 (size before relaxing)
 .debug_str     0x00002558      0xcd2 Drivers\STM32L4xx_HAL_Driver\Src\stm32l4xx_hal_tim.o
                               0x113d (size before relaxing)
 .debug_str     0x0000322a      0x550 Drivers\STM32L4xx_HAL_Driver\Src\stm32l4xx_hal_tim_ex.o
                                0xcb5 (size before relaxing)
 .debug_str     0x0000377a      0x812 Drivers\STM32L4xx_HAL_Driver\Src\stm32l4xx_hal_uart.o
                                0xeb5 (size before relaxing)
 .debug_str     0x00003f8c       0x20 Src\DefaultFonts.o
                                0x119 (size before relaxing)
 .debug_str     0x00003fac      0x422 Src\ST7735.o
                                0x667 (size before relaxing)
 .debug_str     0x000043ce       0x4c Src\hw_config.o
                                0x68b (size before relaxing)
 .debug_str     0x0000441a      0x198 Src\main.o
                               0x17e5 (size before relaxing)
 .debug_str     0x000045b2       0x9f Src\rtttl.o
                                0x293 (size before relaxing)
 .debug_str     0x00004651       0xa0 Src\stm32l4xx_hal_msp.o
                               0x1061 (size before relaxing)
 .debug_str     0x000046f1       0x26 Src\stm32l4xx_it.o
                                0x1e8 (size before relaxing)
 .debug_str     0x00004717      0x1db Src\syscalls.o
                                0x8ce (size before relaxing)
 .debug_str     0x000048f2       0x3b Src\system_stm32l4xx.o
                                0x404 (size before relaxing)

.comment        0x00000000       0x7e
 .comment       0x00000000       0x7e Drivers\STM32L4xx_HAL_Driver\Src\stm32l4xx_hal.o
                                 0x7f (size before relaxing)
 .comment       0x0000007e       0x7f Drivers\STM32L4xx_HAL_Driver\Src\stm32l4xx_hal_cortex.o
 .comment       0x0000007e       0x7f Drivers\STM32L4xx_HAL_Driver\Src\stm32l4xx_hal_gpio.o
 .comment       0x0000007e       0x7f Drivers\STM32L4xx_HAL_Driver\Src\stm32l4xx_hal_pwr_ex.o
 .comment       0x0000007e       0x7f Drivers\STM32L4xx_HAL_Driver\Src\stm32l4xx_hal_rcc.o
 .comment       0x0000007e       0x7f Drivers\STM32L4xx_HAL_Driver\Src\stm32l4xx_hal_rcc_ex.o
 .comment       0x0000007e       0x7f Drivers\STM32L4xx_HAL_Driver\Src\stm32l4xx_hal_spi.o
 .comment       0x0000007e       0x7f Drivers\STM32L4xx_HAL_Driver\Src\stm32l4xx_hal_tim.o
 .comment       0x0000007e       0x7f Drivers\STM32L4xx_HAL_Driver\Src\stm32l4xx_hal_tim_ex.o
 .comment       0x0000007e       0x7f Drivers\STM32L4xx_HAL_Driver\Src\stm32l4xx_hal_uart.o
 .comment       0x0000007e       0x7f Src\DefaultFonts.o
 .comment       0x0000007e       0x7f Src\ST7735.o
 .comment       0x0000007e       0x7f Src\hw_config.o
 .comment       0x0000007e       0x7f Src\main.o
 .comment       0x0000007e       0x7f Src\rtttl.o
 .comment       0x0000007e       0x7f Src\stm32l4xx_hal_msp.o
 .comment       0x0000007e       0x7f Src\stm32l4xx_it.o
 .comment       0x0000007e       0x7f Src\syscalls.o
 .comment       0x0000007e       0x7f Src\system_stm32l4xx.o

.debug_frame    0x00000000     0x3534
 .debug_frame   0x00000000      0x1e4 Drivers\STM32L4xx_HAL_Driver\Src\stm32l4xx_hal.o
 .debug_frame   0x000001e4      0x130 Drivers\STM32L4xx_HAL_Driver\Src\stm32l4xx_hal_cortex.o
 .debug_frame   0x00000314       0xd4 Drivers\STM32L4xx_HAL_Driver\Src\stm32l4xx_hal_gpio.o
 .debug_frame   0x000003e8      0x1f8 Drivers\STM32L4xx_HAL_Driver\Src\stm32l4xx_hal_pwr_ex.o
 .debug_frame   0x000005e0      0x150 Drivers\STM32L4xx_HAL_Driver\Src\stm32l4xx_hal_rcc.o
 .debug_frame   0x00000730      0x274 Drivers\STM32L4xx_HAL_Driver\Src\stm32l4xx_hal_rcc_ex.o
 .debug_frame   0x000009a4      0x594 Drivers\STM32L4xx_HAL_Driver\Src\stm32l4xx_hal_spi.o
 .debug_frame   0x00000f38      0x8b0 Drivers\STM32L4xx_HAL_Driver\Src\stm32l4xx_hal_tim.o
 .debug_frame   0x000017e8      0x370 Drivers\STM32L4xx_HAL_Driver\Src\stm32l4xx_hal_tim_ex.o
 .debug_frame   0x00001b58      0x510 Drivers\STM32L4xx_HAL_Driver\Src\stm32l4xx_hal_uart.o
 .debug_frame   0x00002068      0x4f0 Src\ST7735.o
 .debug_frame   0x00002558       0x94 Src\hw_config.o
 .debug_frame   0x000025ec       0xd8 Src\main.o
 .debug_frame   0x000026c4       0x68 Src\rtttl.o
 .debug_frame   0x0000272c       0xc8 Src\stm32l4xx_hal_msp.o
 .debug_frame   0x000027f4       0x2c Src\stm32l4xx_it.o
 .debug_frame   0x00002820      0x180 Src\syscalls.o
 .debug_frame   0x000029a0       0x38 Src\system_stm32l4xx.o
 .debug_frame   0x000029d8       0x2c c:/program files/atollic/truestudio for arm 7.1.2/armtools/bin/../lib/gcc/arm-atollic-eabi/5.3.1/../../../../arm-atollic-eabi/lib/armv7e-m/fpu\libc_nano.a(lib_a-init.o)
 .debug_frame   0x00002a04       0x20 c:/program files/atollic/truestudio for arm 7.1.2/armtools/bin/../lib/gcc/arm-atollic-eabi/5.3.1/../../../../arm-atollic-eabi/lib/armv7e-m/fpu\libc_nano.a(lib_a-memset.o)
 .debug_frame   0x00002a24       0x38 c:/program files/atollic/truestudio for arm 7.1.2/armtools/bin/../lib/gcc/arm-atollic-eabi/5.3.1/../../../../arm-atollic-eabi/lib/armv7e-m/fpu\libc_nano.a(lib_a-nano-freer.o)
 .debug_frame   0x00002a5c       0x2c c:/program files/atollic/truestudio for arm 7.1.2/armtools/bin/../lib/gcc/arm-atollic-eabi/5.3.1/../../../../arm-atollic-eabi/lib/armv7e-m/fpu\libc_nano.a(lib_a-nano-mallocr.o)
 .debug_frame   0x00002a88       0x3c c:/program files/atollic/truestudio for arm 7.1.2/armtools/bin/../lib/gcc/arm-atollic-eabi/5.3.1/../../../../arm-atollic-eabi/lib/armv7e-m/fpu\libc_nano.a(lib_a-puts.o)
 .debug_frame   0x00002ac4       0x5c c:/program files/atollic/truestudio for arm 7.1.2/armtools/bin/../lib/gcc/arm-atollic-eabi/5.3.1/../../../../arm-atollic-eabi/lib/armv7e-m/fpu\libc_nano.a(lib_a-reent.o)
 .debug_frame   0x00002b20       0x2c c:/program files/atollic/truestudio for arm 7.1.2/armtools/bin/../lib/gcc/arm-atollic-eabi/5.3.1/../../../../arm-atollic-eabi/lib/armv7e-m/fpu\libc_nano.a(lib_a-sbrkr.o)
 .debug_frame   0x00002b4c       0x74 c:/program files/atollic/truestudio for arm 7.1.2/armtools/bin/../lib/gcc/arm-atollic-eabi/5.3.1/../../../../arm-atollic-eabi/lib/armv7e-m/fpu\libc_nano.a(lib_a-scanf.o)
 .debug_frame   0x00002bc0       0x40 c:/program files/atollic/truestudio for arm 7.1.2/armtools/bin/../lib/gcc/arm-atollic-eabi/5.3.1/../../../../arm-atollic-eabi/lib/armv7e-m/fpu\libc_nano.a(lib_a-wbuf.o)
 .debug_frame   0x00002c00       0x2c c:/program files/atollic/truestudio for arm 7.1.2/armtools/bin/../lib/gcc/arm-atollic-eabi/5.3.1/../../../../arm-atollic-eabi/lib/armv7e-m/fpu\libc_nano.a(lib_a-wsetup.o)
 .debug_frame   0x00002c2c       0x68 c:/program files/atollic/truestudio for arm 7.1.2/armtools/bin/../lib/gcc/arm-atollic-eabi/5.3.1/../../../../arm-atollic-eabi/lib/armv7e-m/fpu\libc_nano.a(lib_a-fflush.o)
 .debug_frame   0x00002c94      0x11c c:/program files/atollic/truestudio for arm 7.1.2/armtools/bin/../lib/gcc/arm-atollic-eabi/5.3.1/../../../../arm-atollic-eabi/lib/armv7e-m/fpu\libc_nano.a(lib_a-findfp.o)
 .debug_frame   0x00002db0       0x54 c:/program files/atollic/truestudio for arm 7.1.2/armtools/bin/../lib/gcc/arm-atollic-eabi/5.3.1/../../../../arm-atollic-eabi/lib/armv7e-m/fpu\libc_nano.a(lib_a-fwalk.o)
 .debug_frame   0x00002e04       0x54 c:/program files/atollic/truestudio for arm 7.1.2/armtools/bin/../lib/gcc/arm-atollic-eabi/5.3.1/../../../../arm-atollic-eabi/lib/armv7e-m/fpu\libc_nano.a(lib_a-makebuf.o)
 .debug_frame   0x00002e58       0x30 c:/program files/atollic/truestudio for arm 7.1.2/armtools/bin/../lib/gcc/arm-atollic-eabi/5.3.1/../../../../arm-atollic-eabi/lib/armv7e-m/fpu\libc_nano.a(lib_a-mlock.o)
 .debug_frame   0x00002e88       0xa0 c:/program files/atollic/truestudio for arm 7.1.2/armtools/bin/../lib/gcc/arm-atollic-eabi/5.3.1/../../../../arm-atollic-eabi/lib/armv7e-m/fpu\libc_nano.a(lib_a-nano-vfscanf.o)
 .debug_frame   0x00002f28       0x60 c:/program files/atollic/truestudio for arm 7.1.2/armtools/bin/../lib/gcc/arm-atollic-eabi/5.3.1/../../../../arm-atollic-eabi/lib/armv7e-m/fpu\libc_nano.a(lib_a-nano-vfscanf_i.o)
 .debug_frame   0x00002f88       0x40 c:/program files/atollic/truestudio for arm 7.1.2/armtools/bin/../lib/gcc/arm-atollic-eabi/5.3.1/../../../../arm-atollic-eabi/lib/armv7e-m/fpu\libc_nano.a(lib_a-refill.o)
 .debug_frame   0x00002fc8       0x2c c:/program files/atollic/truestudio for arm 7.1.2/armtools/bin/../lib/gcc/arm-atollic-eabi/5.3.1/../../../../arm-atollic-eabi/lib/armv7e-m/fpu\libc_nano.a(lib_a-sccl.o)
 .debug_frame   0x00002ff4       0x88 c:/program files/atollic/truestudio for arm 7.1.2/armtools/bin/../lib/gcc/arm-atollic-eabi/5.3.1/../../../../arm-atollic-eabi/lib/armv7e-m/fpu\libc_nano.a(lib_a-stdio.o)
 .debug_frame   0x0000307c       0x44 c:/program files/atollic/truestudio for arm 7.1.2/armtools/bin/../lib/gcc/arm-atollic-eabi/5.3.1/../../../../arm-atollic-eabi/lib/armv7e-m/fpu\libc_nano.a(lib_a-strtol.o)
 .debug_frame   0x000030c0       0x44 c:/program files/atollic/truestudio for arm 7.1.2/armtools/bin/../lib/gcc/arm-atollic-eabi/5.3.1/../../../../arm-atollic-eabi/lib/armv7e-m/fpu\libc_nano.a(lib_a-strtoul.o)
 .debug_frame   0x00003104       0x60 c:/program files/atollic/truestudio for arm 7.1.2/armtools/bin/../lib/gcc/arm-atollic-eabi/5.3.1/../../../../arm-atollic-eabi/lib/armv7e-m/fpu\libc_nano.a(lib_a-ungetc.o)
 .debug_frame   0x00003164       0x2c c:/program files/atollic/truestudio for arm 7.1.2/armtools/bin/../lib/gcc/arm-atollic-eabi/5.3.1/../../../../arm-atollic-eabi/lib/armv7e-m/fpu\libc_nano.a(lib_a-writer.o)
 .debug_frame   0x00003190       0x2c c:/program files/atollic/truestudio for arm 7.1.2/armtools/bin/../lib/gcc/arm-atollic-eabi/5.3.1/../../../../arm-atollic-eabi/lib/armv7e-m/fpu\libc_nano.a(lib_a-closer.o)
 .debug_frame   0x000031bc       0x2c c:/program files/atollic/truestudio for arm 7.1.2/armtools/bin/../lib/gcc/arm-atollic-eabi/5.3.1/../../../../arm-atollic-eabi/lib/armv7e-m/fpu\libc_nano.a(lib_a-fstatr.o)
 .debug_frame   0x000031e8       0x2c c:/program files/atollic/truestudio for arm 7.1.2/armtools/bin/../lib/gcc/arm-atollic-eabi/5.3.1/../../../../arm-atollic-eabi/lib/armv7e-m/fpu\libc_nano.a(lib_a-isattyr.o)
 .debug_frame   0x00003214       0x2c c:/program files/atollic/truestudio for arm 7.1.2/armtools/bin/../lib/gcc/arm-atollic-eabi/5.3.1/../../../../arm-atollic-eabi/lib/armv7e-m/fpu\libc_nano.a(lib_a-lseekr.o)
 .debug_frame   0x00003240       0x28 c:/program files/atollic/truestudio for arm 7.1.2/armtools/bin/../lib/gcc/arm-atollic-eabi/5.3.1/../../../../arm-atollic-eabi/lib/armv7e-m/fpu\libc_nano.a(lib_a-memcpy-stub.o)
 .debug_frame   0x00003268       0x3c c:/program files/atollic/truestudio for arm 7.1.2/armtools/bin/../lib/gcc/arm-atollic-eabi/5.3.1/../../../../arm-atollic-eabi/lib/armv7e-m/fpu\libc_nano.a(lib_a-nano-reallocr.o)
 .debug_frame   0x000032a4       0x2c c:/program files/atollic/truestudio for arm 7.1.2/armtools/bin/../lib/gcc/arm-atollic-eabi/5.3.1/../../../../arm-atollic-eabi/lib/armv7e-m/fpu\libc_nano.a(lib_a-readr.o)
 .debug_frame   0x000032d0       0x20 c:/program files/atollic/truestudio for arm 7.1.2/armtools/bin/../lib/gcc/arm-atollic-eabi/5.3.1/../../../../arm-atollic-eabi/lib/armv7e-m/fpu\libc_nano.a(lib_a-nano-msizer.o)
 .debug_frame   0x000032f0       0x28 c:/program files/atollic/truestudio for arm 7.1.2/armtools/bin/../lib/gcc/arm-atollic-eabi/5.3.1/../../../../arm-atollic-eabi/lib/armv7e-m/fpu\libm.a(lib_a-s_cos.o)
 .debug_frame   0x00003318       0x28 c:/program files/atollic/truestudio for arm 7.1.2/armtools/bin/../lib/gcc/arm-atollic-eabi/5.3.1/../../../../arm-atollic-eabi/lib/armv7e-m/fpu\libm.a(lib_a-s_sin.o)
 .debug_frame   0x00003340       0x40 c:/program files/atollic/truestudio for arm 7.1.2/armtools/bin/../lib/gcc/arm-atollic-eabi/5.3.1/../../../../arm-atollic-eabi/lib/armv7e-m/fpu\libm.a(lib_a-e_rem_pio2.o)
 .debug_frame   0x00003380       0x3c c:/program files/atollic/truestudio for arm 7.1.2/armtools/bin/../lib/gcc/arm-atollic-eabi/5.3.1/../../../../arm-atollic-eabi/lib/armv7e-m/fpu\libm.a(lib_a-k_cos.o)
 .debug_frame   0x000033bc       0x40 c:/program files/atollic/truestudio for arm 7.1.2/armtools/bin/../lib/gcc/arm-atollic-eabi/5.3.1/../../../../arm-atollic-eabi/lib/armv7e-m/fpu\libm.a(lib_a-k_rem_pio2.o)
 .debug_frame   0x000033fc       0x3c c:/program files/atollic/truestudio for arm 7.1.2/armtools/bin/../lib/gcc/arm-atollic-eabi/5.3.1/../../../../arm-atollic-eabi/lib/armv7e-m/fpu\libm.a(lib_a-k_sin.o)
 .debug_frame   0x00003438       0x20 c:/program files/atollic/truestudio for arm 7.1.2/armtools/bin/../lib/gcc/arm-atollic-eabi/5.3.1/../../../../arm-atollic-eabi/lib/armv7e-m/fpu\libm.a(lib_a-s_fabs.o)
 .debug_frame   0x00003458       0x30 c:/program files/atollic/truestudio for arm 7.1.2/armtools/bin/../lib/gcc/arm-atollic-eabi/5.3.1/../../../../arm-atollic-eabi/lib/armv7e-m/fpu\libm.a(lib_a-s_floor.o)
 .debug_frame   0x00003488       0x2c c:/program files/atollic/truestudio for arm 7.1.2/armtools/bin/../lib/gcc/arm-atollic-eabi/5.3.1/../../../../arm-atollic-eabi/lib/armv7e-m/fpu\libm.a(lib_a-s_scalbn.o)