Archive member included to satisfy reference by file (symbol)

c:/program files/atollic/truestudio for arm 7.1.2/armtools/bin/../lib/gcc/arm-atollic-eabi/5.3.1/../../../../arm-atollic-eabi/lib/armv7e-m/fpu\libc_nano.a(lib_a-init.o)
                              startup\startup_stm32l432xx.o (__libc_init_array)
c:/program files/atollic/truestudio for arm 7.1.2/armtools/bin/../lib/gcc/arm-atollic-eabi/5.3.1/../../../../arm-atollic-eabi/lib/armv7e-m/fpu\libc_nano.a(lib_a-malloc.o)
                              Src\ST7735.o (malloc)
c:/program files/atollic/truestudio for arm 7.1.2/armtools/bin/../lib/gcc/arm-atollic-eabi/5.3.1/../../../../arm-atollic-eabi/lib/armv7e-m/fpu\libc_nano.a(lib_a-memset.o)
                              Src\ST7735.o (memset)
c:/program files/atollic/truestudio for arm 7.1.2/armtools/bin/../lib/gcc/arm-atollic-eabi/5.3.1/../../../../arm-atollic-eabi/lib/armv7e-m/fpu\libc_nano.a(lib_a-nano-freer.o)
                              c:/program files/atollic/truestudio for arm 7.1.2/armtools/bin/../lib/gcc/arm-atollic-eabi/5.3.1/../../../../arm-atollic-eabi/lib/armv7e-m/fpu\libc_nano.a(lib_a-malloc.o) (_free_r)
c:/program files/atollic/truestudio for arm 7.1.2/armtools/bin/../lib/gcc/arm-atollic-eabi/5.3.1/../../../../arm-atollic-eabi/lib/armv7e-m/fpu\libc_nano.a(lib_a-nano-mallocr.o)
                              c:/program files/atollic/truestudio for arm 7.1.2/armtools/bin/../lib/gcc/arm-atollic-eabi/5.3.1/../../../../arm-atollic-eabi/lib/armv7e-m/fpu\libc_nano.a(lib_a-malloc.o) (_malloc_r)
c:/program files/atollic/truestudio for arm 7.1.2/armtools/bin/../lib/gcc/arm-atollic-eabi/5.3.1/../../../../arm-atollic-eabi/lib/armv7e-m/fpu\libc_nano.a(lib_a-reent.o)
                              Src\syscalls.o (errno)
c:/program files/atollic/truestudio for arm 7.1.2/armtools/bin/../lib/gcc/arm-atollic-eabi/5.3.1/../../../../arm-atollic-eabi/lib/armv7e-m/fpu\libc_nano.a(lib_a-sbrkr.o)
                              c:/program files/atollic/truestudio for arm 7.1.2/armtools/bin/../lib/gcc/arm-atollic-eabi/5.3.1/../../../../arm-atollic-eabi/lib/armv7e-m/fpu\libc_nano.a(lib_a-nano-mallocr.o) (_sbrk_r)
c:/program files/atollic/truestudio for arm 7.1.2/armtools/bin/../lib/gcc/arm-atollic-eabi/5.3.1/../../../../arm-atollic-eabi/lib/armv7e-m/fpu\libc_nano.a(lib_a-strlen.o)
                              Src\ST7735.o (strlen)
c:/program files/atollic/truestudio for arm 7.1.2/armtools/bin/../lib/gcc/arm-atollic-eabi/5.3.1/../../../../arm-atollic-eabi/lib/armv7e-m/fpu\libc_nano.a(lib_a-impure.o)
                              c:/program files/atollic/truestudio for arm 7.1.2/armtools/bin/../lib/gcc/arm-atollic-eabi/5.3.1/../../../../arm-atollic-eabi/lib/armv7e-m/fpu\libc_nano.a(lib_a-malloc.o) (_impure_ptr)
c:/program files/atollic/truestudio for arm 7.1.2/armtools/bin/../lib/gcc/arm-atollic-eabi/5.3.1/../../../../arm-atollic-eabi/lib/armv7e-m/fpu\libc_nano.a(lib_a-mlock.o)
                              c:/program files/atollic/truestudio for arm 7.1.2/armtools/bin/../lib/gcc/arm-atollic-eabi/5.3.1/../../../../arm-atollic-eabi/lib/armv7e-m/fpu\libc_nano.a(lib_a-nano-freer.o) (__malloc_lock)
c:/program files/atollic/truestudio for arm 7.1.2/armtools/bin/../lib/gcc/arm-atollic-eabi/5.3.1/../../../../arm-atollic-eabi/lib/armv7e-m/fpu\libm.a(lib_a-s_cos.o)
                              Src\ST7735.o (cos)
c:/program files/atollic/truestudio for arm 7.1.2/armtools/bin/../lib/gcc/arm-atollic-eabi/5.3.1/../../../../arm-atollic-eabi/lib/armv7e-m/fpu\libm.a(lib_a-s_sin.o)
                              Src\ST7735.o (sin)
c:/program files/atollic/truestudio for arm 7.1.2/armtools/bin/../lib/gcc/arm-atollic-eabi/5.3.1/../../../../arm-atollic-eabi/lib/armv7e-m/fpu\libm.a(lib_a-e_rem_pio2.o)
                              c:/program files/atollic/truestudio for arm 7.1.2/armtools/bin/../lib/gcc/arm-atollic-eabi/5.3.1/../../../../arm-atollic-eabi/lib/armv7e-m/fpu\libm.a(lib_a-s_cos.o) (__ieee754_rem_pio2)
c:/program files/atollic/truestudio for arm 7.1.2/armtools/bin/../lib/gcc/arm-atollic-eabi/5.3.1/../../../../arm-atollic-eabi/lib/armv7e-m/fpu\libm.a(lib_a-k_cos.o)
                              c:/program files/atollic/truestudio for arm 7.1.2/armtools/bin/../lib/gcc/arm-atollic-eabi/5.3.1/../../../../arm-atollic-eabi/lib/armv7e-m/fpu\libm.a(lib_a-s_cos.o) (__kernel_cos)
c:/program files/atollic/truestudio for arm 7.1.2/armtools/bin/../lib/gcc/arm-atollic-eabi/5.3.1/../../../../arm-atollic-eabi/lib/armv7e-m/fpu\libm.a(lib_a-k_rem_pio2.o)
                              c:/program files/atollic/truestudio for arm 7.1.2/armtools/bin/../lib/gcc/arm-atollic-eabi/5.3.1/../../../../arm-atollic-eabi/lib/armv7e-m/fpu\libm.a(lib_a-e_rem_pio2.o) (__kernel_rem_pio2)
c:/program files/atollic/truestudio for arm 7.1.2/armtools/bin/../lib/gcc/arm-atollic-eabi/5.3.1/../../../../arm-atollic-eabi/lib/armv7e-m/fpu\libm.a(lib_a-k_sin.o)
[...]
Memory Configuration

Name             Origin             Length             Attributes
RAM              0x20000000         0x00010000         xrw
FLASH            0x08000000         0x00040000         xr
*default*        0x00000000         0xffffffff

Linker script and memory map

LOAD c:/program files/atollic/truestudio for arm 7.1.2/armtools/bin/../lib/gcc/arm-atollic-eabi/5.3.1/armv7e-m/fpu/crti.o
LOAD c:/program files/atollic/truestudio for arm 7.1.2/armtools/bin/../lib/gcc/arm-atollic-eabi/5.3.1/armv7e-m/fpu/crtbegin.o
LOAD Drivers\STM32L4xx_HAL_Driver\Src\stm32l4xx_hal.o
LOAD Drivers\STM32L4xx_HAL_Driver\Src\stm32l4xx_hal_cortex.o
LOAD Drivers\STM32L4xx_HAL_Driver\Src\stm32l4xx_hal_dma.o
LOAD Drivers\STM32L4xx_HAL_Driver\Src\stm32l4xx_hal_flash.o
LOAD Drivers\STM32L4xx_HAL_Driver\Src\stm32l4xx_hal_flash_ex.o
LOAD Drivers\STM32L4xx_HAL_Driver\Src\stm32l4xx_hal_flash_ramfunc.o
LOAD Drivers\STM32L4xx_HAL_Driver\Src\stm32l4xx_hal_gpio.o
LOAD Drivers\STM32L4xx_HAL_Driver\Src\stm32l4xx_hal_i2c.o
LOAD Drivers\STM32L4xx_HAL_Driver\Src\stm32l4xx_hal_i2c_ex.o
LOAD Drivers\STM32L4xx_HAL_Driver\Src\stm32l4xx_hal_pwr.o
LOAD Drivers\STM32L4xx_HAL_Driver\Src\stm32l4xx_hal_pwr_ex.o
LOAD Drivers\STM32L4xx_HAL_Driver\Src\stm32l4xx_hal_rcc.o
LOAD Drivers\STM32L4xx_HAL_Driver\Src\stm32l4xx_hal_rcc_ex.o
LOAD Drivers\STM32L4xx_HAL_Driver\Src\stm32l4xx_hal_spi.o
LOAD Drivers\STM32L4xx_HAL_Driver\Src\stm32l4xx_hal_spi_ex.o
LOAD Drivers\STM32L4xx_HAL_Driver\Src\stm32l4xx_hal_tim.o
LOAD Drivers\STM32L4xx_HAL_Driver\Src\stm32l4xx_hal_tim_ex.o
LOAD Drivers\STM32L4xx_HAL_Driver\Src\stm32l4xx_hal_uart.o
LOAD Drivers\STM32L4xx_HAL_Driver\Src\stm32l4xx_hal_uart_ex.o
LOAD Src\DefaultFonts.o
LOAD Src\ST7735.o
LOAD Src\hw_config.o
LOAD Src\main.o
LOAD Src\stm32l4xx_hal_msp.o
LOAD Src\stm32l4xx_it.o
LOAD Src\syscalls.o
LOAD Src\system_stm32l4xx.o
LOAD startup\startup_stm32l432xx.o
START GROUP
LOAD c:/program files/atollic/truestudio for arm 7.1.2/armtools/bin/../lib/gcc/arm-atollic-eabi/5.3.1/../../../../arm-atollic-eabi/lib/armv7e-m/fpu\libc_nano.a
LOAD c:/program files/atollic/truestudio for arm 7.1.2/armtools/bin/../lib/gcc/arm-atollic-eabi/5.3.1/../../../../arm-atollic-eabi/lib/armv7e-m/fpu\libm.a
END GROUP
                0x00000080                malloc_getpagesize_P = 0x80
START GROUP
LOAD c:/program files/atollic/truestudio for arm 7.1.2/armtools/bin/../lib/gcc/arm-atollic-eabi/5.3.1/armv7e-m/fpu\libgcc.a
LOAD c:/program files/atollic/truestudio for arm 7.1.2/armtools/bin/../lib/gcc/arm-atollic-eabi/5.3.1/../../../../arm-atollic-eabi/lib/armv7e-m/fpu\libc_nano.a
END GROUP
START GROUP
LOAD c:/program files/atollic/truestudio for arm 7.1.2/armtools/bin/../lib/gcc/arm-atollic-eabi/5.3.1/armv7e-m/fpu\libgcc.a
LOAD c:/program files/atollic/truestudio for arm 7.1.2/armtools/bin/../lib/gcc/arm-atollic-eabi/5.3.1/../../../../arm-atollic-eabi/lib/armv7e-m/fpu\libc_nano.a
LOAD c:/program files/atollic/truestudio for arm 7.1.2/armtools/bin/../lib/gcc/arm-atollic-eabi/5.3.1/../../../../arm-atollic-eabi/lib/armv7e-m/fpu\libnosys.a
END GROUP
START GROUP
LOAD c:/program files/atollic/truestudio for arm 7.1.2/armtools/bin/../lib/gcc/arm-atollic-eabi/5.3.1/armv7e-m/fpu\libgcc.a
LOAD c:/program files/atollic/truestudio for arm 7.1.2/armtools/bin/../lib/gcc/arm-atollic-eabi/5.3.1/../../../../arm-atollic-eabi/lib/armv7e-m/fpu\libc_nano.a
LOAD c:/program files/atollic/truestudio for arm 7.1.2/armtools/bin/../lib/gcc/arm-atollic-eabi/5.3.1/../../../../arm-atollic-eabi/lib/armv7e-m/fpu\libnosys.a
END GROUP
LOAD c:/program files/atollic/truestudio for arm 7.1.2/armtools/bin/../lib/gcc/arm-atollic-eabi/5.3.1/armv7e-m/fpu/crtend.o
LOAD c:/program files/atollic/truestudio for arm 7.1.2/armtools/bin/../lib/gcc/arm-atollic-eabi/5.3.1/armv7e-m/fpu/crtn.o
                0x20010000                _estack = 0x20010000
                0x00000200                _Min_Heap_Size = 0x200
                0x00000400                _Min_Stack_Size = 0x400

.isr_vector     0x08000000      0x18c
                0x08000000                . = ALIGN (0x4)
 *(.isr_vector)
 .isr_vector    0x08000000      0x18c startup\startup_stm32l432xx.o
                0x08000000                g_pfnVectors
                0x0800018c                . = ALIGN (0x4)

.text           0x08000190     0x3eb8
                0x08000190                . = ALIGN (0x4)
 *(.text)
 .text          0x08000190       0x40 c:/program files/atollic/truestudio for arm 7.1.2/armtools/bin/../lib/gcc/arm-atollic-eabi/5.3.1/armv7e-m/fpu/crtbegin.o
 .text          0x080001d0       0x10 c:/program files/atollic/truestudio for arm 7.1.2/armtools/bin/../lib/gcc/arm-atollic-eabi/5.3.1/../../../../arm-atollic-eabi/lib/armv7e-m/fpu\libc_nano.a(lib_a-strlen.o)
                0x080001d0                strlen
 .text          0x080001e0      0x370 c:/program files/atollic/truestudio for arm 7.1.2/armtools/bin/../lib/gcc/arm-atollic-eabi/5.3.1/armv7e-m/fpu\libgcc.a(_arm_addsubdf3.o)
                0x080001e0                __aeabi_drsub
                0x080001e8                __aeabi_dsub
                0x080001e8                __subdf3
                0x080001ec                __aeabi_dadd
                0x080001ec                __adddf3
                0x08000464                __floatunsidf
                0x08000464                __aeabi_ui2d
                0x08000484                __floatsidf
                0x08000484                __aeabi_i2d
                0x080004a8                __aeabi_f2d
                0x080004a8                __extendsfdf2
                0x080004e4                __floatundidf
                0x080004e4                __aeabi_ul2d
                0x080004f4                __floatdidf
                0x080004f4                __aeabi_l2d
 .text          0x08000550      0x424 c:/program files/atollic/truestudio for arm 7.1.2/armtools/bin/../lib/gcc/arm-atollic-eabi/5.3.1/armv7e-m/fpu\libgcc.a(_arm_muldivdf3.o)
                0x08000550                __aeabi_dmul
                0x08000550                __muldf3
                0x080007a4                __divdf3
                0x080007a4                __aeabi_ddiv
 .text          0x08000974      0x110 c:/program files/atollic/truestudio for arm 7.1.2/armtools/bin/../lib/gcc/arm-atollic-eabi/5.3.1/armv7e-m/fpu\libgcc.a(_arm_cmpdf2.o)
                0x08000974                __gtdf2
                0x08000974                __gedf2
                0x0800097c                __ltdf2
                0x0800097c                __ledf2
                0x08000984                __nedf2
                0x08000984                __eqdf2
                0x08000984                __cmpdf2
                0x08000a00                __aeabi_cdrcmple
                0x08000a10                __aeabi_cdcmpeq
                0x08000a10                __aeabi_cdcmple
                0x08000a20                __aeabi_dcmpeq
                0x08000a34                __aeabi_dcmplt
                0x08000a48                __aeabi_dcmple
                0x08000a5c                __aeabi_dcmpge
                0x08000a70                __aeabi_dcmpgt
 .text          0x08000a84       0x50 c:/program files/atollic/truestudio for arm 7.1.2/armtools/bin/../lib/gcc/arm-atollic-eabi/5.3.1/armv7e-m/fpu\libgcc.a(_arm_fixdfsi.o)
                0x08000a84                __aeabi_d2iz
                0x08000a84                __fixdfsi
 .text          0x08000ad4       0x30 c:/program files/atollic/truestudio for arm 7.1.2/armtools/bin/../lib/gcc/arm-atollic-eabi/5.3.1/armv7e-m/fpu\libgcc.a(_aeabi_uldivmod.o)
                0x08000ad4                __aeabi_uldivmod
 .text          0x08000b04      0x2e4 c:/program files/atollic/truestudio for arm 7.1.2/armtools/bin/../lib/gcc/arm-atollic-eabi/5.3.1/armv7e-m/fpu\libgcc.a(_udivmoddi4.o)
                0x08000b04                __udivmoddi4
 .text          0x08000de8        0x4 c:/program files/atollic/truestudio for arm 7.1.2/armtools/bin/../lib/gcc/arm-atollic-eabi/5.3.1/armv7e-m/fpu\libgcc.a(_dvmd_tls.o)
                0x08000de8                __aeabi_idiv0
                0x08000de8                __aeabi_ldiv0
 *(.text*)
 .text.HAL_InitTick
                0x08000dec       0x28 Drivers\STM32L4xx_HAL_Driver\Src\stm32l4xx_hal.o
                0x08000dec                HAL_InitTick
 .text.HAL_Init
                0x08000e14       0x16 Drivers\STM32L4xx_HAL_Driver\Src\stm32l4xx_hal.o
                0x08000e14                HAL_Init
 *fill*         0x08000e2a        0x2 
 .text.HAL_IncTick
                0x08000e2c       0x10 Drivers\STM32L4xx_HAL_Driver\Src\stm32l4xx_hal.o
                0x08000e2c                HAL_IncTick
 .text.HAL_GetTick
                0x08000e3c        0xc Drivers\STM32L4xx_HAL_Driver\Src\stm32l4xx_hal.o
                0x08000e3c                HAL_GetTick
 .text.HAL_Delay
                0x08000e48       0x1c Drivers\STM32L4xx_HAL_Driver\Src\stm32l4xx_hal.o
                0x08000e48                HAL_Delay
 .text.HAL_NVIC_SetPriorityGrouping
                0x08000e64       0x24 Drivers\STM32L4xx_HAL_Driver\Src\stm32l4xx_hal_cortex.o
                0x08000e64                HAL_NVIC_SetPriorityGrouping
 .text.HAL_NVIC_SetPriority
                0x08000e88       0x68 Drivers\STM32L4xx_HAL_Driver\Src\stm32l4xx_hal_cortex.o
                0x08000e88                HAL_NVIC_SetPriority
 .text.HAL_SYSTICK_Config
                0x08000ef0       0x2c Drivers\STM32L4xx_HAL_Driver\Src\stm32l4xx_hal_cortex.o
                0x08000ef0                HAL_SYSTICK_Config
 .text.HAL_SYSTICK_CLKSourceConfig
                0x08000f1c       0x18 Drivers\STM32L4xx_HAL_Driver\Src\stm32l4xx_hal_cortex.o
                0x08000f1c                HAL_SYSTICK_CLKSourceConfig
 .text.HAL_SYSTICK_Callback
                0x08000f34        0x2 Drivers\STM32L4xx_HAL_Driver\Src\stm32l4xx_hal_cortex.o
                0x08000f34                HAL_SYSTICK_Callback
 .text.HAL_SYSTICK_IRQHandler
                0x08000f36        0x8 Drivers\STM32L4xx_HAL_Driver\Src\stm32l4xx_hal_cortex.o
                0x08000f36                HAL_SYSTICK_IRQHandler
 *fill*         0x08000f3e        0x2 
 .text.HAL_GPIO_Init
                0x08000f40      0x178 Drivers\STM32L4xx_HAL_Driver\Src\stm32l4xx_hal_gpio.o
                0x08000f40                HAL_GPIO_Init
 .text.HAL_GPIO_WritePin
                0x080010b8        0xa Drivers\STM32L4xx_HAL_Driver\Src\stm32l4xx_hal_gpio.o
                0x080010b8                HAL_GPIO_WritePin
 *fill*         0x080010c2        0x2 
 .text.HAL_PWREx_GetVoltageRange
                0x080010c4       0x10 Drivers\STM32L4xx_HAL_Driver\Src\stm32l4xx_hal_pwr_ex.o
                0x080010c4                HAL_PWREx_GetVoltageRange
 .text.HAL_PWREx_ControlVoltageScaling
                0x080010d4       0x6c Drivers\STM32L4xx_HAL_Driver\Src\stm32l4xx_hal_pwr_ex.o
                0x080010d4                HAL_PWREx_ControlVoltageScaling
 .text.RCC_SetFlashLatencyFromMSIRange
                0x08001140       0x84 Drivers\STM32L4xx_HAL_Driver\Src\stm32l4xx_hal_rcc.o
 .text.HAL_RCC_GetSysClockFreq
                0x080011c4      0x13c Drivers\STM32L4xx_HAL_Driver\Src\stm32l4xx_hal_rcc.o
                0x080011c4                HAL_RCC_GetSysClockFreq
 .text.HAL_RCC_OscConfig
                0x08001300      0x4e4 Drivers\STM32L4xx_HAL_Driver\Src\stm32l4xx_hal_rcc.o
                0x08001300                HAL_RCC_OscConfig
 .text.HAL_RCC_ClockConfig
                0x080017e4      0x170 Drivers\STM32L4xx_HAL_Driver\Src\stm32l4xx_hal_rcc.o
                0x080017e4                HAL_RCC_ClockConfig
 .text.HAL_RCC_GetHCLKFreq
                0x08001954        0xc Drivers\STM32L4xx_HAL_Driver\Src\stm32l4xx_hal_rcc.o
                0x08001954                HAL_RCC_GetHCLKFreq
 .text.HAL_RCC_GetPCLK1Freq
                0x08001960       0x30 Drivers\STM32L4xx_HAL_Driver\Src\stm32l4xx_hal_rcc.o
                0x08001960                HAL_RCC_GetPCLK1Freq
 .text.HAL_RCC_GetPCLK2Freq
                0x08001990       0x30 Drivers\STM32L4xx_HAL_Driver\Src\stm32l4xx_hal_rcc.o
                0x08001990                HAL_RCC_GetPCLK2Freq
 .text.RCCEx_PLLSAI1_Config
                0x080019c0      0x170 Drivers\STM32L4xx_HAL_Driver\Src\stm32l4xx_hal_rcc_ex.o
 .text.HAL_RCCEx_PeriphCLKConfig
                0x08001b30      0x284 Drivers\STM32L4xx_HAL_Driver\Src\stm32l4xx_hal_rcc_ex.o
                0x08001b30                HAL_RCCEx_PeriphCLKConfig
 .text.SPI_WaitFifoStateUntilTimeout.part.1
                0x08001db4       0x50 Drivers\STM32L4xx_HAL_Driver\Src\stm32l4xx_hal_spi.o
 .text.SPI_WaitFlagStateUntilTimeout.constprop.10
                0x08001e04       0x32 Drivers\STM32L4xx_HAL_Driver\Src\stm32l4xx_hal_spi.o
 .text.SPI_WaitFifoStateUntilTimeout.constprop.11
                0x08001e36       0x42 Drivers\STM32L4xx_HAL_Driver\Src\stm32l4xx_hal_spi.o
 .text.SPI_EndRxTxTransaction
                0x08001e78       0x3e Drivers\STM32L4xx_HAL_Driver\Src\stm32l4xx_hal_spi.o
 .text.HAL_SPI_Init
                0x08001eb6       0xa4 Drivers\STM32L4xx_HAL_Driver\Src\stm32l4xx_hal_spi.o
                0x08001eb6                HAL_SPI_Init
 .text.HAL_SPI_Transmit
                0x08001f5a      0x180 Drivers\STM32L4xx_HAL_Driver\Src\stm32l4xx_hal_spi.o
                0x08001f5a                HAL_SPI_Transmit
 *fill*         0x080020da        0x2 
 .text.UART_SetConfig
                0x080020dc      0x234 Drivers\STM32L4xx_HAL_Driver\Src\stm32l4xx_hal_uart.o
                0x080020dc                UART_SetConfig
 .text.UART_AdvFeatureConfig
                0x08002310       0xa8 Drivers\STM32L4xx_HAL_Driver\Src\stm32l4xx_hal_uart.o
                0x08002310                UART_AdvFeatureConfig
 .text.UART_WaitOnFlagUntilTimeout
                0x080023b8       0x62 Drivers\STM32L4xx_HAL_Driver\Src\stm32l4xx_hal_uart.o
                0x080023b8                UART_WaitOnFlagUntilTimeout
 .text.UART_CheckIdleState
                0x0800241a       0x68 Drivers\STM32L4xx_HAL_Driver\Src\stm32l4xx_hal_uart.o
                0x0800241a                UART_CheckIdleState
 .text.HAL_UART_Init
                0x08002482       0x64 Drivers\STM32L4xx_HAL_Driver\Src\stm32l4xx_hal_uart.o
                0x08002482                HAL_UART_Init
 .text.commandList
                0x080024e6       0x5a Src\ST7735.o
 .text.commonInit
                0x08002540       0x38 Src\ST7735.o
 .text.lcd7735_initR
                0x08002578       0x60 Src\ST7735.o
                0x08002578                lcd7735_initR
 .text.lcd7735_setAddrWindow
                0x080025d8       0x70 Src\ST7735.o
                0x080025d8                lcd7735_setAddrWindow
 .text.lcd7735_pushColor
                0x08002648       0x20 Src\ST7735.o
                0x08002648                lcd7735_pushColor
 .text.lcd7735_fillRect
                0x08002668       0x88 Src\ST7735.o
                0x08002668                lcd7735_fillRect
 .text.lcd7735_setFont
                0x080026f0       0x1c Src\ST7735.o
                0x080026f0                lcd7735_setFont
 .text.printChar
                0x0800270c      0x154 Src\ST7735.o
                0x0800270c                printChar
 .text.rotateChar
                0x08002860      0x1a0 Src\ST7735.o
                0x08002860                rotateChar
 .text.lcd7735_print
                0x08002a00       0x8c Src\ST7735.o
                0x08002a00                lcd7735_print
 .text.lcd7735_fillScreen
                0x08002a8c       0x28 Src\ST7735.o
                0x08002a8c                lcd7735_fillScreen
 .text.lcd7735_setForeground
                0x08002ab4        0xc Src\ST7735.o
                0x08002ab4                lcd7735_setForeground
 .text.lcd7735_setTransparent
                0x08002ac0        0xc Src\ST7735.o
                0x08002ac0                lcd7735_setTransparent
 .text.lcd7735_senddata
                0x08002acc       0x1c Src\hw_config.o
                0x08002acc                lcd7735_senddata
 .text.lcd7735_sendCmd
                0x08002ae8       0x10 Src\hw_config.o
                0x08002ae8                lcd7735_sendCmd
 .text.lcd7735_sendData
                0x08002af8       0x10 Src\hw_config.o
                0x08002af8                lcd7735_sendData
 .text.SystemClock_Config
                0x08002b08       0x8c Src\main.o
                0x08002b08                SystemClock_Config
 .text.startup.main
                0x08002b94      0x140 Src\main.o
                0x08002b94                main
 .text.HAL_MspInit
                0x08002cd4       0x8c Src\stm32l4xx_hal_msp.o
                0x08002cd4                HAL_MspInit
 .text.HAL_SPI_MspInit
                0x08002d60       0x4c Src\stm32l4xx_hal_msp.o
                0x08002d60                HAL_SPI_MspInit
 .text.HAL_UART_MspInit
                0x08002dac       0x60 Src\stm32l4xx_hal_msp.o
                0x08002dac                HAL_UART_MspInit
 .text.SVC_Handler
                0x08002e0c        0x2 Src\stm32l4xx_it.o
                0x08002e0c                SVC_Handler
 .text.PendSV_Handler
                0x08002e0e        0x2 Src\stm32l4xx_it.o
                0x08002e0e                PendSV_Handler
 .text.SysTick_Handler
                0x08002e10        0xe Src\stm32l4xx_it.o
                0x08002e10                SysTick_Handler
 *fill*         0x08002e1e        0x2 
 .text.SystemInit
                0x08002e20       0x48 Src\system_stm32l4xx.o
                0x08002e20                SystemInit
 .text.Reset_Handler
                0x08002e68       0x50 startup\startup_stm32l432xx.o
                0x08002e68                Reset_Handler
 .text.Default_Handler
                0x08002eb8        0x2 startup\startup_stm32l432xx.o
                0x08002eb8                RTC_Alarm_IRQHandler
                0x08002eb8                EXTI2_IRQHandler
                0x08002eb8                DebugMon_Handler
                0x08002eb8                TIM1_CC_IRQHandler
                0x08002eb8                TSC_IRQHandler
                0x08002eb8                HardFault_Handler
                0x08002eb8                TAMP_STAMP_IRQHandler
                0x08002eb8                NMI_Handler
                0x08002eb8                EXTI3_IRQHandler
                0x08002eb8                LPTIM2_IRQHandler
                0x08002eb8                I2C3_ER_IRQHandler
                0x08002eb8                EXTI0_IRQHandler
                0x08002eb8                CAN1_RX0_IRQHandler
                0x08002eb8                FPU_IRQHandler
                0x08002eb8                TIM1_UP_TIM16_IRQHandler
                0x08002eb8                UsageFault_Handler
                0x08002eb8                SPI1_IRQHandler
                0x08002eb8                TIM6_DAC_IRQHandler
                0x08002eb8                DMA2_Channel2_IRQHandler
                0x08002eb8                DMA1_Channel4_IRQHandler
                0x08002eb8                ADC1_IRQHandler
                0x08002eb8                DMA1_Channel7_IRQHandler
                0x08002eb8                CAN1_RX1_IRQHandler
                0x08002eb8                DMA2_Channel1_IRQHandler
                0x08002eb8                QUADSPI_IRQHandler
                0x08002eb8                I2C1_EV_IRQHandler
                0x08002eb8                DMA1_Channel6_IRQHandler
                0x08002eb8                DMA2_Channel4_IRQHandler
                0x08002eb8                RCC_IRQHandler
                0x08002eb8                TIM1_TRG_COM_IRQHandler
                0x08002eb8                DMA1_Channel1_IRQHandler
                0x08002eb8                Default_Handler
                0x08002eb8                DMA2_Channel7_IRQHandler
                0x08002eb8                EXTI15_10_IRQHandler
                0x08002eb8                TIM7_IRQHandler
                0x08002eb8                I2C3_EV_IRQHandler
                0x08002eb8                USB_IRQHandler
                0x08002eb8                EXTI9_5_IRQHandler
                0x08002eb8                RTC_WKUP_IRQHandler
                0x08002eb8                PVD_PVM_IRQHandler
                0x08002eb8                MemManage_Handler
                0x08002eb8                CAN1_TX_IRQHandler
                0x08002eb8                DMA2_Channel5_IRQHandler
                0x08002eb8                CRS_IRQHandler
                0x08002eb8                DMA1_Channel5_IRQHandler
                0x08002eb8                EXTI4_IRQHandler
                0x08002eb8                RNG_IRQHandler
                0x08002eb8                DMA1_Channel3_IRQHandler
                0x08002eb8                COMP_IRQHandler
                0x08002eb8                WWDG_IRQHandler
                0x08002eb8                LPUART1_IRQHandler
                0x08002eb8                DMA2_Channel6_IRQHandler
                0x08002eb8                TIM2_IRQHandler
                0x08002eb8                EXTI1_IRQHandler
                0x08002eb8                USART2_IRQHandler
                0x08002eb8                DMA1_Channel2_IRQHandler
                0x08002eb8                CAN1_SCE_IRQHandler
                0x08002eb8                FLASH_IRQHandler
                0x08002eb8                BusFault_Handler
                0x08002eb8                USART1_IRQHandler
                0x08002eb8                SPI3_IRQHandler
                0x08002eb8                I2C1_ER_IRQHandler
                0x08002eb8                SWPMI1_IRQHandler
                0x08002eb8                LPTIM1_IRQHandler
                0x08002eb8                SAI1_IRQHandler
                0x08002eb8                DMA2_Channel3_IRQHandler
                0x08002eb8                TIM1_BRK_TIM15_IRQHandler
 *fill*         0x08002eba        0x2 
 .text.__libc_init_array
                0x08002ebc       0x4c c:/program files/atollic/truestudio for arm 7.1.2/armtools/bin/../lib/gcc/arm-atollic-eabi/5.3.1/../../../../arm-atollic-eabi/lib/armv7e-m/fpu\libc_nano.a(lib_a-init.o)
                0x08002ebc                __libc_init_array
 .text.cos      0x08002f08       0x88 c:/program files/atollic/truestudio for arm 7.1.2/armtools/bin/../lib/gcc/arm-atollic-eabi/5.3.1/../../../../arm-atollic-eabi/lib/armv7e-m/fpu\libm.a(lib_a-s_cos.o)
                0x08002f08                cos
 .text.sin      0x08002f90       0x90 c:/program files/atollic/truestudio for arm 7.1.2/armtools/bin/../lib/gcc/arm-atollic-eabi/5.3.1/../../../../arm-atollic-eabi/lib/armv7e-m/fpu\libm.a(lib_a-s_sin.o)
                0x08002f90                sin
 .text.__ieee754_rem_pio2
                0x08003020      0x3fc c:/program files/atollic/truestudio for arm 7.1.2/armtools/bin/../lib/gcc/arm-atollic-eabi/5.3.1/../../../../arm-atollic-eabi/lib/armv7e-m/fpu\libm.a(lib_a-e_rem_pio2.o)
                0x08003020                __ieee754_rem_pio2
 *fill*         0x0800341c        0x4 
 .text.__kernel_cos
                0x08003420      0x1cc c:/program files/atollic/truestudio for arm 7.1.2/armtools/bin/../lib/gcc/arm-atollic-eabi/5.3.1/../../../../arm-atollic-eabi/lib/armv7e-m/fpu\libm.a(lib_a-k_cos.o)
                0x08003420                __kernel_cos
 *fill*         0x080035ec        0x4 
 .text.__kernel_rem_pio2
                0x080035f0      0x69c c:/program files/atollic/truestudio for arm 7.1.2/armtools/bin/../lib/gcc/arm-atollic-eabi/5.3.1/../../../../arm-atollic-eabi/lib/armv7e-m/fpu\libm.a(lib_a-k_rem_pio2.o)
                0x080035f0                __kernel_rem_pio2
 *fill*         0x08003c8c        0x4 
 .text.__kernel_sin
                0x08003c90      0x174 c:/program files/atollic/truestudio for arm 7.1.2/armtools/bin/../lib/gcc/arm-atollic-eabi/5.3.1/../../../../arm-atollic-eabi/lib/armv7e-m/fpu\libm.a(lib_a-k_sin.o)
                0x08003c90                __kernel_sin
 .text.fabs     0x08003e04        0xe c:/program files/atollic/truestudio for arm 7.1.2/armtools/bin/../lib/gcc/arm-atollic-eabi/5.3.1/../../../../arm-atollic-eabi/lib/armv7e-m/fpu\libm.a(lib_a-s_fabs.o)
                0x08003e04                fabs
 *fill*         0x08003e12        0x6 
 .text.floor    0x08003e18      0x108 c:/program files/atollic/truestudio for arm 7.1.2/armtools/bin/../lib/gcc/arm-atollic-eabi/5.3.1/../../../../arm-atollic-eabi/lib/armv7e-m/fpu\libm.a(lib_a-s_floor.o)
                0x08003e18                floor
 .text.scalbn   0x08003f20       0xf4 c:/program files/atollic/truestudio for arm 7.1.2/armtools/bin/../lib/gcc/arm-atollic-eabi/5.3.1/../../../../arm-atollic-eabi/lib/armv7e-m/fpu\libm.a(lib_a-s_scalbn.o)
                0x08003f20                scalbn
 .text.copysign
                0x08004014       0x1a c:/program files/atollic/truestudio for arm 7.1.2/armtools/bin/../lib/gcc/arm-atollic-eabi/5.3.1/../../../../arm-atollic-eabi/lib/armv7e-m/fpu\libm.a(lib_a-s_copysign.o)
                0x08004014                copysign
 *(.glue_7)
 .glue_7        0x0800402e        0x0 linker stubs
 *(.glue_7t)
 .glue_7t       0x0800402e        0x0 linker stubs
 *(.eh_frame)
 *fill*         0x0800402e        0x2 
 .eh_frame      0x08004030        0x0 c:/program files/atollic/truestudio for arm 7.1.2/armtools/bin/../lib/gcc/arm-atollic-eabi/5.3.1/armv7e-m/fpu/crtbegin.o
 *(.init)
 .init          0x08004030        0x4 c:/program files/atollic/truestudio for arm 7.1.2/armtools/bin/../lib/gcc/arm-atollic-eabi/5.3.1/armv7e-m/fpu/crti.o
                0x08004030                _init
 .init          0x08004034        0x8 c:/program files/atollic/truestudio for arm 7.1.2/armtools/bin/../lib/gcc/arm-atollic-eabi/5.3.1/armv7e-m/fpu/crtn.o
 *(.fini)
 .fini          0x0800403c        0x4 c:/program files/atollic/truestudio for arm 7.1.2/armtools/bin/../lib/gcc/arm-atollic-eabi/5.3.1/armv7e-m/fpu/crti.o
                0x0800403c                _fini
 .fini          0x08004040        0x8 c:/program files/atollic/truestudio for arm 7.1.2/armtools/bin/../lib/gcc/arm-atollic-eabi/5.3.1/armv7e-m/fpu/crtn.o
                0x08004048                . = ALIGN (0x4)
                0x08004048                _etext = .

.vfp11_veneer   0x08004048        0x0
 .vfp11_veneer  0x08004048        0x0 linker stubs

.v4_bx          0x08004048        0x0
 .v4_bx         0x08004048        0x0 linker stubs

.iplt           0x08004048        0x0
 .iplt          0x08004048        0x0 c:/program files/atollic/truestudio for arm 7.1.2/armtools/bin/../lib/gcc/arm-atollic-eabi/5.3.1/armv7e-m/fpu/crtbegin.o

.rodata         0x08004048      0x748
                0x08004048                . = ALIGN (0x4)
 *(.rodata)
 *(.rodata*)
 .rodata.CSWTCH.50
                0x08004048        0x4 Drivers\STM32L4xx_HAL_Driver\Src\stm32l4xx_hal_uart.o
 .rodata.CSWTCH.51
                0x0800404c        0xd Drivers\STM32L4xx_HAL_Driver\Src\stm32l4xx_hal_uart.o
 .rodata.SmallFont
                0x08004059      0x478 Src\DefaultFonts.o
                0x08004059                SmallFont
 .rodata.Rcmd1  0x080044d1       0x3c Src\ST7735.o
 .rodata.Rcmd3  0x0800450d       0x2b Src\ST7735.o
 .rodata.Rcmd2green
                0x08004538        0xd Src\ST7735.o
 .rodata.Rcmd2red
                0x08004545        0xd Src\ST7735.o
 .rodata.str1.1
                0x08004552       0x17 Src\main.o
 .rodata.AHBPrescTable
                0x08004569       0x10 Src\system_stm32l4xx.o
                0x08004569                AHBPrescTable
 .rodata.APBPrescTable
                0x08004579        0x8 Src\system_stm32l4xx.o
                0x08004579                APBPrescTable
 *fill*         0x08004581        0x3 
 .rodata.MSIRangeTable
                0x08004584       0x30 Src\system_stm32l4xx.o
                0x08004584                MSIRangeTable
 .rodata.npio2_hw
                0x080045b4       0x80 c:/program files/atollic/truestudio for arm 7.1.2/armtools/bin/../lib/gcc/arm-atollic-eabi/5.3.1/../../../../arm-atollic-eabi/lib/armv7e-m/fpu\libm.a(lib_a-e_rem_pio2.o)
 .rodata.two_over_pi
                0x08004634      0x108 c:/program files/atollic/truestudio for arm 7.1.2/armtools/bin/../lib/gcc/arm-atollic-eabi/5.3.1/../../../../arm-atollic-eabi/lib/armv7e-m/fpu\libm.a(lib_a-e_rem_pio2.o)
 .rodata.init_jk
                0x0800473c       0x10 c:/program files/atollic/truestudio for arm 7.1.2/armtools/bin/../lib/gcc/arm-atollic-eabi/5.3.1/../../../../arm-atollic-eabi/lib/armv7e-m/fpu\libm.a(lib_a-k_rem_pio2.o)
 *fill*         0x0800474c        0x4 
 .rodata.PIo2   0x08004750       0x40 c:/program files/atollic/truestudio for arm 7.1.2/armtools/bin/../lib/gcc/arm-atollic-eabi/5.3.1/../../../../arm-atollic-eabi/lib/armv7e-m/fpu\libm.a(lib_a-k_rem_pio2.o)
                0x08004790                . = ALIGN (0x4)

.ARM.extab
 *(.ARM.extab* .gnu.linkonce.armextab.*)

.ARM            0x08004790        0x8
                0x08004790                __exidx_start = .
 *(.ARM.exidx*)
 .ARM.exidx     0x08004790        0x8 c:/program files/atollic/truestudio for arm 7.1.2/armtools/bin/../lib/gcc/arm-atollic-eabi/5.3.1/armv7e-m/fpu\libgcc.a(_udivmoddi4.o)
                0x08004798                __exidx_end = .

.rel.dyn        0x08004798        0x0
 .rel.iplt      0x08004798        0x0 c:/program files/atollic/truestudio for arm 7.1.2/armtools/bin/../lib/gcc/arm-atollic-eabi/5.3.1/armv7e-m/fpu/crtbegin.o

.preinit_array  0x08004798        0x0
                0x08004798                PROVIDE (__preinit_array_start, .)
 *(.preinit_array*)
                0x08004798                PROVIDE (__preinit_array_end, .)

.init_array     0x08004798        0x4
                0x08004798                PROVIDE (__init_array_start, .)
 *(SORT(.init_array.*))
 *(.init_array*)
 .init_array    0x08004798        0x4 c:/program files/atollic/truestudio for arm 7.1.2/armtools/bin/../lib/gcc/arm-atollic-eabi/5.3.1/armv7e-m/fpu/crtbegin.o
                0x0800479c                PROVIDE (__init_array_end, .)

.fini_array     0x0800479c        0x4
                [!provide]                PROVIDE (__fini_array_start, .)
 *(SORT(.fini_array.*))
 *(.fini_array*)
 .fini_array    0x0800479c        0x4 c:/program files/atollic/truestudio for arm 7.1.2/armtools/bin/../lib/gcc/arm-atollic-eabi/5.3.1/armv7e-m/fpu/crtbegin.o
                [!provide]                PROVIDE (__fini_array_end, .)
                0x080047a0                _sidata = LOADADDR (.data)

.data           0x20000000        0xc load address 0x080047a0
                0x20000000                . = ALIGN (0x4)
                0x20000000                _sdata = .
 *(.data)
 *(.data*)
 .data._height  0x20000000        0x2 Src\ST7735.o
 .data._width   0x20000002        0x2 Src\ST7735.o
 .data._fg      0x20000004        0x2 Src\ST7735.o
 *fill*         0x20000006        0x2 
 .data.SystemCoreClock
                0x20000008        0x4 Src\system_stm32l4xx.o
                0x20000008                SystemCoreClock
                0x2000000c                . = ALIGN (0x4)
                0x2000000c                _edata = .

.igot.plt       0x2000000c        0x0 load address 0x080047ac
 .igot.plt      0x2000000c        0x0 c:/program files/atollic/truestudio for arm 7.1.2/armtools/bin/../lib/gcc/arm-atollic-eabi/5.3.1/armv7e-m/fpu/crtbegin.o
                0x2000000c                . = ALIGN (0x4)

.bss            0x2000000c      0x110 load address 0x080047ac
                0x2000000c                _sbss = .
                0x2000000c                __bss_start__ = _sbss
 *(.bss)
 .bss           0x2000000c       0x1c c:/program files/atollic/truestudio for arm 7.1.2/armtools/bin/../lib/gcc/arm-atollic-eabi/5.3.1/armv7e-m/fpu/crtbegin.o
 *(.bss*)
 .bss.cfont     0x20000028        0xc Src\ST7735.o
 .bss._bg       0x20000034        0x2 Src\ST7735.o
 *fill*         0x20000036        0x2 
 .bss.rowstart  0x20000038        0x4 Src\ST7735.o
 .bss._transparent
                0x2000003c        0x1 Src\ST7735.o
 *fill*         0x2000003d        0x3 
 .bss.colstart  0x20000040        0x4 Src\ST7735.o
 *(COMMON)
 COMMON         0x20000044        0x4 Drivers\STM32L4xx_HAL_Driver\Src\stm32l4xx_hal.o
                0x20000044                uwTick
 COMMON         0x20000048       0xd4 Src\main.o
                0x20000048                hspi1
                0x200000ac                huart2
                0x2000011c                . = ALIGN (0x4)
                0x2000011c                _ebss = .
                0x2000011c                __bss_end__ = _ebss

._user_heap_stack
                0x2000011c      0x600 load address 0x080047ac
                0x2000011c                . = ALIGN (0x4)
                0x2000011c                PROVIDE (end, .)
                [!provide]                PROVIDE (_end, .)
                0x2000031c                . = (. + _Min_Heap_Size)
 *fill*         0x2000011c      0x200 
                0x2000071c                . = (. + _Min_Stack_Size)
 *fill*         0x2000031c      0x400 
                0x2000071c                . = ALIGN (0x4)

/DISCARD/
 libc.a(*)
 libm.a(*)
 libgcc.a(*)

.ARM.attributes
                0x00000000       0x30
 *(.ARM.attributes)
 .ARM.attributes
                0x00000000       0x22 c:/program files/atollic/truestudio for arm 7.1.2/armtools/bin/../lib/gcc/arm-atollic-eabi/5.3.1/armv7e-m/fpu/crti.o
 .ARM.attributes
                0x00000022       0x34 c:/program files/atollic/truestudio for arm 7.1.2/armtools/bin/../lib/gcc/arm-atollic-eabi/5.3.1/armv7e-m/fpu/crtbegin.o
 .ARM.attributes
                0x00000056       0x39 Drivers\STM32L4xx_HAL_Driver\Src\stm32l4xx_hal.o
 .ARM.attributes
                0x0000008f       0x39 Drivers\STM32L4xx_HAL_Driver\Src\stm32l4xx_hal_cortex.o
 .ARM.attributes
                0x000000c8       0x39 Drivers\STM32L4xx_HAL_Driver\Src\stm32l4xx_hal_gpio.o
 .ARM.attributes
                0x00000101       0x39 Drivers\STM32L4xx_HAL_Driver\Src\stm32l4xx_hal_pwr_ex.o
 .ARM.attributes
                0x0000013a       0x39 Drivers\STM32L4xx_HAL_Driver\Src\stm32l4xx_hal_rcc.o
 .ARM.attributes
                0x00000173       0x39 Drivers\STM32L4xx_HAL_Driver\Src\stm32l4xx_hal_rcc_ex.o
 .ARM.attributes
                0x000001ac       0x39 Drivers\STM32L4xx_HAL_Driver\Src\stm32l4xx_hal_spi.o
 .ARM.attributes
                0x000001e5       0x39 Drivers\STM32L4xx_HAL_Driver\Src\stm32l4xx_hal_uart.o
 .ARM.attributes
                0x0000021e       0x39 Src\DefaultFonts.o
 .ARM.attributes
                0x00000257       0x39 Src\ST7735.o
 .ARM.attributes
                0x00000290       0x39 Src\hw_config.o
 .ARM.attributes
                0x000002c9       0x39 Src\main.o
 .ARM.attributes
                0x00000302       0x39 Src\stm32l4xx_hal_msp.o
 .ARM.attributes
                0x0000033b       0x39 Src\stm32l4xx_it.o
 .ARM.attributes
                0x00000374       0x39 Src\system_stm32l4xx.o
 .ARM.attributes
                0x000003ad       0x21 startup\startup_stm32l432xx.o
 .ARM.attributes
                0x000003ce       0x34 c:/program files/atollic/truestudio for arm 7.1.2/armtools/bin/../lib/gcc/arm-atollic-eabi/5.3.1/../../../../arm-atollic-eabi/lib/armv7e-m/fpu\libc_nano.a(lib_a-init.o)
 .ARM.attributes
                0x00000402       0x1b c:/program files/atollic/truestudio for arm 7.1.2/armtools/bin/../lib/gcc/arm-atollic-eabi/5.3.1/../../../../arm-atollic-eabi/lib/armv7e-m/fpu\libc_nano.a(lib_a-strlen.o)
 .ARM.attributes
                0x0000041d       0x34 c:/program files/atollic/truestudio for arm 7.1.2/armtools/bin/../lib/gcc/arm-atollic-eabi/5.3.1/../../../../arm-atollic-eabi/lib/armv7e-m/fpu\libm.a(lib_a-s_cos.o)
 .ARM.attributes
                0x00000451       0x34 c:/program files/atollic/truestudio for arm 7.1.2/armtools/bin/../lib/gcc/arm-atollic-eabi/5.3.1/../../../../arm-atollic-eabi/lib/armv7e-m/fpu\libm.a(lib_a-s_sin.o)
 .ARM.attributes
                0x00000485       0x34 c:/program files/atollic/truestudio for arm 7.1.2/armtools/bin/../lib/gcc/arm-atollic-eabi/5.3.1/../../../../arm-atollic-eabi/lib/armv7e-m/fpu\libm.a(lib_a-e_rem_pio2.o)
 .ARM.attributes
                0x000004b9       0x34 c:/program files/atollic/truestudio for arm 7.1.2/armtools/bin/../lib/gcc/arm-atollic-eabi/5.3.1/../../../../arm-atollic-eabi/lib/armv7e-m/fpu\libm.a(lib_a-k_cos.o)
 .ARM.attributes
                0x000004ed       0x34 c:/program files/atollic/truestudio for arm 7.1.2/armtools/bin/../lib/gcc/arm-atollic-eabi/5.3.1/../../../../arm-atollic-eabi/lib/armv7e-m/fpu\libm.a(lib_a-k_rem_pio2.o)
 .ARM.attributes
                0x00000521       0x34 c:/program files/atollic/truestudio for arm 7.1.2/armtools/bin/../lib/gcc/arm-atollic-eabi/5.3.1/../../../../arm-atollic-eabi/lib/armv7e-m/fpu\libm.a(lib_a-k_sin.o)
 .ARM.attributes
                0x00000555       0x34 c:/program files/atollic/truestudio for arm 7.1.2/armtools/bin/../lib/gcc/arm-atollic-eabi/5.3.1/../../../../arm-atollic-eabi/lib/armv7e-m/fpu\libm.a(lib_a-s_fabs.o)
 .ARM.attributes
                0x00000589       0x34 c:/program files/atollic/truestudio for arm 7.1.2/armtools/bin/../lib/gcc/arm-atollic-eabi/5.3.1/../../../../arm-atollic-eabi/lib/armv7e-m/fpu\libm.a(lib_a-s_floor.o)
 .ARM.attributes
                0x000005bd       0x34 c:/program files/atollic/truestudio for arm 7.1.2/armtools/bin/../lib/gcc/arm-atollic-eabi/5.3.1/../../../../arm-atollic-eabi/lib/armv7e-m/fpu\libm.a(lib_a-s_scalbn.o)
 .ARM.attributes
                0x000005f1       0x34 c:/program files/atollic/truestudio for arm 7.1.2/armtools/bin/../lib/gcc/arm-atollic-eabi/5.3.1/../../../../arm-atollic-eabi/lib/armv7e-m/fpu\libm.a(lib_a-s_copysign.o)
 .ARM.attributes
                0x00000625       0x22 c:/program files/atollic/truestudio for arm 7.1.2/armtools/bin/../lib/gcc/arm-atollic-eabi/5.3.1/armv7e-m/fpu\libgcc.a(_arm_addsubdf3.o)
 .ARM.attributes
                0x00000647       0x22 c:/program files/atollic/truestudio for arm 7.1.2/armtools/bin/../lib/gcc/arm-atollic-eabi/5.3.1/armv7e-m/fpu\libgcc.a(_arm_muldivdf3.o)
 .ARM.attributes
                0x00000669       0x22 c:/program files/atollic/truestudio for arm 7.1.2/armtools/bin/../lib/gcc/arm-atollic-eabi/5.3.1/armv7e-m/fpu\libgcc.a(_arm_cmpdf2.o)
 .ARM.attributes
                0x0000068b       0x22 c:/program files/atollic/truestudio for arm 7.1.2/armtools/bin/../lib/gcc/arm-atollic-eabi/5.3.1/armv7e-m/fpu\libgcc.a(_arm_fixdfsi.o)
 .ARM.attributes
                0x000006ad       0x22 c:/program files/atollic/truestudio for arm 7.1.2/armtools/bin/../lib/gcc/arm-atollic-eabi/5.3.1/armv7e-m/fpu\libgcc.a(_aeabi_uldivmod.o)
 .ARM.attributes
                0x000006cf       0x34 c:/program files/atollic/truestudio for arm 7.1.2/armtools/bin/../lib/gcc/arm-atollic-eabi/5.3.1/armv7e-m/fpu\libgcc.a(_udivmoddi4.o)
 .ARM.attributes
                0x00000703       0x22 c:/program files/atollic/truestudio for arm 7.1.2/armtools/bin/../lib/gcc/arm-atollic-eabi/5.3.1/armv7e-m/fpu\libgcc.a(_dvmd_tls.o)
 .ARM.attributes
                0x00000725       0x22 c:/program files/atollic/truestudio for arm 7.1.2/armtools/bin/../lib/gcc/arm-atollic-eabi/5.3.1/armv7e-m/fpu/crtn.o
OUTPUT(ST7735 Template.elf elf32-littlearm)

.debug_info     0x00000000     0xd878
 .debug_info    0x00000000      0x903 Drivers\STM32L4xx_HAL_Driver\Src\stm32l4xx_hal.o
 .debug_info    0x00000903      0xe07 Drivers\STM32L4xx_HAL_Driver\Src\stm32l4xx_hal_cortex.o
 .debug_info    0x0000170a      0x7eb Drivers\STM32L4xx_HAL_Driver\Src\stm32l4xx_hal_gpio.o
 .debug_info    0x00001ef5      0x98d Drivers\STM32L4xx_HAL_Driver\Src\stm32l4xx_hal_pwr_ex.o
 .debug_info    0x00002882     0x10e5 Drivers\STM32L4xx_HAL_Driver\Src\stm32l4xx_hal_rcc.o
 .debug_info    0x00003967     0x152b Drivers\STM32L4xx_HAL_Driver\Src\stm32l4xx_hal_rcc_ex.o
 .debug_info    0x00004e92     0x1ec8 Drivers\STM32L4xx_HAL_Driver\Src\stm32l4xx_hal_spi.o
 .debug_info    0x00006d5a     0x19d8 Drivers\STM32L4xx_HAL_Driver\Src\stm32l4xx_hal_uart.o
 .debug_info    0x00008732       0x58 Src\DefaultFonts.o
 .debug_info    0x0000878a     0x1ce2 Src\ST7735.o
 .debug_info    0x0000a46c      0x828 Src\hw_config.o
 .debug_info    0x0000ac94     0x14b3 Src\main.o
 .debug_info    0x0000c147     0x100d Src\stm32l4xx_hal_msp.o
 .debug_info    0x0000d154       0xff Src\stm32l4xx_it.o
 .debug_info    0x0000d253      0x5bb Src\system_stm32l4xx.o
 .debug_info    0x0000d80e       0x6a startup\startup_stm32l432xx.o

.debug_abbrev   0x00000000     0x2131
 .debug_abbrev  0x00000000      0x1fe Drivers\STM32L4xx_HAL_Driver\Src\stm32l4xx_hal.o
 .debug_abbrev  0x000001fe      0x313 Drivers\STM32L4xx_HAL_Driver\Src\stm32l4xx_hal_cortex.o
 .debug_abbrev  0x00000511      0x1c8 Drivers\STM32L4xx_HAL_Driver\Src\stm32l4xx_hal_gpio.o
 .debug_abbrev  0x000006d9      0x25c Drivers\STM32L4xx_HAL_Driver\Src\stm32l4xx_hal_pwr_ex.o
 .debug_abbrev  0x00000935      0x2ca Drivers\STM32L4xx_HAL_Driver\Src\stm32l4xx_hal_rcc.o
 .debug_abbrev  0x00000bff      0x30c Drivers\STM32L4xx_HAL_Driver\Src\stm32l4xx_hal_rcc_ex.o
 .debug_abbrev  0x00000f0b      0x32a Drivers\STM32L4xx_HAL_Driver\Src\stm32l4xx_hal_spi.o
 .debug_abbrev  0x00001235      0x333 Drivers\STM32L4xx_HAL_Driver\Src\stm32l4xx_hal_uart.o
 .debug_abbrev  0x00001568       0x45 Src\DefaultFonts.o
 .debug_abbrev  0x000015ad      0x3b6 Src\ST7735.o
 .debug_abbrev  0x00001963      0x1c5 Src\hw_config.o
 .debug_abbrev  0x00001b28      0x289 Src\main.o
 .debug_abbrev  0x00001db1      0x198 Src\stm32l4xx_hal_msp.o
 .debug_abbrev  0x00001f49       0xb4 Src\stm32l4xx_it.o
 .debug_abbrev  0x00001ffd      0x122 Src\system_stm32l4xx.o
 .debug_abbrev  0x0000211f       0x12 startup\startup_stm32l432xx.o

.debug_loc      0x00000000     0x70e9
 .debug_loc     0x00000000       0x76 Drivers\STM32L4xx_HAL_Driver\Src\stm32l4xx_hal.o
 .debug_loc     0x00000076      0x4ab Drivers\STM32L4xx_HAL_Driver\Src\stm32l4xx_hal_cortex.o
 .debug_loc     0x00000521      0x2a5 Drivers\STM32L4xx_HAL_Driver\Src\stm32l4xx_hal_gpio.o
 .debug_loc     0x000007c6      0x412 Drivers\STM32L4xx_HAL_Driver\Src\stm32l4xx_hal_pwr_ex.o
 .debug_loc     0x00000bd8      0x6d5 Drivers\STM32L4xx_HAL_Driver\Src\stm32l4xx_hal_rcc.o
 .debug_loc     0x000012ad      0xe77 Drivers\STM32L4xx_HAL_Driver\Src\stm32l4xx_hal_rcc_ex.o
 .debug_loc     0x00002124     0x1a84 Drivers\STM32L4xx_HAL_Driver\Src\stm32l4xx_hal_spi.o
 .debug_loc     0x00003ba8     0x1675 Drivers\STM32L4xx_HAL_Driver\Src\stm32l4xx_hal_uart.o
 .debug_loc     0x0000521d     0x1bbd Src\ST7735.o
 .debug_loc     0x00006dda       0xfe Src\hw_config.o
 .debug_loc     0x00006ed8       0x9a Src\stm32l4xx_hal_msp.o
 .debug_loc     0x00006f72      0x177 Src\system_stm32l4xx.o

.debug_aranges  0x00000000      0x9e8
 .debug_aranges
                0x00000000       0xe8 Drivers\STM32L4xx_HAL_Driver\Src\stm32l4xx_hal.o
 .debug_aranges
                0x000000e8       0x98 Drivers\STM32L4xx_HAL_Driver\Src\stm32l4xx_hal_cortex.o
 .debug_aranges
                0x00000180       0x58 Drivers\STM32L4xx_HAL_Driver\Src\stm32l4xx_hal_gpio.o
 .debug_aranges
                0x000001d8      0x100 Drivers\STM32L4xx_HAL_Driver\Src\stm32l4xx_hal_pwr_ex.o
 .debug_aranges
                0x000002d8       0x88 Drivers\STM32L4xx_HAL_Driver\Src\stm32l4xx_hal_rcc.o
 .debug_aranges
                0x00000360       0xd0 Drivers\STM32L4xx_HAL_Driver\Src\stm32l4xx_hal_rcc_ex.o
 .debug_aranges
                0x00000430      0x198 Drivers\STM32L4xx_HAL_Driver\Src\stm32l4xx_hal_spi.o
 .debug_aranges
                0x000005c8      0x188 Drivers\STM32L4xx_HAL_Driver\Src\stm32l4xx_hal_uart.o
 .debug_aranges
                0x00000750       0x18 Src\DefaultFonts.o
 .debug_aranges
                0x00000768      0x150 Src\ST7735.o
 .debug_aranges
                0x000008b8       0x48 Src\hw_config.o
 .debug_aranges
                0x00000900       0x30 Src\main.o
 .debug_aranges
                0x00000930       0x40 Src\stm32l4xx_hal_msp.o
 .debug_aranges
                0x00000970       0x28 Src\stm32l4xx_it.o
 .debug_aranges
                0x00000998       0x28 Src\system_stm32l4xx.o
 .debug_aranges
                0x000009c0       0x28 startup\startup_stm32l432xx.o

.debug_ranges   0x00000000      0xc58
 .debug_ranges  0x00000000       0xd8 Drivers\STM32L4xx_HAL_Driver\Src\stm32l4xx_hal.o
 .debug_ranges  0x000000d8      0x148 Drivers\STM32L4xx_HAL_Driver\Src\stm32l4xx_hal_cortex.o
 .debug_ranges  0x00000220       0x60 Drivers\STM32L4xx_HAL_Driver\Src\stm32l4xx_hal_gpio.o
 .debug_ranges  0x00000280       0xf0 Drivers\STM32L4xx_HAL_Driver\Src\stm32l4xx_hal_pwr_ex.o
 .debug_ranges  0x00000370       0xc0 Drivers\STM32L4xx_HAL_Driver\Src\stm32l4xx_hal_rcc.o
 .debug_ranges  0x00000430      0x1c8 Drivers\STM32L4xx_HAL_Driver\Src\stm32l4xx_hal_rcc_ex.o
 .debug_ranges  0x000005f8      0x218 Drivers\STM32L4xx_HAL_Driver\Src\stm32l4xx_hal_spi.o
 .debug_ranges  0x00000810      0x178 Drivers\STM32L4xx_HAL_Driver\Src\stm32l4xx_hal_uart.o
 .debug_ranges  0x00000988      0x158 Src\ST7735.o
 .debug_ranges  0x00000ae0       0x38 Src\hw_config.o
 .debug_ranges  0x00000b18       0x50 Src\main.o
 .debug_ranges  0x00000b68       0xa0 Src\stm32l4xx_hal_msp.o
 .debug_ranges  0x00000c08       0x18 Src\stm32l4xx_it.o
 .debug_ranges  0x00000c20       0x18 Src\system_stm32l4xx.o
 .debug_ranges  0x00000c38       0x20 startup\startup_stm32l432xx.o

.debug_line     0x00000000     0x4c25
 .debug_line    0x00000000      0x3e7 Drivers\STM32L4xx_HAL_Driver\Src\stm32l4xx_hal.o
 .debug_line    0x000003e7      0x3e6 Drivers\STM32L4xx_HAL_Driver\Src\stm32l4xx_hal_cortex.o
 .debug_line    0x000007cd      0x383 Drivers\STM32L4xx_HAL_Driver\Src\stm32l4xx_hal_gpio.o
 .debug_line    0x00000b50      0x509 Drivers\STM32L4xx_HAL_Driver\Src\stm32l4xx_hal_pwr_ex.o
 .debug_line    0x00001059      0x661 Drivers\STM32L4xx_HAL_Driver\Src\stm32l4xx_hal_rcc.o
 .debug_line    0x000016ba      0x83c Drivers\STM32L4xx_HAL_Driver\Src\stm32l4xx_hal_rcc_ex.o
 .debug_line    0x00001ef6      0xc0b Drivers\STM32L4xx_HAL_Driver\Src\stm32l4xx_hal_spi.o
 .debug_line    0x00002b01      0xc19 Drivers\STM32L4xx_HAL_Driver\Src\stm32l4xx_hal_uart.o
 .debug_line    0x0000371a       0x36 Src\DefaultFonts.o
 .debug_line    0x00003750      0x876 Src\ST7735.o
 .debug_line    0x00003fc6      0x258 Src\hw_config.o
 .debug_line    0x0000421e      0x341 Src\main.o
 .debug_line    0x0000455f      0x2c7 Src\stm32l4xx_hal_msp.o
 .debug_line    0x00004826      0x1a7 Src\stm32l4xx_it.o
 .debug_line    0x000049cd      0x1d9 Src\system_stm32l4xx.o
 .debug_line    0x00004ba6       0x7f startup\startup_stm32l432xx.o

.debug_str      0x00000000     0x3364
 .debug_str     0x00000000      0xa22 Drivers\STM32L4xx_HAL_Driver\Src\stm32l4xx_hal.o
                                0xa89 (size before relaxing)
 .debug_str     0x00000a22      0x38c Drivers\STM32L4xx_HAL_Driver\Src\stm32l4xx_hal_cortex.o
                                0xae2 (size before relaxing)
 .debug_str     0x00000dae      0x1d5 Drivers\STM32L4xx_HAL_Driver\Src\stm32l4xx_hal_gpio.o
                                0x576 (size before relaxing)
 .debug_str     0x00000f83      0x454 Drivers\STM32L4xx_HAL_Driver\Src\stm32l4xx_hal_pwr_ex.o
                                0x75c (size before relaxing)
 .debug_str     0x000013d7      0x3b4 Drivers\STM32L4xx_HAL_Driver\Src\stm32l4xx_hal_rcc.o
                                0x84f (size before relaxing)
 .debug_str     0x0000178b      0x5b0 Drivers\STM32L4xx_HAL_Driver\Src\stm32l4xx_hal_rcc_ex.o
                                0xb11 (size before relaxing)
 .debug_str     0x00001d3b      0x82d Drivers\STM32L4xx_HAL_Driver\Src\stm32l4xx_hal_spi.o
                                0xaf0 (size before relaxing)
 .debug_str     0x00002568      0x818 Drivers\STM32L4xx_HAL_Driver\Src\stm32l4xx_hal_uart.o
                                0xec0 (size before relaxing)
 .debug_str     0x00002d80       0x20 Src\DefaultFonts.o
                                0x124 (size before relaxing)
 .debug_str     0x00002da0      0x427 Src\ST7735.o
                                0x672 (size before relaxing)
 .debug_str     0x000031c7       0x4c Src\hw_config.o
                                0x696 (size before relaxing)
 .debug_str     0x00003213       0x74 Src\main.o
                               0x127b (size before relaxing)
 .debug_str     0x00003287       0x6d Src\stm32l4xx_hal_msp.o
                                0xe15 (size before relaxing)
 .debug_str     0x000032f4       0x35 Src\stm32l4xx_it.o
                                0x202 (size before relaxing)
 .debug_str     0x00003329       0x3b Src\system_stm32l4xx.o
                                0x40f (size before relaxing)

.comment        0x00000000       0x7e
 .comment       0x00000000       0x7e Drivers\STM32L4xx_HAL_Driver\Src\stm32l4xx_hal.o
                                 0x7f (size before relaxing)
 .comment       0x0000007e       0x7f Drivers\STM32L4xx_HAL_Driver\Src\stm32l4xx_hal_cortex.o
 .comment       0x0000007e       0x7f Drivers\STM32L4xx_HAL_Driver\Src\stm32l4xx_hal_gpio.o
 .comment       0x0000007e       0x7f Drivers\STM32L4xx_HAL_Driver\Src\stm32l4xx_hal_pwr_ex.o
 .comment       0x0000007e       0x7f Drivers\STM32L4xx_HAL_Driver\Src\stm32l4xx_hal_rcc.o
 .comment       0x0000007e       0x7f Drivers\STM32L4xx_HAL_Driver\Src\stm32l4xx_hal_rcc_ex.o
 .comment       0x0000007e       0x7f Drivers\STM32L4xx_HAL_Driver\Src\stm32l4xx_hal_spi.o
 .comment       0x0000007e       0x7f Drivers\STM32L4xx_HAL_Driver\Src\stm32l4xx_hal_uart.o
 .comment       0x0000007e       0x7f Src\DefaultFonts.o
 .comment       0x0000007e       0x7f Src\ST7735.o
 .comment       0x0000007e       0x7f Src\hw_config.o
 .comment       0x0000007e       0x7f Src\main.o
 .comment       0x0000007e       0x7f Src\stm32l4xx_hal_msp.o
 .comment       0x0000007e       0x7f Src\stm32l4xx_it.o
 .comment       0x0000007e       0x7f Src\system_stm32l4xx.o

.debug_frame    0x00000000     0x1da0
 .debug_frame   0x00000000      0x1e4 Drivers\STM32L4xx_HAL_Driver\Src\stm32l4xx_hal.o
 .debug_frame   0x000001e4      0x130 Drivers\STM32L4xx_HAL_Driver\Src\stm32l4xx_hal_cortex.o
 .debug_frame   0x00000314       0xd4 Drivers\STM32L4xx_HAL_Driver\Src\stm32l4xx_hal_gpio.o
 .debug_frame   0x000003e8      0x1f8 Drivers\STM32L4xx_HAL_Driver\Src\stm32l4xx_hal_pwr_ex.o
 .debug_frame   0x000005e0      0x150 Drivers\STM32L4xx_HAL_Driver\Src\stm32l4xx_hal_rcc.o
 .debug_frame   0x00000730      0x274 Drivers\STM32L4xx_HAL_Driver\Src\stm32l4xx_hal_rcc_ex.o
 .debug_frame   0x000009a4      0x594 Drivers\STM32L4xx_HAL_Driver\Src\stm32l4xx_hal_spi.o
 .debug_frame   0x00000f38      0x510 Drivers\STM32L4xx_HAL_Driver\Src\stm32l4xx_hal_uart.o
 .debug_frame   0x00001448      0x4f0 Src\ST7735.o
 .debug_frame   0x00001938       0x94 Src\hw_config.o
 .debug_frame   0x000019cc       0x58 Src\main.o
 .debug_frame   0x00001a24       0x88 Src\stm32l4xx_hal_msp.o
 .debug_frame   0x00001aac       0x4c Src\stm32l4xx_it.o
 .debug_frame   0x00001af8       0x38 Src\system_stm32l4xx.o
 .debug_frame   0x00001b30       0x2c c:/program files/atollic/truestudio for arm 7.1.2/armtools/bin/../lib/gcc/arm-atollic-eabi/5.3.1/../../../../arm-atollic-eabi/lib/armv7e-m/fpu\libc_nano.a(lib_a-init.o)
 .debug_frame   0x00001b5c       0x28 c:/program files/atollic/truestudio for arm 7.1.2/armtools/bin/../lib/gcc/arm-atollic-eabi/5.3.1/../../../../arm-atollic-eabi/lib/armv7e-m/fpu\libm.a(lib_a-s_cos.o)
 .debug_frame   0x00001b84       0x28 c:/program files/atollic/truestudio for arm 7.1.2/armtools/bin/../lib/gcc/arm-atollic-eabi/5.3.1/../../../../arm-atollic-eabi/lib/armv7e-m/fpu\libm.a(lib_a-s_sin.o)
 .debug_frame   0x00001bac       0x40 c:/program files/atollic/truestudio for arm 7.1.2/armtools/bin/../lib/gcc/arm-atollic-eabi/5.3.1/../../../../arm-atollic-eabi/lib/armv7e-m/fpu\libm.a(lib_a-e_rem_pio2.o)
 .debug_frame   0x00001bec       0x3c c:/program files/atollic/truestudio for arm 7.1.2/armtools/bin/../lib/gcc/arm-atollic-eabi/5.3.1/../../../../arm-atollic-eabi/lib/armv7e-m/fpu\libm.a(lib_a-k_cos.o)
 .debug_frame   0x00001c28       0x40 c:/program files/atollic/truestudio for arm 7.1.2/armtools/bin/../lib/gcc/arm-atollic-eabi/5.3.1/../../../../arm-atollic-eabi/lib/armv7e-m/fpu\libm.a(lib_a-k_rem_pio2.o)
 .debug_frame   0x00001c68       0x3c c:/program files/atollic/truestudio for arm 7.1.2/armtools/bin/../lib/gcc/arm-atollic-eabi/5.3.1/../../../../arm-atollic-eabi/lib/armv7e-m/fpu\libm.a(lib_a-k_sin.o)
 .debug_frame   0x00001ca4       0x20 c:/program files/atollic/truestudio for arm 7.1.2/armtools/bin/../lib/gcc/arm-atollic-eabi/5.3.1/../../../../arm-atollic-eabi/lib/armv7e-m/fpu\libm.a(lib_a-s_fabs.o)
 .debug_frame   0x00001cc4       0x30 c:/program files/atollic/truestudio for arm 7.1.2/armtools/bin/../lib/gcc/arm-atollic-eabi/5.3.1/../../../../arm-atollic-eabi/lib/armv7e-m/fpu\libm.a(lib_a-s_floor.o)
 .debug_frame   0x00001cf4       0x2c c:/program files/atollic/truestudio for arm 7.1.2/armtools/bin/../lib/gcc/arm-atollic-eabi/5.3.1/../../../../arm-atollic-eabi/lib/armv7e-m/fpu\libm.a(lib_a-s_scalbn.o)
 .debug_frame   0x00001d20       0x20 c:/program files/atollic/truestudio for arm 7.1.2/armtools/bin/../lib/gcc/arm-atollic-eabi/5.3.1/../../../../arm-atollic-eabi/lib/armv7e-m/fpu\libm.a(lib_a-s_copysign.o)
 .debug_frame   0x00001d40       0x2c c:/program files/atollic/truestudio for arm 7.1.2/armtools/bin/../lib/gcc/arm-atollic-eabi/5.3.1/armv7e-m/fpu\libgcc.a(_aeabi_uldivmod.o)
 .debug_frame   0x00001d6c       0x34 c:/program files/atollic/truestudio for arm 7.1.2/armtools/bin/../lib/gcc/arm-atollic-eabi/5.3.1/armv7e-m/fpu\libgcc.a(_udivmoddi4.o)
