ST7735.c:192:13:commandList	32	static
ST7735.c:215:13:commonInit	16	static
ST7735.c:233:6:lcd7735_initB	0	static
ST7735.c:239:6:lcd7735_initR	8	static
ST7735.c:262:6:lcd7735_setAddrWindow	24	static
ST7735.c:277:6:lcd7735_pushColor	8	static
ST7735.c:672:13:cursor_expose	24	static
ST7735.c:715:13:_putch	40	static
ST7735.c:694:13:cursor_nl	24	static
ST7735.c:702:13:cursor_fwd	0	static
ST7735.c:283:6:lcd7735_drawPixel	8	static
ST7735.c:292:6:lcd7735_fillRect	24	static
ST7735.c:313:6:lcd7735_drawFastVLine	16	static
ST7735.c:325:6:lcd7735_drawFastHLine	16	static
ST7735.c:337:6:lcd7735_drawFastLine	56	static
ST7735.c:380:6:lcd7735_drawRect	32	static
ST7735.c:387:6:lcd7735_drawCircle	56	static
ST7735.c:431:6:lcd7735_fillCircle	48	static
ST7735.c:442:6:lcd7735_drawBitmap	64	static
ST7735.c:484:6:lcd7735_drawBitmapRotate	104	static
ST7735.c:504:6:lcd7735_setFont	0	static
ST7735.c:512:6:printChar	64	static
ST7735.c:562:6:rotateChar	112	static
ST7735.c:595:6:lcd7735_print	40	static
ST7735.c:763:6:lcd7735_putc	8	static
ST7735.c:774:6:lcd7735_puts	16	static
ST7735.c:788:6:lcd7735_cursor_set	0	static
ST7735.c:802:6:lcd7735_fillScreen	16	static
ST7735.c:807:10:lcd7735_Color565	0	static
ST7735.c:811:6:lcd7735_setRotation	16	static
ST7735.c:745:6:lcd7735_init_screen	24	static
ST7735.c:842:6:lcd7735_invertDisplay	0	static
ST7735.c:847:6:lcd7735_lcdOff	0	static
ST7735.c:851:6:lcd7735_lcdOn	0	static
ST7735.c:855:9:lcd7735_getWidth	0	static
ST7735.c:858:9:lcd7735_getHeight	0	static
ST7735.c:862:6:lcd7735_setForeground	0	static
ST7735.c:866:6:lcd7735_setBackground	0	static
ST7735.c:870:6:lcd7735_setTransparent	0	static
