syscalls.c:53:6:initialise_monitor_handles	0	static
syscalls.c:57:5:_getpid	0	static
syscalls.c:63:5:_gettimeofday	0	static
syscalls.c:69:5:_kill	0	static
syscalls.c:75:6:_exit	0	static
syscalls.c:80:5:_write	8	static
syscalls.c:91:8:_sbrk	0	static
syscalls.c:107:5:_close	0	static
syscalls.c:114:5:_fstat	0	static
syscalls.c:120:5:_isatty	0	static
syscalls.c:126:5:_lseek	0	static
syscalls.c:132:5:_read	8	static
syscalls.c:138:5:_readlink	0	static
syscalls.c:144:5:_open	0	static
syscalls.c:150:5:_wait	0	static
syscalls.c:156:5:_unlink	0	static
syscalls.c:162:5:_times	0	static
syscalls.c:168:5:_stat	0	static
syscalls.c:174:5:_symlink	0	static
syscalls.c:180:5:_link	0	static
syscalls.c:186:5:_fork	0	static
syscalls.c:192:5:_execve	0	static
